Archive member included because of file (symbol)

/home/emb/avr/bin/../lib/gcc/avr32/4.4.3/ucr2/libgcc.a(_avr32_s32_to_f32.o)
                              ../../aleph/bees/menu.o (__avr32_s32_to_f32)
/home/emb/avr/bin/../lib/gcc/avr32/4.4.3/ucr2/libgcc.a(_avr32_f32_to_s32.o)
                              ../../aleph/bees/param.o (__avr32_f32_to_s32)
/home/emb/avr/bin/../lib/gcc/avr32/4.4.3/../../../../avr32/lib/ucr2/libc.a(lib_a-ctype_.o)
                              avr32/services/fs/fat/navigation.o (__ctype_ptr)
/home/emb/avr/bin/../lib/gcc/avr32/4.4.3/../../../../avr32/lib/ucr2/libc.a(lib_a-fclose.o)
                              ../../aleph/avr32_proto/src/scene.o (fclose)
/home/emb/avr/bin/../lib/gcc/avr32/4.4.3/../../../../avr32/lib/ucr2/libc.a(lib_a-fflush.o)
                              /home/emb/avr/bin/../lib/gcc/avr32/4.4.3/../../../../avr32/lib/ucr2/libc.a(lib_a-fclose.o) (_fflush_r)
/home/emb/avr/bin/../lib/gcc/avr32/4.4.3/../../../../avr32/lib/ucr2/libc.a(lib_a-findfp.o)
                              /home/emb/avr/bin/../lib/gcc/avr32/4.4.3/../../../../avr32/lib/ucr2/libc.a(lib_a-fclose.o) (__sfp_lock_acquire)
/home/emb/avr/bin/../lib/gcc/avr32/4.4.3/../../../../avr32/lib/ucr2/libc.a(lib_a-fopen.o)
                              ../../aleph/avr32_proto/src/scene.o (fopen)
/home/emb/avr/bin/../lib/gcc/avr32/4.4.3/../../../../avr32/lib/ucr2/libc.a(lib_a-fread.o)
                              ../../aleph/avr32_proto/src/scene.o (fread)
/home/emb/avr/bin/../lib/gcc/avr32/4.4.3/../../../../avr32/lib/ucr2/libc.a(lib_a-freer.o)
                              /home/emb/avr/bin/../lib/gcc/avr32/4.4.3/../../../../avr32/lib/ucr2/libc.a(lib_a-fclose.o) (_free_r)
/home/emb/avr/bin/../lib/gcc/avr32/4.4.3/../../../../avr32/lib/ucr2/libc.a(lib_a-fseek.o)
                              /home/emb/avr/bin/../lib/gcc/avr32/4.4.3/../../../../avr32/lib/ucr2/libc.a(lib_a-fopen.o) (_fseek_r)
/home/emb/avr/bin/../lib/gcc/avr32/4.4.3/../../../../avr32/lib/ucr2/libc.a(lib_a-fstatr.o)
                              /home/emb/avr/bin/../lib/gcc/avr32/4.4.3/../../../../avr32/lib/ucr2/libc.a(lib_a-fseek.o) (_fstat_r)
/home/emb/avr/bin/../lib/gcc/avr32/4.4.3/../../../../avr32/lib/ucr2/libc.a(lib_a-fwalk.o)
                              /home/emb/avr/bin/../lib/gcc/avr32/4.4.3/../../../../avr32/lib/ucr2/libc.a(lib_a-fflush.o) (_fwalk_reent)
/home/emb/avr/bin/../lib/gcc/avr32/4.4.3/../../../../avr32/lib/ucr2/libc.a(lib_a-impure.o)
                              /home/emb/avr/bin/../lib/gcc/avr32/4.4.3/../../../../avr32/lib/ucr2/libc.a(lib_a-fclose.o) (_impure_ptr)
/home/emb/avr/bin/../lib/gcc/avr32/4.4.3/../../../../avr32/lib/ucr2/libc.a(lib_a-makebuf.o)
                              /home/emb/avr/bin/../lib/gcc/avr32/4.4.3/../../../../avr32/lib/ucr2/libc.a(lib_a-fseek.o) (__smakebuf_r)
/home/emb/avr/bin/../lib/gcc/avr32/4.4.3/../../../../avr32/lib/ucr2/libc.a(lib_a-mallocr.o)
                              /home/emb/avr/bin/../lib/gcc/avr32/4.4.3/../../../../avr32/lib/ucr2/libc.a(lib_a-findfp.o) (_malloc_r)
/home/emb/avr/bin/../lib/gcc/avr32/4.4.3/../../../../avr32/lib/ucr2/libc.a(lib_a-memcmp.o)
                              avr32/services/fs/fat/fat_unusual.o (memcmp)
/home/emb/avr/bin/../lib/gcc/avr32/4.4.3/../../../../avr32/lib/ucr2/libc.a(lib_a-memcpy.o)
                              avr32/services/fs/fat/fat.o (memcpy)
/home/emb/avr/bin/../lib/gcc/avr32/4.4.3/../../../../avr32/lib/ucr2/libc.a(lib_a-memset.o)
                              avr32/services/fs/fat/fat.o (memset)
/home/emb/avr/bin/../lib/gcc/avr32/4.4.3/../../../../avr32/lib/ucr2/libc.a(lib_a-mlock.o)
                              /home/emb/avr/bin/../lib/gcc/avr32/4.4.3/../../../../avr32/lib/ucr2/libc.a(lib_a-freer.o) (__malloc_lock)
/home/emb/avr/bin/../lib/gcc/avr32/4.4.3/../../../../avr32/lib/ucr2/libc.a(lib_a-openr.o)
                              /home/emb/avr/bin/../lib/gcc/avr32/4.4.3/../../../../avr32/lib/ucr2/libc.a(lib_a-fopen.o) (_open_r)
/home/emb/avr/bin/../lib/gcc/avr32/4.4.3/../../../../avr32/lib/ucr2/libc.a(lib_a-printf.o)
                              ../../aleph/bees/net.o (printf)
/home/emb/avr/bin/../lib/gcc/avr32/4.4.3/../../../../avr32/lib/ucr2/libc.a(lib_a-reent.o)
                              /home/emb/avr/bin/../lib/gcc/avr32/4.4.3/../../../../avr32/lib/ucr2/libc.a(lib_a-fstatr.o) (errno)
/home/emb/avr/bin/../lib/gcc/avr32/4.4.3/../../../../avr32/lib/ucr2/libc.a(lib_a-refill.o)
                              /home/emb/avr/bin/../lib/gcc/avr32/4.4.3/../../../../avr32/lib/ucr2/libc.a(lib_a-fread.o) (__srefill_r)
/home/emb/avr/bin/../lib/gcc/avr32/4.4.3/../../../../avr32/lib/ucr2/libc.a(lib_a-sbrkr.o)
                              /home/emb/avr/bin/../lib/gcc/avr32/4.4.3/../../../../avr32/lib/ucr2/libc.a(lib_a-freer.o) (_sbrk_r)
/home/emb/avr/bin/../lib/gcc/avr32/4.4.3/../../../../avr32/lib/ucr2/libc.a(lib_a-snprintf.o)
                              ../../aleph/avr32_proto/src/scene.o (snprintf)
[...]
Memory Configuration

Name             Origin             Length             Attributes
FLASH            0x0000000080000000 0x0000000000080000 axrl !w
INTRAM           0x0000000000000004 0x000000000000fffc axw !rl
USERPAGE         0x0000000080800000 0x0000000000000200
*default*        0x0000000000000000 0xffffffffffffffff

Linker script and memory map

                0x0000000000001000                _stack_size = 0x1000
                0xffffffffffffffff                __max_heap_size__ = 0xffffffffffffffff
                [0xffffffffffffffff]                __heap_size__ = DEFINED (__heap_size__)?__heap_size__:__max_heap_size__
                [0x0000000000001000]                __stack_size__ = DEFINED (__stack_size__)?__stack_size__:0x1000
                0x0000000080000000                PROVIDE (__executable_start, 0x80000000)
                0x0000000080000000                . = 0x80000000

.interp
 *(.interp)

.reset          0x0000000080000000     0x2004
 *(.reset)
 .reset         0x0000000080000000     0x2004 avr32/utils/startup/trampoline_uc3.o
                                       0x2008 (size before relaxing)
                0x0000000080000000                _trampoline

.hash
 *(.hash)

.dynsym
 *(.dynsym)

.dynstr
 *(.dynstr)

.gnu.version
 *(.gnu.version)

.gnu.version_d
 *(.gnu.version_d)

.gnu.version_r
 *(.gnu.version_r)

.rel.init
 *(.rel.init)

.rela.init
 *(.rela.init)

.rel.text
 *(.rel.text .rel.text.* .rel.gnu.linkonce.t.*)

.rela.text
 *(.rela.text .rela.text.* .rela.gnu.linkonce.t.*)

.rel.fini
 *(.rel.fini)

.rela.fini
 *(.rela.fini)

.rel.rodata
 *(.rel.rodata .rel.rodata.* .rel.gnu.linkonce.r.*)

.rela.rodata
 *(.rela.rodata .rela.rodata.* .rela.gnu.linkonce.r.*)

.rel.data.rel.ro
 *(.rel.data.rel.ro*)

.rela.data.rel.ro
 *(.rel.data.rel.ro*)

.rel.data
 *(.rel.data .rel.data.* .rel.gnu.linkonce.d.*)

.rela.data
 *(.rela.data .rela.data.* .rela.gnu.linkonce.d.*)

.rel.tdata
 *(.rel.tdata .rel.tdata.* .rel.gnu.linkonce.td.*)

.rela.tdata
 *(.rela.tdata .rela.tdata.* .rela.gnu.linkonce.td.*)

.rel.tbss
 *(.rel.tbss .rel.tbss.* .rel.gnu.linkonce.tb.*)

.rela.tbss
 *(.rela.tbss .rela.tbss.* .rela.gnu.linkonce.tb.*)

.rel.ctors
 *(.rel.ctors)

.rela.ctors
 *(.rela.ctors)

.rel.dtors
 *(.rel.dtors)

.rela.dtors
 *(.rela.dtors)

.rel.got
 *(.rel.got)

.rela.got       0x0000000080002004        0x0
 *(.rela.got)
 .rela.got      0x0000000080002004        0x0 avr32/drivers/flashc/flashc.o

.rel.bss
 *(.rel.bss .rel.bss.* .rel.gnu.linkonce.b.*)

.rela.bss
 *(.rela.bss .rela.bss.* .rela.gnu.linkonce.b.*)

.rel.plt
 *(.rel.plt)

.rela.plt
 *(.rela.plt)

.init
 *(.init)

.plt
 *(.plt)

.text           0x0000000080002004     0x3008
 *(.text .stub .text.* .gnu.linkonce.t.*)
 .text.sdramc_init
                0x0000000080002004      0x20c avr32/drivers/ebi/sdramc/sdramc.o
                                        0x214 (size before relaxing)
                0x0000000080002004                sdramc_init
 .text.flashc_set_wait_state
                0x0000000080002210        0xe avr32/drivers/flashc/flashc.o
                0x0000000080002210                flashc_set_wait_state
 .text.gpio_enable_pin_pull_up
                0x000000008000221e       0x14 avr32/drivers/gpio/gpio.o
                0x000000008000221e                gpio_enable_pin_pull_up
 .text.gpio_get_pin_value
                0x0000000080002232       0x16 avr32/drivers/gpio/gpio.o
                0x0000000080002232                gpio_get_pin_value
 .text.gpio_set_gpio_pin
                0x0000000080002248       0x1a avr32/drivers/gpio/gpio.o
                0x0000000080002248                gpio_set_gpio_pin
 .text.gpio_clr_gpio_pin
                0x0000000080002262       0x1a avr32/drivers/gpio/gpio.o
                0x0000000080002262                gpio_clr_gpio_pin
 .text.gpio_tgl_gpio_pin
                0x000000008000227c       0x1a avr32/drivers/gpio/gpio.o
                0x000000008000227c                gpio_tgl_gpio_pin
 .text.gpio_enable_pin_interrupt
                0x0000000080002296       0x4a avr32/drivers/gpio/gpio.o
                0x0000000080002296                gpio_enable_pin_interrupt
 .text.gpio_get_pin_interrupt_flag
                0x00000000800022e0       0x18 avr32/drivers/gpio/gpio.o
                0x00000000800022e0                gpio_get_pin_interrupt_flag
 .text.gpio_clear_pin_interrupt_flag
                0x00000000800022f8       0x14 avr32/drivers/gpio/gpio.o
                0x00000000800022f8                gpio_clear_pin_interrupt_flag
 .text.gpio_enable_module
                0x000000008000230c       0x84 avr32/drivers/gpio/gpio.o
                0x000000008000230c                gpio_enable_module
 .text._unhandled_interrupt
                0x0000000080002390        0x2 avr32/drivers/intc/intc.o
 *fill*         0x0000000080002392        0x2 d703d703
 .text.INTC_register_interrupt
                0x0000000080002394       0x80 avr32/drivers/intc/intc.o
                                         0x88 (size before relaxing)
                0x0000000080002394                INTC_register_interrupt
 .text.INTC_init_interrupts
                0x0000000080002414       0x44 avr32/drivers/intc/intc.o
                                         0x4c (size before relaxing)
                0x0000000080002414                INTC_init_interrupts
 .text._get_interrupt_handler
                0x0000000080002458       0x34 avr32/drivers/intc/intc.o
                                         0x38 (size before relaxing)
                0x0000000080002458                _get_interrupt_handler
 .text.pdca_disable
                0x000000008000248c       0x1a avr32/drivers/pdca/pdca.o
                0x000000008000248c                pdca_disable
 .text.pdca_disable_interrupt_transfer_complete
                0x00000000800024a6       0x36 avr32/drivers/pdca/pdca.o
                0x00000000800024a6                pdca_disable_interrupt_transfer_complete
 .text.pdca_init_channel
                0x00000000800024dc       0x94 avr32/drivers/pdca/pdca.o
                0x00000000800024dc                pdca_init_channel
 .text.pm_pll_setup
                0x0000000080002570       0x22 avr32/drivers/pm/pm.o
                0x0000000080002570                pm_pll_setup
 .text.pm_pll_set_option
                0x0000000080002592       0x18 avr32/drivers/pm/pm.o
                0x0000000080002592                pm_pll_set_option
 .text.pm_pll_enable
                0x00000000800025aa        0xe avr32/drivers/pm/pm.o
                0x00000000800025aa                pm_pll_enable
 .text.pm_wait_for_pll0_locked
                0x00000000800025b8        0xa avr32/drivers/pm/pm.o
                0x00000000800025b8                pm_wait_for_pll0_locked
 .text.pm_switch_to_clock
                0x00000000800025c2        0xa avr32/drivers/pm/pm.o
                0x00000000800025c2                pm_switch_to_clock
 .text.pm_switch_to_osc0
                0x00000000800025cc       0x5a avr32/drivers/pm/pm.o
                0x00000000800025cc                pm_switch_to_osc0
 .text.getBaudDiv
                0x0000000080002626       0x28 avr32/drivers/spi/spi.o
                0x0000000080002626                getBaudDiv
 .text.spi_initMaster
                0x000000008000264e       0x3a avr32/drivers/spi/spi.o
                0x000000008000264e                spi_initMaster
 .text.spi_selectionMode
                0x0000000080002688       0x2a avr32/drivers/spi/spi.o
                0x0000000080002688                spi_selectionMode
 .text.spi_selectChip
                0x00000000800026b2       0x50 avr32/drivers/spi/spi.o
                0x00000000800026b2                spi_selectChip
 .text.spi_unselectChip
                0x0000000080002702       0x26 avr32/drivers/spi/spi.o
                0x0000000080002702                spi_unselectChip
 .text.spi_setupChipReg
                0x0000000080002728       0xac avr32/drivers/spi/spi.o
                                         0xb0 (size before relaxing)
                0x0000000080002728                spi_setupChipReg
 .text.spi_enable
                0x00000000800027d4        0x6 avr32/drivers/spi/spi.o
                0x00000000800027d4                spi_enable
 .text.spi_write
                0x00000000800027da       0x1c avr32/drivers/spi/spi.o
                0x00000000800027da                spi_write
 .text.spi_read
                0x00000000800027f6       0x22 avr32/drivers/spi/spi.o
                0x00000000800027f6                spi_read
 .text.tc_init_waveform
                0x0000000080002818       0x9e avr32/drivers/tc/tc.o
                0x0000000080002818                tc_init_waveform
 .text.tc_start
                0x00000000800028b6       0x12 avr32/drivers/tc/tc.o
                0x00000000800028b6                tc_start
 .text.tc_read_sr
                0x00000000800028c8       0x12 avr32/drivers/tc/tc.o
                0x00000000800028c8                tc_read_sr
 .text.tc_write_rc
                0x00000000800028da       0x38 avr32/drivers/tc/tc.o
                0x00000000800028da                tc_write_rc
 .text.tc_configure_interrupts
                0x0000000080002912      0x11e avr32/drivers/tc/tc.o
                0x0000000080002912                tc_configure_interrupts
 .text.usart_set_async_baudrate
                0x0000000080002a30       0x5e avr32/drivers/usart/usart.o
 .text.usart_spi_selectChip
                0x0000000080002a8e        0x8 avr32/drivers/usart/usart.o
                0x0000000080002a8e                usart_spi_selectChip
 .text.usart_spi_unselectChip
                0x0000000080002a96       0x1e avr32/drivers/usart/usart.o
                0x0000000080002a96                usart_spi_unselectChip
 .text.usart_putchar
                0x0000000080002ab4       0x1c avr32/drivers/usart/usart.o
                0x0000000080002ab4                usart_putchar
 .text.usart_write_line
                0x0000000080002ad0       0x2c avr32/drivers/usart/usart.o
                0x0000000080002ad0                usart_write_line
 .text.usart_init_spi_master
                0x0000000080002afc       0xce avr32/drivers/usart/usart.o
                0x0000000080002afc                usart_init_spi_master
 *fill*         0x0000000080002bca        0x2 d703d703
 .text.usart_init_rs232
                0x0000000080002bcc       0xe4 avr32/drivers/usart/usart.o
                                         0xec (size before relaxing)
                0x0000000080002bcc                usart_init_rs232
 .text.print_dbg
                0x0000000080002cb0        0xc avr32/utils/debug/print_funcs.o
                                         0x14 (size before relaxing)
                0x0000000080002cb0                print_dbg
 .text.sd_mmc_spi_get_capacity
                0x0000000080002cbc      0x114 avr32/components/memory/sd_mmc/sd_mmc_spi/sd_mmc_spi.o
                                        0x118 (size before relaxing)
                0x0000000080002cbc                sd_mmc_spi_get_capacity
 .text.sd_mmc_spi_read_close_PDCA
                0x0000000080002dd0       0x40 avr32/components/memory/sd_mmc/sd_mmc_spi/sd_mmc_spi.o
                                         0x48 (size before relaxing)
                0x0000000080002dd0                sd_mmc_spi_read_close_PDCA
 .text.sd_mmc_spi_wait_not_busy
                0x0000000080002e10       0x68 avr32/components/memory/sd_mmc/sd_mmc_spi/sd_mmc_spi.o
                                         0x7c (size before relaxing)
                0x0000000080002e10                sd_mmc_spi_wait_not_busy
 .text.sd_mmc_spi_command
                0x0000000080002e78      0x298 avr32/components/memory/sd_mmc/sd_mmc_spi/sd_mmc_spi.o
                                        0x2a4 (size before relaxing)
                0x0000000080002e78                sd_mmc_spi_command
 .text.sd_mmc_spi_check_hc
                0x0000000080003110       0xe0 avr32/components/memory/sd_mmc/sd_mmc_spi/sd_mmc_spi.o
                                         0xfc (size before relaxing)
                0x0000000080003110                sd_mmc_spi_check_hc
 .text.sd_mmc_spi_get_if
                0x00000000800031f0      0x110 avr32/components/memory/sd_mmc/sd_mmc_spi/sd_mmc_spi.o
                                        0x12c (size before relaxing)
                0x00000000800031f0                sd_mmc_spi_get_if
 .text.sd_mmc_spi_internal_init
                0x0000000080003300      0x794 avr32/components/memory/sd_mmc/sd_mmc_spi/sd_mmc_spi.o
                                        0x7d0 (size before relaxing)
                0x0000000080003300                sd_mmc_spi_internal_init
 .text.sd_mmc_spi_init
                0x0000000080003a94       0x2c avr32/components/memory/sd_mmc/sd_mmc_spi/sd_mmc_spi.o
                                         0x34 (size before relaxing)
                0x0000000080003a94                sd_mmc_spi_init
 .text.init_adc
                0x0000000080003ac0       0x64 ../../aleph/avr32_proto/src/adc.o
                                         0x70 (size before relaxing)
                0x0000000080003ac0                init_adc
 .text.adc_poll
                0x0000000080003b24      0x174 ../../aleph/avr32_proto/src/adc.o
                                        0x18c (size before relaxing)
                0x0000000080003b24                adc_poll
 .text.init_app_timers
                0x0000000080003c98       0x50 ../../aleph/avr32_proto/src/app_timers.o
                                         0x64 (size before relaxing)
                0x0000000080003c98                init_app_timers
 .text.heartbeat_callback
                0x0000000080003ce8        0xc ../../aleph/avr32_proto/src/app_timers.o
                                         0x10 (size before relaxing)
 .text.adc_timer_callback
                0x0000000080003cf4        0x8 ../../aleph/avr32_proto/src/app_timers.o
                                          0xc (size before relaxing)
 .text.enc_timer_callback
                0x0000000080003cfc       0x64 ../../aleph/avr32_proto/src/app_timers.o
                                         0x70 (size before relaxing)
 .text.screen_timer_callback
                0x0000000080003d60       0x1c ../../aleph/avr32_proto/src/app_timers.o
                                         0x24 (size before relaxing)
 .text.init_events
                0x0000000080003d7c       0x24 ../../aleph/avr32_proto/src/events.o
                                         0x2c (size before relaxing)
                0x0000000080003d7c                init_events
 .text.post_event
                0x0000000080003da0       0x50 ../../aleph/avr32_proto/src/events.o
                                         0x54 (size before relaxing)
                0x0000000080003da0                post_event
 .text.get_next_event
                0x0000000080003df0       0x58 ../../aleph/avr32_proto/src/events.o
                                         0x60 (size before relaxing)
                0x0000000080003df0                get_next_event
 .text.process_enc
                0x0000000080003e48       0x4c ../../aleph/avr32_proto/src/encoders.o
                                         0x54 (size before relaxing)
                0x0000000080003e48                process_enc
 .text.init_encoders
                0x0000000080003e94       0xbc ../../aleph/avr32_proto/src/encoders.o
                                         0xc4 (size before relaxing)
                0x0000000080003e94                init_encoders
 .text.init_clocks
                0x0000000080003f50       0x60 ../../aleph/avr32_proto/src/init.o
                                         0x7c (size before relaxing)
                0x0000000080003f50                init_clocks
 .text.init_bfin_resources
                0x0000000080003fb0       0xa8 ../../aleph/avr32_proto/src/init.o
                                         0xc4 (size before relaxing)
                0x0000000080003fb0                init_bfin_resources
 .text.init_gpio
                0x0000000080004058       0x4c ../../aleph/avr32_proto/src/init.o
                                         0x50 (size before relaxing)
                0x0000000080004058                init_gpio
 .text.init_local_pdca
                0x00000000800040a4       0x58 ../../aleph/avr32_proto/src/init.o
                                         0x60 (size before relaxing)
                0x00000000800040a4                init_local_pdca
 .text.init_sd_mmc_resources
                0x00000000800040fc       0x6c ../../aleph/avr32_proto/src/init.o
                                         0x84 (size before relaxing)
                0x00000000800040fc                init_sd_mmc_resources
 .text.init_tc  0x0000000080004168       0x34 ../../aleph/avr32_proto/src/init.o
                                         0x48 (size before relaxing)
                0x0000000080004168                init_tc
 .text.init_oled_usart
                0x000000008000419c       0x24 ../../aleph/avr32_proto/src/init.o
                                         0x30 (size before relaxing)
                0x000000008000419c                init_oled_usart
 .text.init_dbg_usart
                0x00000000800041c0       0x24 ../../aleph/avr32_proto/src/init.o
                                         0x30 (size before relaxing)
                0x00000000800041c0                init_dbg_usart
 .text.register_interrupts
                0x00000000800041e4       0xc0 ../../aleph/avr32_proto/src/interrupts.o
                                         0xd4 (size before relaxing)
                0x00000000800041e4                register_interrupts
 .text.irq_tc   0x00000000800042a4       0x64 ../../aleph/avr32_proto/src/interrupts.o
                                         0x6c (size before relaxing)
 .text.irq_pdca
                0x0000000080004308       0x50 ../../aleph/avr32_proto/src/interrupts.o
                                         0x5c (size before relaxing)
 .text.irq_port1_line1
                0x0000000080004358       0x30 ../../aleph/avr32_proto/src/interrupts.o
                                         0x3c (size before relaxing)
 .text.irq_port1_line0
                0x0000000080004388       0x88 ../../aleph/avr32_proto/src/interrupts.o
                                         0x94 (size before relaxing)
 .text.irq_port0_line3
                0x0000000080004410       0x74 ../../aleph/avr32_proto/src/interrupts.o
                                         0x80 (size before relaxing)
 .text.irq_port0_line0
                0x0000000080004484       0x20 ../../aleph/avr32_proto/src/interrupts.o
                                         0x30 (size before relaxing)
 .text.main     0x00000000800044a4       0xbc ../../aleph/avr32_proto_test/src/main.o
                                        0x134 (size before relaxing)
                0x00000000800044a4                main
 .text.init_mem
                0x0000000080004560       0x28 ../../aleph/avr32_proto/src/memory.o
                                         0x30 (size before relaxing)
                0x0000000080004560                init_mem
 .text.write_command
                0x0000000080004588       0x2c ../../aleph/avr32_proto/src/screen.o
                                         0x3c (size before relaxing)
 .text.screen_refresh
                0x00000000800045b4       0x38 ../../aleph/avr32_proto/src/screen.o
                                         0x48 (size before relaxing)
                0x00000000800045b4                screen_refresh
 .text.screen_test_fill
                0x00000000800045ec      0x12c ../../aleph/avr32_proto/src/screen.o
                                        0x13c (size before relaxing)
                0x00000000800045ec                screen_test_fill
 .text.init_oled
                0x0000000080004718      0x5b4 ../../aleph/avr32_proto/src/screen.o
                                        0x5e8 (size before relaxing)
                0x0000000080004718                init_oled
 .text.process_sw
                0x0000000080004ccc       0x30 ../../aleph/avr32_proto/src/switches.o
                                         0x3c (size before relaxing)
                0x0000000080004ccc                process_sw
 .text.process_timers
                0x0000000080004cfc      0x18c ../../aleph/avr32_proto/src/timers.o
                                        0x190 (size before relaxing)
                0x0000000080004cfc                process_timers
 .text.set_timer
                0x0000000080004e88      0x148 ../../aleph/avr32_proto/src/timers.o
                0x0000000080004e88                set_timer
 .text._stext   0x0000000080004fd0       0x3c avr32/utils/startup/startup_uc3.o
                                         0x50 (size before relaxing)
                0x0000000080004fd0                _stext
 *(.text.*personality*)
 *(.gnu.warning)

.exception      0x0000000080005200      0x200
 .exception     0x0000000080005200      0x200 avr32/drivers/intc/exception.o
                0x0000000080005200                _evba
                0x0000000080005304                _int0
                0x0000000080005312                _int1
                0x0000000080005320                _int2
                0x000000008000532e                _int3

.fini
 *(.fini)
                0x0000000080005400                PROVIDE (__etext, .)
                0x0000000080005400                PROVIDE (_etext, .)
                0x0000000080005400                PROVIDE (etext, .)

.rodata         0x0000000080005400      0x904
 *(.rodata .rodata.* .gnu.linkonce.r.*)
 .rodata.SDRAMC_EBI_GPIO_MAP.10494
                0x0000000080005400       0x4e avr32/drivers/ebi/sdramc/sdramc.o
 *fill*         0x000000008000544e        0x2 00
 .rodata._int_handler_table
                0x0000000080005450       0xa0 avr32/drivers/intc/intc.o
 .rodata.enc_map
                0x00000000800054f0       0x10 ../../aleph/avr32_proto/src/encoders.o
 .rodata.dummy_data
                0x0000000080005500      0x404 ../../aleph/avr32_proto/src/init.o
                0x0000000080005500                dummy_data
 .rodata.C.64.12048
                0x0000000080005904       0x10 ../../aleph/avr32_proto/src/init.o
 .rodata.USART_SPI_OPTIONS.12030
                0x0000000080005914        0x8 ../../aleph/avr32_proto/src/init.o
 .rodata.C.67.12061
                0x000000008000591c       0x10 ../../aleph/avr32_proto/src/init.o
 .rodata.tc_interrupt.12042
                0x000000008000592c        0x4 ../../aleph/avr32_proto/src/init.o
 .rodata.waveform_opt.12041
                0x0000000080005930        0x8 ../../aleph/avr32_proto/src/init.o
 .rodata.C.65.12054
                0x0000000080005938       0x18 ../../aleph/avr32_proto/src/init.o
 .rodata.USART_SPI_GPIO_MAP.12029
                0x0000000080005950        0x8 ../../aleph/avr32_proto/src/init.o
 .rodata.DBG_USART_OPTIONS.12025
                0x0000000080005958        0xc ../../aleph/avr32_proto/src/init.o
 .rodata.BFIN_SPI_GPIO_MAP.12059
                0x0000000080005964        0xa ../../aleph/avr32_proto/src/init.o
 *fill*         0x000000008000596e        0x2 00
 .rodata.C.66.12055
                0x0000000080005970       0x18 ../../aleph/avr32_proto/src/init.o
 .rodata.DBG_USART_GPIO_MAP.12024
                0x0000000080005988        0x4 ../../aleph/avr32_proto/src/init.o
 .rodata.SD_MMC_SPI_GPIO_MAP.12046
                0x000000008000598c        0x8 ../../aleph/avr32_proto/src/init.o
 .rodata.str1.4
                0x0000000080005994       0x44 ../../aleph/avr32_proto_test/src/main.o
 .rodata.kSwitchEvents
                0x00000000800059d8       0x28 ../../aleph/avr32_proto/src/switches.o
 .rodata.kSwitchPins
                0x0000000080005a00        0x8 ../../aleph/avr32_proto/src/switches.o
 .rodata.font_data
                0x0000000080005a08      0x2f8 ../../aleph/common/font.o
                0x0000000080005a08                font_data
 .rodata.font_nglyphs
                0x0000000080005d00        0x4 ../../aleph/common/font.o
                0x0000000080005d00                font_nglyphs

.rodata1
 *(.rodata1)

.eh_frame_hdr
 *(.eh_frame_hdr)

.eh_frame
 *(.eh_frame)

.gcc_except_table
 *(.gcc_except_table)
 *(.gcc_except_table.*)

.lalign         0x0000000080005d04        0x4
                0x0000000080005d08                . = ALIGN (0x8)
 *fill*         0x0000000080005d04        0x4 00
                0x0000000080005d08                PROVIDE (_data_lma, .)
                0x0000000000000004                . = ORIGIN (INTRAM)

.dalign         0x0000000000000004        0x4
                0x0000000000000008                . = ALIGN (0x8)
 *fill*         0x0000000000000004        0x4 00
                0x0000000000000008                PROVIDE (_data, .)

.eh_frame
 *(.eh_frame)

.gcc_except_table
 *(.gcc_except_table)
 *(.gcc_except_table.*)

.tdata
 *(.tdata .tdata.* .gnu.linkonce.td.*)

.tbss
 *(.tbss .tbss.* .gnu.linkonce.tb.*)
 *(.tcommon)
                0x0000000000000008                PROVIDE (__preinit_array_start, ALIGN (0x4))

.preinit_array
 *(.preinit_array)
                0x0000000000000008                PROVIDE (__preinit_array_end, .)
                0x0000000000000008                PROVIDE (__init_array_start, .)

.init_array
 *(.init_array)
                0x0000000000000008                PROVIDE (__init_array_end, .)
                0x0000000000000008                PROVIDE (__fini_array_start, .)

.fini_array
 *(.fini_array)
                0x0000000000000008                PROVIDE (__fini_array_end, .)

.ctors
 *crtbegin*.o(.ctors)
 *(EXCLUDE_FILE(*crtend*.o) .ctors)
 *(SORT(.ctors.*))
 *(.ctors)

.dtors
 *crtbegin*.o(.dtors)
 *(EXCLUDE_FILE(*crtend*.o) .dtors)
 *(SORT(.dtors.*))
 *(.dtors)

.jcr
 *(.jcr)

.data.rel.ro
 *(.data.rel.ro.local)
 *(.data.rel.ro*)

.dynamic
 *(.dynamic)

.got
 *(.got.plt)
 *(.got)

.ramtext
 *(.ramtext .ramtext.*)

.ddalign        0x0000000000000008        0x0 load address 0x0000000080005d08
                0x0000000000000008                . = ALIGN (0x8)

.data
 *(.data .data.* .gnu.linkonce.d.*)
 *(.gnu.linkonce.d.*personality*)

.data1
 *(.data1)

.balign         0x0000000000000008        0x0 load address 0x0000000080005d08
                0x0000000000000008                . = ALIGN (0x8)
                0x0000000000000008                PROVIDE (_edata, .)
                0x0000000000000008                PROVIDE (edata, .)
                0x0000000000000008                __bss_start = .

.bss            0x0000000000000008     0x1928
 *(.dynbss)
 *(.bss .bss.* .gnu.linkonce.b.*)
 .bss._int_line_handler_table_6
                0x0000000000000008        0x4 avr32/drivers/intc/intc.o
 .bss._int_line_handler_table_7
                0x000000000000000c        0x4 avr32/drivers/intc/intc.o
 .bss._int_line_handler_table_8
                0x0000000000000010        0x4 avr32/drivers/intc/intc.o
 .bss._int_line_handler_table_9
                0x0000000000000014        0x4 avr32/drivers/intc/intc.o
 .bss._int_line_handler_table_10
                0x0000000000000018        0x4 avr32/drivers/intc/intc.o
 .bss._int_line_handler_table_11
                0x000000000000001c        0x4 avr32/drivers/intc/intc.o
 .bss._int_line_handler_table_12
                0x0000000000000020        0x4 avr32/drivers/intc/intc.o
 .bss._int_line_handler_table_13
                0x0000000000000024        0x4 avr32/drivers/intc/intc.o
 .bss._int_line_handler_table_14
                0x0000000000000028        0xc avr32/drivers/intc/intc.o
 .bss._int_line_handler_table_15
                0x0000000000000034        0x4 avr32/drivers/intc/intc.o
 .bss._int_line_handler_table_16
                0x0000000000000038        0x4 avr32/drivers/intc/intc.o
 .bss._int_line_handler_table_17
                0x000000000000003c        0x4 avr32/drivers/intc/intc.o
 .bss._int_line_handler_table_18
                0x0000000000000040        0x4 avr32/drivers/intc/intc.o
 .bss._int_line_handler_table_19
                0x0000000000000044        0x4 avr32/drivers/intc/intc.o
 .bss._int_line_handler_table_0
                0x0000000000000048        0x4 avr32/drivers/intc/intc.o
 .bss._int_line_handler_table_1
                0x000000000000004c       0x2c avr32/drivers/intc/intc.o
 .bss._int_line_handler_table_2
                0x0000000000000078       0x38 avr32/drivers/intc/intc.o
 .bss._int_line_handler_table_3
                0x00000000000000b0       0x3c avr32/drivers/intc/intc.o
 .bss._int_line_handler_table_4
                0x00000000000000ec        0x4 avr32/drivers/intc/intc.o
 .bss._int_line_handler_table_5
                0x00000000000000f0        0x4 avr32/drivers/intc/intc.o
 .bss.sd_mmc_opt
                0x00000000000000f4       0x10 avr32/components/memory/sd_mmc/sd_mmc_spi/sd_mmc_spi.o
 .bss.sd_mmc_pba_hz
                0x0000000000000104        0x4 avr32/components/memory/sd_mmc/sd_mmc_spi/sd_mmc_spi.o
 .bss.sd_mmc_spi_init_done
                0x0000000000000108        0x1 avr32/components/memory/sd_mmc/sd_mmc_spi/sd_mmc_spi.o
                0x0000000000000108                sd_mmc_spi_init_done
 *fill*         0x0000000000000109        0x3 00
 .bss.adcOldVal.10766
                0x000000000000010c        0x8 ../../aleph/avr32_proto/src/adc.o
 .bss.e.10767   0x0000000000000114        0x8 ../../aleph/avr32_proto/src/adc.o
 .bss.adcVal.10765
                0x000000000000011c        0x8 ../../aleph/avr32_proto/src/adc.o
 .bss.i         0x0000000000000124        0x1 ../../aleph/avr32_proto/src/app_timers.o
 *fill*         0x0000000000000125        0x3 00
 .bss.adcTimer  0x0000000000000128       0x14 ../../aleph/avr32_proto/src/app_timers.o
 .bss.screenTimer
                0x000000000000013c       0x14 ../../aleph/avr32_proto/src/app_timers.o
 .bss.heartbeatTimer
                0x0000000000000150       0x14 ../../aleph/avr32_proto/src/app_timers.o
 .bss.encTimer  0x0000000000000164       0x14 ../../aleph/avr32_proto/src/app_timers.o
 .bss.e         0x0000000000000178        0x8 ../../aleph/avr32_proto/src/app_timers.o
 .bss.hwait     0x0000000000000180        0x1 ../../aleph/avr32_proto/src/bfin.o
                0x0000000000000180                hwait
 *fill*         0x0000000000000181        0x3 00
 .bss.putIdx    0x0000000000000184        0x4 ../../aleph/avr32_proto/src/events.o
 .bss.getIdx    0x0000000000000188        0x4 ../../aleph/avr32_proto/src/events.o
 .bss.sysEvents
                0x000000000000018c      0x100 ../../aleph/avr32_proto/src/events.o
 .bss.refresh   0x000000000000028c        0x1 ../../aleph/avr32_proto/src/interrupts.o
                0x000000000000028c                refresh
 .bss.tcOverflow
                0x000000000000028d        0x1 ../../aleph/avr32_proto/src/interrupts.o
                0x000000000000028d                tcOverflow
 *fill*         0x000000000000028e        0x2 00
 .bss.tcTicks   0x0000000000000290        0x8 ../../aleph/avr32_proto/src/interrupts.o
                0x0000000000000290                tcTicks
 .bss.e.13463   0x0000000000000298        0x8 ../../aleph/avr32_proto_test/src/main.o
 .bss.pHeapStart
                0x00000000000002a0        0x4 ../../aleph/avr32_proto/src/memory.o
 .bss.heapOffset
                0x00000000000002a4        0x4 ../../aleph/avr32_proto/src/memory.o
 .bss.heapSize  0x00000000000002a8        0x4 ../../aleph/avr32_proto/src/memory.o
 .bss.pHeapEnd  0x00000000000002ac        0x4 ../../aleph/avr32_proto/src/memory.o
 .bss.y.12193   0x00000000000002b0        0x1 ../../aleph/avr32_proto/src/screen.o
 *fill*         0x00000000000002b1        0x3 00
 .bss.g.12196   0x00000000000002b4        0x4 ../../aleph/avr32_proto/src/screen.o
 .bss.pos.12103
                0x00000000000002b8        0x4 ../../aleph/avr32_proto/src/screen.o
 .bss.xnum.12195
                0x00000000000002bc        0x1 ../../aleph/avr32_proto/src/screen.o
 .bss.x.12194   0x00000000000002bd        0x1 ../../aleph/avr32_proto/src/screen.o
 *fill*         0x00000000000002be        0x2 00
 .bss.screen    0x00000000000002c0     0x1000 ../../aleph/avr32_proto/src/screen.o
 .bss.timers    0x00000000000012c0       0x20 ../../aleph/avr32_proto/src/timers.o
 *(COMMON)
 COMMON         0x00000000000012e0      0x229 avr32/components/memory/sd_mmc/sd_mmc_spi/sd_mmc_spi.o
                0x00000000000012e0                data_mem
                0x00000000000014e4                capacity
                0x00000000000014ec                capacity_mult
                0x00000000000014ee                erase_group_size
                0x00000000000014f0                sd_mmc_spi_last_block_address
                0x00000000000014f4                r2
                0x00000000000014f6                card_type
                0x00000000000014f8                csd
                0x0000000000001508                r1
 *fill*         0x0000000000001509        0x3 00
 COMMON         0x000000000000150c       0x30 ../../aleph/avr32_proto/src/encoders.o
                0x000000000000150c                enc
 COMMON         0x000000000000153c      0x3f0 ../../aleph/avr32_proto/src/init.o
                0x000000000000153c                pdca_channeltx
                0x0000000000001540                pdca_channelrx
                0x0000000000001544                ram_buffer
 COMMON         0x000000000000192c        0x1 ../../aleph/avr32_proto/src/interrupts.o
                0x000000000000192c                end_of_transfer
                0x0000000000001930                . = ALIGN (0x8)
 *fill*         0x000000000000192d        0x3 00
                0x0000000000001930                . = ALIGN (0x8)
                0x0000000000001930                _end = .
                0x0000000000001930                PROVIDE (end, .)
                0x0000000000001930                __heap_start__ = ALIGN (0x8)

.heap           0x0000000000001930     0xd6d0
 *(.heap)
                0x000000000000d6d0                . = (__heap_size__ == __max_heap_size__)?(((ORIGIN (INTRAM) + 0xfffc) - __stack_size__) - ABSOLUTE (.)):__heap_size__
 *fill*         0x0000000000001930     0xd6d0 00
                0x000000000000f000                __heap_end__ = .

.stab
 *(.stab)

.stabstr
 *(.stabstr)

.stab.excl
 *(.stab.excl)

.stab.exclstr
 *(.stab.exclstr)

.stab.index
 *(.stab.index)

.stab.indexstr
 *(.stab.indexstr)

.comment        0x0000000000000000       0x30
 *(.comment)
 .comment       0x0000000000000000       0x30 avr32/drivers/ebi/sdramc/sdramc.o
                                         0x31 (size before relaxing)
 .comment       0x0000000000000000       0x31 avr32/drivers/flashc/flashc.o
 .comment       0x0000000000000000       0x31 avr32/drivers/gpio/gpio.o
 .comment       0x0000000000000000       0x31 avr32/drivers/intc/intc.o
 .comment       0x0000000000000000       0x31 avr32/drivers/pdca/pdca.o
 .comment       0x0000000000000000       0x31 avr32/drivers/pm/pm.o
 .comment       0x0000000000000000       0x31 avr32/drivers/spi/spi.o
 .comment       0x0000000000000000       0x31 avr32/drivers/tc/tc.o
 .comment       0x0000000000000000       0x31 avr32/drivers/usart/usart.o
 .comment       0x0000000000000000       0x31 avr32/utils/debug/print_funcs.o
 .comment       0x0000000000000000       0x31 avr32/components/memory/sd_mmc/sd_mmc_spi/sd_mmc_spi.o
 .comment       0x0000000000000000       0x31 ../../aleph/avr32_proto/src/adc.o
 .comment       0x0000000000000000       0x31 ../../aleph/avr32_proto/src/app_timers.o
 .comment       0x0000000000000000       0x31 ../../aleph/avr32_proto/src/bfin.o
 .comment       0x0000000000000000       0x31 ../../aleph/avr32_proto/src/events.o
 .comment       0x0000000000000000       0x31 ../../aleph/avr32_proto/src/encoders.o
 .comment       0x0000000000000000       0x31 ../../aleph/avr32_proto/src/init.o
 .comment       0x0000000000000000       0x31 ../../aleph/avr32_proto/src/interrupts.o
 .comment       0x0000000000000000       0x31 ../../aleph/avr32_proto_test/src/main.o
 .comment       0x0000000000000000       0x31 ../../aleph/avr32_proto/src/memory.o
 .comment       0x0000000000000000       0x31 ../../aleph/avr32_proto/src/screen.o
 .comment       0x0000000000000000       0x31 ../../aleph/avr32_proto/src/switches.o
 .comment       0x0000000000000000       0x31 ../../aleph/avr32_proto/src/timers.o
 .comment       0x0000000000000000       0x31 ../../aleph/common/font.o

.debug
 *(.debug)

.line
 *(.line)

.debug_srcinfo
 *(.debug_srcinfo)

.debug_sfnames
 *(.debug_sfnames)

.debug_aranges  0x0000000000000000      0xc28
 *(.debug_aranges)
 .debug_aranges
                0x0000000000000000       0x30 avr32/drivers/ebi/sdramc/sdramc.o
 .debug_aranges
                0x0000000000000030      0x218 avr32/drivers/flashc/flashc.o
 .debug_aranges
                0x0000000000000248      0x100 avr32/drivers/gpio/gpio.o
 .debug_aranges
                0x0000000000000348       0x38 avr32/drivers/intc/intc.o
 .debug_aranges
                0x0000000000000380       0xa8 avr32/drivers/pdca/pdca.o
 .debug_aranges
                0x0000000000000428      0x178 avr32/drivers/pm/pm.o
 .debug_aranges
                0x00000000000005a0       0xa8 avr32/drivers/spi/spi.o
 .debug_aranges
                0x0000000000000648       0xa8 avr32/drivers/tc/tc.o
 .debug_aranges
                0x00000000000006f0       0xd8 avr32/drivers/usart/usart.o
 .debug_aranges
                0x00000000000007c8       0x88 avr32/utils/debug/print_funcs.o
 .debug_aranges
                0x0000000000000850       0xf8 avr32/components/memory/sd_mmc/sd_mmc_spi/sd_mmc_spi.o
 .debug_aranges
                0x0000000000000948       0x28 ../../aleph/avr32_proto/src/adc.o
 .debug_aranges
                0x0000000000000970       0x40 ../../aleph/avr32_proto/src/app_timers.o
 .debug_aranges
                0x00000000000009b0       0x40 ../../aleph/avr32_proto/src/bfin.o
 .debug_aranges
                0x00000000000009f0       0x30 ../../aleph/avr32_proto/src/events.o
 .debug_aranges
                0x0000000000000a20       0x28 ../../aleph/avr32_proto/src/encoders.o
 .debug_aranges
                0x0000000000000a48       0x58 ../../aleph/avr32_proto/src/init.o
 .debug_aranges
                0x0000000000000aa0       0x50 ../../aleph/avr32_proto/src/interrupts.o
 .debug_aranges
                0x0000000000000af0       0x20 ../../aleph/avr32_proto_test/src/main.o
 .debug_aranges
                0x0000000000000b10       0x28 ../../aleph/avr32_proto/src/memory.o
 .debug_aranges
                0x0000000000000b38       0x98 ../../aleph/avr32_proto/src/screen.o
 .debug_aranges
                0x0000000000000bd0       0x20 ../../aleph/avr32_proto/src/switches.o
 .debug_aranges
                0x0000000000000bf0       0x38 ../../aleph/avr32_proto/src/timers.o

.debug_pubnames
                0x0000000000000000     0x2033
 *(.debug_pubnames)
 .debug_pubnames
                0x0000000000000000       0x5b avr32/drivers/ebi/sdramc/sdramc.o
 .debug_pubnames
                0x000000000000005b      0x771 avr32/drivers/flashc/flashc.o
 .debug_pubnames
                0x00000000000007cc      0x330 avr32/drivers/gpio/gpio.o
 .debug_pubnames
                0x0000000000000afc       0x62 avr32/drivers/intc/intc.o
 .debug_pubnames
                0x0000000000000b5e      0x238 avr32/drivers/pdca/pdca.o
 .debug_pubnames
                0x0000000000000d96      0x3ee avr32/drivers/pm/pm.o
 .debug_pubnames
                0x0000000000001184      0x178 avr32/drivers/spi/spi.o
 .debug_pubnames
                0x00000000000012fc      0x164 avr32/drivers/tc/tc.o
 .debug_pubnames
                0x0000000000001460      0x227 avr32/drivers/usart/usart.o
 .debug_pubnames
                0x0000000000001687      0x10f avr32/utils/debug/print_funcs.o
 .debug_pubnames
                0x0000000000001796      0x3b1 avr32/components/memory/sd_mmc/sd_mmc_spi/sd_mmc_spi.o
 .debug_pubnames
                0x0000000000001b47       0x2c ../../aleph/avr32_proto/src/adc.o
 .debug_pubnames
                0x0000000000001b73       0x26 ../../aleph/avr32_proto/src/app_timers.o
 .debug_pubnames
                0x0000000000001b99       0x86 ../../aleph/avr32_proto/src/bfin.o
 .debug_pubnames
                0x0000000000001c1f       0x44 ../../aleph/avr32_proto/src/events.o
 .debug_pubnames
                0x0000000000001c63       0x3c ../../aleph/avr32_proto/src/encoders.o
 .debug_pubnames
                0x0000000000001c9f       0xed ../../aleph/avr32_proto/src/init.o
 .debug_pubnames
                0x0000000000001d8c       0x65 ../../aleph/avr32_proto/src/interrupts.o
 .debug_pubnames
                0x0000000000001df1       0x29 ../../aleph/avr32_proto_test/src/main.o
 .debug_pubnames
                0x0000000000001e1a       0x2d ../../aleph/avr32_proto/src/memory.o
 .debug_pubnames
                0x0000000000001e47      0x148 ../../aleph/avr32_proto/src/screen.o
 .debug_pubnames
                0x0000000000001f8f       0x21 ../../aleph/avr32_proto/src/switches.o
 .debug_pubnames
                0x0000000000001fb0       0x52 ../../aleph/avr32_proto/src/timers.o
 .debug_pubnames
                0x0000000000002002       0x31 ../../aleph/common/font.o

.debug_info     0x0000000000000000    0x1a21c
 *(.debug_info .gnu.linkonce.wi.*)
 .debug_info    0x0000000000000000      0xca8 avr32/drivers/ebi/sdramc/sdramc.o
 .debug_info    0x0000000000000ca8     0x36eb avr32/drivers/flashc/flashc.o
 .debug_info    0x0000000000004393      0xb8f avr32/drivers/gpio/gpio.o
 .debug_info    0x0000000000004f22      0x5ae avr32/drivers/intc/intc.o
 .debug_info    0x00000000000054d0      0xd5b avr32/drivers/pdca/pdca.o
 .debug_info    0x000000000000622b     0x1d71 avr32/drivers/pm/pm.o
 .debug_info    0x0000000000007f9c     0x1081 avr32/drivers/spi/spi.o
 .debug_info    0x000000000000901d     0x117d avr32/drivers/tc/tc.o
 .debug_info    0x000000000000a19a     0x241b avr32/drivers/usart/usart.o
 .debug_info    0x000000000000c5b5     0x197b avr32/utils/debug/print_funcs.o
 .debug_info    0x000000000000df30     0x18b7 avr32/components/memory/sd_mmc/sd_mmc_spi/sd_mmc_spi.o
 .debug_info    0x000000000000f7e7      0xcc5 ../../aleph/avr32_proto/src/adc.o
 .debug_info    0x00000000000104ac      0x427 ../../aleph/avr32_proto/src/app_timers.o
 .debug_info    0x00000000000108d3      0xe91 ../../aleph/avr32_proto/src/bfin.o
 .debug_info    0x0000000000011764      0x223 ../../aleph/avr32_proto/src/events.o
 .debug_info    0x0000000000011987      0x27b ../../aleph/avr32_proto/src/encoders.o
 .debug_info    0x0000000000011c02     0x3da7 ../../aleph/avr32_proto/src/init.o
 .debug_info    0x00000000000159a9      0xb66 ../../aleph/avr32_proto/src/interrupts.o
 .debug_info    0x000000000001650f      0xd00 ../../aleph/avr32_proto_test/src/main.o
 .debug_info    0x000000000001720f      0x16d ../../aleph/avr32_proto/src/memory.o
 .debug_info    0x000000000001737c     0x27de ../../aleph/avr32_proto/src/screen.o
 .debug_info    0x0000000000019b5a      0x21c ../../aleph/avr32_proto/src/switches.o
 .debug_info    0x0000000000019d76      0x35c ../../aleph/avr32_proto/src/timers.o
 .debug_info    0x000000000001a0d2      0x14a ../../aleph/common/font.o

.debug_abbrev   0x0000000000000000     0x354a
 *(.debug_abbrev)
 .debug_abbrev  0x0000000000000000      0x222 avr32/drivers/ebi/sdramc/sdramc.o
 .debug_abbrev  0x0000000000000222      0x45b avr32/drivers/flashc/flashc.o
 .debug_abbrev  0x000000000000067d      0x2f0 avr32/drivers/gpio/gpio.o
 .debug_abbrev  0x000000000000096d      0x1f2 avr32/drivers/intc/intc.o
 .debug_abbrev  0x0000000000000b5f      0x37d avr32/drivers/pdca/pdca.o
 .debug_abbrev  0x0000000000000edc      0x389 avr32/drivers/pm/pm.o
 .debug_abbrev  0x0000000000001265      0x27d avr32/drivers/spi/spi.o
 .debug_abbrev  0x00000000000014e2      0x25c avr32/drivers/tc/tc.o
 .debug_abbrev  0x000000000000173e      0x2f4 avr32/drivers/usart/usart.o
 .debug_abbrev  0x0000000000001a32      0x22c avr32/utils/debug/print_funcs.o
 .debug_abbrev  0x0000000000001c5e      0x388 avr32/components/memory/sd_mmc/sd_mmc_spi/sd_mmc_spi.o
 .debug_abbrev  0x0000000000001fe6      0x1d3 ../../aleph/avr32_proto/src/adc.o
 .debug_abbrev  0x00000000000021b9      0x15b ../../aleph/avr32_proto/src/app_timers.o
 .debug_abbrev  0x0000000000002314      0x216 ../../aleph/avr32_proto/src/bfin.o
 .debug_abbrev  0x000000000000252a      0x138 ../../aleph/avr32_proto/src/events.o
 .debug_abbrev  0x0000000000002662      0x10f ../../aleph/avr32_proto/src/encoders.o
 .debug_abbrev  0x0000000000002771      0x215 ../../aleph/avr32_proto/src/init.o
 .debug_abbrev  0x0000000000002986      0x19e ../../aleph/avr32_proto/src/interrupts.o
 .debug_abbrev  0x0000000000002b24      0x244 ../../aleph/avr32_proto_test/src/main.o
 .debug_abbrev  0x0000000000002d68       0xcb ../../aleph/avr32_proto/src/memory.o
 .debug_abbrev  0x0000000000002e33      0x3ad ../../aleph/avr32_proto/src/screen.o
 .debug_abbrev  0x00000000000031e0       0xe0 ../../aleph/avr32_proto/src/switches.o
 .debug_abbrev  0x00000000000032c0      0x1f3 ../../aleph/avr32_proto/src/timers.o
 .debug_abbrev  0x00000000000034b3       0x97 ../../aleph/common/font.o

.debug_line     0x0000000000000000    0x14f57
 *(.debug_line)
 .debug_line    0x0000000000000000      0x7ec avr32/drivers/ebi/sdramc/sdramc.o
 .debug_line    0x00000000000007ec     0x43e7 avr32/drivers/flashc/flashc.o
 .debug_line    0x0000000000004bd3      0xc05 avr32/drivers/gpio/gpio.o
 .debug_line    0x00000000000057d8      0x5f7 avr32/drivers/intc/intc.o
 .debug_line    0x0000000000005dcf      0xae3 avr32/drivers/pdca/pdca.o
 .debug_line    0x00000000000068b2      0xcb0 avr32/drivers/pm/pm.o
 .debug_line    0x0000000000007562      0x922 avr32/drivers/spi/spi.o
 .debug_line    0x0000000000007e84      0x88d avr32/drivers/tc/tc.o
 .debug_line    0x0000000000008711     0x12f3 avr32/drivers/usart/usart.o
 .debug_line    0x0000000000009a04      0x8d5 avr32/utils/debug/print_funcs.o
 .debug_line    0x000000000000a2d9     0x2663 avr32/components/memory/sd_mmc/sd_mmc_spi/sd_mmc_spi.o
 .debug_line    0x000000000000c93c      0x89a ../../aleph/avr32_proto/src/adc.o
 .debug_line    0x000000000000d1d6      0x79a ../../aleph/avr32_proto/src/app_timers.o
 .debug_line    0x000000000000d970      0xf39 ../../aleph/avr32_proto/src/bfin.o
 .debug_line    0x000000000000e8a9      0x742 ../../aleph/avr32_proto/src/events.o
 .debug_line    0x000000000000efeb      0x697 ../../aleph/avr32_proto/src/encoders.o
 .debug_line    0x000000000000f682      0xabb ../../aleph/avr32_proto/src/init.o
 .debug_line    0x000000000001013d      0xa3c ../../aleph/avr32_proto/src/interrupts.o
 .debug_line    0x0000000000010b79      0xcab ../../aleph/avr32_proto_test/src/main.o
 .debug_line    0x0000000000011824      0x707 ../../aleph/avr32_proto/src/memory.o
 .debug_line    0x0000000000011f2b     0x1c8f ../../aleph/avr32_proto/src/screen.o
 .debug_line    0x0000000000013bba      0x5df ../../aleph/avr32_proto/src/switches.o
 .debug_line    0x0000000000014199      0x8bb ../../aleph/avr32_proto/src/timers.o
 .debug_line    0x0000000000014a54      0x503 ../../aleph/common/font.o

.debug_frame    0x0000000000000000     0x207c
 *(.debug_frame)
 .debug_frame   0x0000000000000000       0x58 avr32/drivers/ebi/sdramc/sdramc.o
 .debug_frame   0x0000000000000058      0x78c avr32/drivers/flashc/flashc.o
 .debug_frame   0x00000000000007e4      0x200 avr32/drivers/gpio/gpio.o
 .debug_frame   0x00000000000009e4       0x5c avr32/drivers/intc/intc.o
 .debug_frame   0x0000000000000a40      0x138 avr32/drivers/pdca/pdca.o
 .debug_frame   0x0000000000000b78      0x2f4 avr32/drivers/pm/pm.o
 .debug_frame   0x0000000000000e6c      0x164 avr32/drivers/spi/spi.o
 .debug_frame   0x0000000000000fd0      0x15c avr32/drivers/tc/tc.o
 .debug_frame   0x000000000000112c      0x250 avr32/drivers/usart/usart.o
 .debug_frame   0x000000000000137c      0x194 avr32/utils/debug/print_funcs.o
 .debug_frame   0x0000000000001510      0x3c0 avr32/components/memory/sd_mmc/sd_mmc_spi/sd_mmc_spi.o
 .debug_frame   0x00000000000018d0       0x48 ../../aleph/avr32_proto/src/adc.o
 .debug_frame   0x0000000000001918       0x98 ../../aleph/avr32_proto/src/app_timers.o
 .debug_frame   0x00000000000019b0       0xc0 ../../aleph/avr32_proto/src/bfin.o
 .debug_frame   0x0000000000001a70       0x48 ../../aleph/avr32_proto/src/events.o
 .debug_frame   0x0000000000001ab8       0x58 ../../aleph/avr32_proto/src/encoders.o
 .debug_frame   0x0000000000001b10       0xfc ../../aleph/avr32_proto/src/init.o
 .debug_frame   0x0000000000001c0c       0xc0 ../../aleph/avr32_proto/src/interrupts.o
 .debug_frame   0x0000000000001ccc       0x30 ../../aleph/avr32_proto_test/src/main.o
 .debug_frame   0x0000000000001cfc       0x30 ../../aleph/avr32_proto/src/memory.o
 .debug_frame   0x0000000000001d2c      0x2b8 ../../aleph/avr32_proto/src/screen.o
 .debug_frame   0x0000000000001fe4       0x2c ../../aleph/avr32_proto/src/switches.o
 .debug_frame   0x0000000000002010       0x6c ../../aleph/avr32_proto/src/timers.o

.debug_str      0x0000000000000000     0x413a
 *(.debug_str)
 .debug_str     0x0000000000000000      0x462 avr32/drivers/ebi/sdramc/sdramc.o
                                        0x4ad (size before relaxing)
 .debug_str     0x0000000000000462      0xaa5 avr32/drivers/flashc/flashc.o
                                        0xc2a (size before relaxing)
 .debug_str     0x0000000000000f07      0x411 avr32/drivers/gpio/gpio.o
                                        0x518 (size before relaxing)
 .debug_str     0x0000000000001318      0x386 avr32/drivers/intc/intc.o
                                        0x46c (size before relaxing)
 .debug_str     0x000000000000169e      0x370 avr32/drivers/pdca/pdca.o
                                        0x46f (size before relaxing)
 .debug_str     0x0000000000001a0e      0x781 avr32/drivers/pm/pm.o
                                        0x984 (size before relaxing)
 .debug_str     0x000000000000218f      0x3e3 avr32/drivers/spi/spi.o
                                        0x551 (size before relaxing)
 .debug_str     0x0000000000002572      0x354 avr32/drivers/tc/tc.o
                                        0x4b9 (size before relaxing)
 .debug_str     0x00000000000028c6      0x759 avr32/drivers/usart/usart.o
                                        0x8eb (size before relaxing)
 .debug_str     0x000000000000301f      0x129 avr32/utils/debug/print_funcs.o
                                        0x621 (size before relaxing)
 .debug_str     0x0000000000003148      0x41e avr32/components/memory/sd_mmc/sd_mmc_spi/sd_mmc_spi.o
                                        0x7c7 (size before relaxing)
 .debug_str     0x0000000000003566      0x1af ../../aleph/avr32_proto/src/adc.o
                                        0x45c (size before relaxing)
 .debug_str     0x0000000000003715      0x150 ../../aleph/avr32_proto/src/app_timers.o
                                        0x3b0 (size before relaxing)
 .debug_str     0x0000000000003865      0x1ac ../../aleph/avr32_proto/src/bfin.o
                                        0x480 (size before relaxing)
 .debug_str     0x0000000000003a11       0xa0 ../../aleph/avr32_proto/src/events.o
                                        0x1b4 (size before relaxing)
 .debug_str     0x0000000000003ab1       0x49 ../../aleph/avr32_proto/src/encoders.o
                                        0x277 (size before relaxing)
 .debug_str     0x0000000000003afa      0x16d ../../aleph/avr32_proto/src/init.o
                                        0xf17 (size before relaxing)
 .debug_str     0x0000000000003c67       0xbf ../../aleph/avr32_proto/src/interrupts.o
                                        0x3cc (size before relaxing)
 .debug_str     0x0000000000003d26      0x13f ../../aleph/avr32_proto_test/src/main.o
                                        0x61a (size before relaxing)
 .debug_str     0x0000000000003e65       0x6c ../../aleph/avr32_proto/src/memory.o
                                        0x13b (size before relaxing)
 .debug_str     0x0000000000003ed1      0x17a ../../aleph/avr32_proto/src/screen.o
                                        0x6f0 (size before relaxing)
 .debug_str     0x000000000000404b       0x52 ../../aleph/avr32_proto/src/switches.o
                                        0x286 (size before relaxing)
 .debug_str     0x000000000000409d       0x83 ../../aleph/avr32_proto/src/timers.o
                                        0x1f0 (size before relaxing)
 .debug_str     0x0000000000004120       0x1a ../../aleph/common/font.o
                                        0x12a (size before relaxing)

.debug_loc      0x0000000000000000     0x61a4
 *(.debug_loc)
 .debug_loc     0x0000000000000000       0x89 avr32/drivers/ebi/sdramc/sdramc.o
 .debug_loc     0x0000000000000089     0x1e5b avr32/drivers/flashc/flashc.o
 .debug_loc     0x0000000000001ee4      0x3e1 avr32/drivers/gpio/gpio.o
 .debug_loc     0x00000000000022c5       0x89 avr32/drivers/intc/intc.o
 .debug_loc     0x000000000000234e      0x4a1 avr32/drivers/pdca/pdca.o
 .debug_loc     0x00000000000027ef      0x39d avr32/drivers/pm/pm.o
 .debug_loc     0x0000000000002b8c      0x377 avr32/drivers/spi/spi.o
 .debug_loc     0x0000000000002f03      0x472 avr32/drivers/tc/tc.o
 .debug_loc     0x0000000000003375      0xa53 avr32/drivers/usart/usart.o
 .debug_loc     0x0000000000003dc8      0x46e avr32/utils/debug/print_funcs.o
 .debug_loc     0x0000000000004236      0x93a avr32/components/memory/sd_mmc/sd_mmc_spi/sd_mmc_spi.o
 .debug_loc     0x0000000000004b70       0x82 ../../aleph/avr32_proto/src/adc.o
 .debug_loc     0x0000000000004bf2      0x110 ../../aleph/avr32_proto/src/app_timers.o
 .debug_loc     0x0000000000004d02      0x1cc ../../aleph/avr32_proto/src/bfin.o
 .debug_loc     0x0000000000004ece       0xaa ../../aleph/avr32_proto/src/events.o
 .debug_loc     0x0000000000004f78       0x6f ../../aleph/avr32_proto/src/encoders.o
 .debug_loc     0x0000000000004fe7      0x16b ../../aleph/avr32_proto/src/init.o
 .debug_loc     0x0000000000005152      0x11b ../../aleph/avr32_proto/src/interrupts.o
 .debug_loc     0x000000000000526d       0x5b ../../aleph/avr32_proto_test/src/main.o
 .debug_loc     0x00000000000052c8       0x6d ../../aleph/avr32_proto/src/memory.o
 .debug_loc     0x0000000000005335      0xc06 ../../aleph/avr32_proto/src/screen.o
 .debug_loc     0x0000000000005f3b       0x49 ../../aleph/avr32_proto/src/switches.o
 .debug_loc     0x0000000000005f84      0x220 ../../aleph/avr32_proto/src/timers.o

.debug_macinfo  0x0000000000000000  0x15d3943
 *(.debug_macinfo)
 .debug_macinfo
                0x0000000000000000    0xe8ec9 avr32/drivers/ebi/sdramc/sdramc.o
 .debug_macinfo
                0x00000000000e8ec9    0xe6d58 avr32/drivers/flashc/flashc.o
 .debug_macinfo
                0x00000000001cfc21    0xe6eb5 avr32/drivers/gpio/gpio.o
 .debug_macinfo
                0x00000000002b6ad6    0xe6ee3 avr32/drivers/intc/intc.o
 .debug_macinfo
                0x000000000039d9b9    0xe6d79 avr32/drivers/pdca/pdca.o
 .debug_macinfo
                0x0000000000484732    0xe6ca1 avr32/drivers/pm/pm.o
 .debug_macinfo
                0x000000000056b3d3    0xe6c63 avr32/drivers/spi/spi.o
 .debug_macinfo
                0x0000000000652036    0xe7519 avr32/drivers/tc/tc.o
 .debug_macinfo
                0x000000000073954f    0xe7048 avr32/drivers/usart/usart.o
 .debug_macinfo
                0x0000000000820597    0xe9f01 avr32/utils/debug/print_funcs.o
 .debug_macinfo
                0x000000000090a498    0xe9cc1 avr32/components/memory/sd_mmc/sd_mmc_spi/sd_mmc_spi.o
 .debug_macinfo
                0x00000000009f4159    0xe9bb6 ../../aleph/avr32_proto/src/adc.o
 .debug_macinfo
                0x0000000000addd0f    0xea7a5 ../../aleph/avr32_proto/src/app_timers.o
 .debug_macinfo
                0x0000000000bc84b4    0xea02d ../../aleph/avr32_proto/src/bfin.o
 .debug_macinfo
                0x0000000000cb24e1    0xe9903 ../../aleph/avr32_proto/src/events.o
 .debug_macinfo
                0x0000000000d9bde4    0xe7a6b ../../aleph/avr32_proto/src/encoders.o
 .debug_macinfo
                0x0000000000e8384f    0xeca7e ../../aleph/avr32_proto/src/init.o
 .debug_macinfo
                0x0000000000f702cd    0xeb61b ../../aleph/avr32_proto/src/interrupts.o
 .debug_macinfo
                0x000000000105b8e8    0xedabd ../../aleph/avr32_proto_test/src/main.o
 .debug_macinfo
                0x00000000011493a5    0xe9a62 ../../aleph/avr32_proto/src/memory.o
 .debug_macinfo
                0x0000000001232e07    0xeb7ff ../../aleph/avr32_proto/src/screen.o
 .debug_macinfo
                0x000000000131e606    0xe7a6a ../../aleph/avr32_proto/src/switches.o
 .debug_macinfo
                0x0000000001406070    0xe6c59 ../../aleph/avr32_proto/src/timers.o
 .debug_macinfo
                0x00000000014eccc9    0xe6c7a ../../aleph/common/font.o

.debug_weaknames
 *(.debug_weaknames)

.debug_funcnames
 *(.debug_funcnames)

.debug_typenames
 *(.debug_typenames)

.debug_varnames
 *(.debug_varnames)

.stack          0x000000000000f000     0x1000
                0x000000000000f000                _stack = .
 *(.stack)
                0x0000000000001000                . = __stack_size__
 *fill*         0x000000000000f000     0x1000 00
                0x0000000000010000                _estack = .

.userpage
 *(.userpage .userpage.*)

/DISCARD/
 *(.note.GNU-stack)
LOAD avr32/boards/evk1100/led.o
LOAD avr32/drivers/ebi/sdramc/sdramc.o
LOAD avr32/drivers/flashc/flashc.o
LOAD avr32/drivers/gpio/gpio.o
LOAD avr32/drivers/intc/intc.o
LOAD avr32/drivers/pdca/pdca.o
LOAD avr32/drivers/pm/pm.o
LOAD avr32/drivers/pm/pm_conf_clocks.o
LOAD avr32/drivers/pm/power_clocks_lib.o
LOAD avr32/drivers/spi/spi.o
LOAD avr32/drivers/tc/tc.o
LOAD avr32/drivers/usart/usart.o
LOAD avr32/services/fs/fat/fat.o
LOAD avr32/services/fs/fat/fat_unusual.o
LOAD avr32/services/fs/fat/file.o
LOAD avr32/services/fs/fat/navigation.o
LOAD avr32/utils/debug/print_funcs.o
LOAD avr32/components/memory/sd_mmc/sd_mmc_spi/sd_mmc_spi.o
LOAD avr32/components/memory/sd_mmc/sd_mmc_spi/sd_mmc_spi_mem.o
LOAD common/services/clock/uc3a0_a1/sysclk.o
LOAD common/services/storage/ctrl_access/ctrl_access.o
LOAD ../../aleph/avr32_proto/src/adc.o
LOAD ../../aleph/avr32_proto/src/app_timers.o
LOAD ../../aleph/avr32_proto/src/bfin.o
LOAD ../../aleph/avr32_proto/src/events.o
LOAD ../../aleph/avr32_proto/src/encoders.o
LOAD ../../aleph/avr32_proto/src/files.o
LOAD ../../aleph/avr32_proto/src/init.o
LOAD ../../aleph/avr32_proto/src/interrupts.o
LOAD ../../aleph/avr32_proto_test/src/main.o
LOAD ../../aleph/avr32_proto/src/memory.o
LOAD ../../aleph/avr32_proto/src/screen.o
LOAD ../../aleph/avr32_proto/src/scene.o
LOAD ../../aleph/avr32_proto/src/switches.o
LOAD ../../aleph/avr32_proto/src/timers.o
LOAD ../../aleph/bees/key_handler.o
LOAD ../../aleph/bees/menu.o
LOAD ../../aleph/bees/net.o
LOAD ../../aleph/bees/op.o
LOAD ../../aleph/bees/param.o
LOAD ../../aleph/bees/preset.o
LOAD ../../aleph/bees/redraw.o
LOAD ../../aleph/common/font.o
LOAD ../../aleph/common/fix.o
LOAD ../../aleph/common/libfixmath/fix16.o
LOAD ../../aleph/common/simple_string.o
LOAD avr32/drivers/intc/exception.o
LOAD avr32/utils/startup/startup_uc3.o
LOAD avr32/utils/startup/trampoline_uc3.o
START GROUP
END GROUP
LOAD /home/emb/avr/bin/../lib/gcc/avr32/4.4.3/ucr2/libgcc.a
LOAD /home/emb/avr/bin/../lib/gcc/avr32/4.4.3/../../../../avr32/lib/ucr2/libc.a
LOAD /home/emb/avr/bin/../lib/gcc/avr32/4.4.3/ucr2/libgcc.a
OUTPUT(aleph.elf elf32-avr32)

.debug_ranges   0x0000000000000000     0x5910
 .debug_ranges  0x0000000000000000       0x28 avr32/drivers/ebi/sdramc/sdramc.o
 .debug_ranges  0x0000000000000028     0x2d00 avr32/drivers/flashc/flashc.o
 .debug_ranges  0x0000000000002d28      0x1d8 avr32/drivers/gpio/gpio.o
 .debug_ranges  0x0000000000002f00       0x30 avr32/drivers/intc/intc.o
 .debug_ranges  0x0000000000002f30      0x450 avr32/drivers/pdca/pdca.o
 .debug_ranges  0x0000000000003380      0x248 avr32/drivers/pm/pm.o
 .debug_ranges  0x00000000000035c8       0xa0 avr32/drivers/spi/spi.o
 .debug_ranges  0x0000000000003668       0xa0 avr32/drivers/tc/tc.o
 .debug_ranges  0x0000000000003708      0x5c0 avr32/drivers/usart/usart.o
 .debug_ranges  0x0000000000003cc8       0xb0 avr32/utils/debug/print_funcs.o
 .debug_ranges  0x0000000000003d78      0x9d0 avr32/components/memory/sd_mmc/sd_mmc_spi/sd_mmc_spi.o
 .debug_ranges  0x0000000000004748       0x20 ../../aleph/avr32_proto/src/adc.o
 .debug_ranges  0x0000000000004768       0x38 ../../aleph/avr32_proto/src/app_timers.o
 .debug_ranges  0x00000000000047a0       0x38 ../../aleph/avr32_proto/src/bfin.o
 .debug_ranges  0x00000000000047d8       0x28 ../../aleph/avr32_proto/src/events.o
 .debug_ranges  0x0000000000004800       0x20 ../../aleph/avr32_proto/src/encoders.o
 .debug_ranges  0x0000000000004820       0x50 ../../aleph/avr32_proto/src/init.o
 .debug_ranges  0x0000000000004870       0x48 ../../aleph/avr32_proto/src/interrupts.o
 .debug_ranges  0x00000000000048b8       0x18 ../../aleph/avr32_proto_test/src/main.o
 .debug_ranges  0x00000000000048d0       0x20 ../../aleph/avr32_proto/src/memory.o
 .debug_ranges  0x00000000000048f0      0xf68 ../../aleph/avr32_proto/src/screen.o
 .debug_ranges  0x0000000000005858       0x18 ../../aleph/avr32_proto/src/switches.o
 .debug_ranges  0x0000000000005870       0xa0 ../../aleph/avr32_proto/src/timers.o

Cross Reference Table

Symbol                                            File
INTC_init_interrupts                              avr32/drivers/intc/intc.o
                                                  ../../aleph/avr32_proto_test/src/main.o
INTC_register_interrupt                           avr32/drivers/intc/intc.o
                                                  ../../aleph/avr32_proto/src/interrupts.o
LED_Display                                       avr32/boards/evk1100/led.o
LED_Display_Field                                 avr32/boards/evk1100/led.o
LED_Display_Mask                                  avr32/boards/evk1100/led.o
LED_Get_Intensity                                 avr32/boards/evk1100/led.o
LED_Off                                           avr32/boards/evk1100/led.o
LED_On                                            avr32/boards/evk1100/led.o
LED_Read_Display                                  avr32/boards/evk1100/led.o
LED_Read_Display_Field                            avr32/boards/evk1100/led.o
LED_Read_Display_Mask                             avr32/boards/evk1100/led.o
LED_Set_Intensity                                 avr32/boards/evk1100/led.o
LED_Test                                          avr32/boards/evk1100/led.o
LED_Toggle                                        avr32/boards/evk1100/led.o
TableFAT12                                        avr32/services/fs/fat/fat_unusual.o
TableFAT16                                        avr32/services/fs/fat/fat_unusual.o
TableFAT32                                        avr32/services/fs/fat/fat_unusual.o
_Balloc                                           /home/emb/avr/bin/../lib/gcc/avr32/4.4.3/../../../../avr32/lib/ucr2/libc.a(lib_a-mprec.o)
                                                  /home/emb/avr/bin/../lib/gcc/avr32/4.4.3/../../../../avr32/lib/ucr2/libc.a(lib_a-dtoa.o)
_Bfree                                            /home/emb/avr/bin/../lib/gcc/avr32/4.4.3/../../../../avr32/lib/ucr2/libc.a(lib_a-mprec.o)
                                                  /home/emb/avr/bin/../lib/gcc/avr32/4.4.3/../../../../avr32/lib/ucr2/libc.a(lib_a-dtoa.o)
_PathLocale                                       /home/emb/avr/bin/../lib/gcc/avr32/4.4.3/../../../../avr32/lib/ucr2/libc.a(lib_a-locale.o)
__any_on                                          /home/emb/avr/bin/../lib/gcc/avr32/4.4.3/../../../../avr32/lib/ucr2/libc.a(lib_a-mprec.o)
__avr32_f32_to_s32                                /home/emb/avr/bin/../lib/gcc/avr32/4.4.3/ucr2/libgcc.a(_avr32_f32_to_s32.o)
                                                  ../../aleph/bees/preset.o
                                                  ../../aleph/bees/param.o
__avr32_f64_add                                   /home/emb/avr/bin/../lib/gcc/avr32/4.4.3/ucr2/libgcc.a(_avr32_f64_addsub.o)
                                                  /home/emb/avr/bin/../lib/gcc/avr32/4.4.3/../../../../avr32/lib/ucr2/libc.a(lib_a-dtoa.o)
__avr32_f64_cmp_eq                                /home/emb/avr/bin/../lib/gcc/avr32/4.4.3/ucr2/libgcc.a(_avr32_f64_cmp_eq.o)
                                                  /home/emb/avr/bin/../lib/gcc/avr32/4.4.3/../../../../avr32/lib/ucr2/libc.a(lib_a-dtoa.o)
                                                  /home/emb/avr/bin/../lib/gcc/avr32/4.4.3/../../../../avr32/lib/ucr2/libc.a(lib_a-vfprintf.o)
__avr32_f64_cmp_ge                                /home/emb/avr/bin/../lib/gcc/avr32/4.4.3/ucr2/libgcc.a(_avr32_f64_cmp_ge.o)
                                                  /home/emb/avr/bin/../lib/gcc/avr32/4.4.3/../../../../avr32/lib/ucr2/libc.a(lib_a-dtoa.o)
__avr32_f64_cmp_lt                                /home/emb/avr/bin/../lib/gcc/avr32/4.4.3/ucr2/libgcc.a(_avr32_f64_cmp_lt.o)
                                                  /home/emb/avr/bin/../lib/gcc/avr32/4.4.3/../../../../avr32/lib/ucr2/libc.a(lib_a-dtoa.o)
                                                  /home/emb/avr/bin/../lib/gcc/avr32/4.4.3/../../../../avr32/lib/ucr2/libc.a(lib_a-vfprintf.o)
__avr32_f64_div                                   /home/emb/avr/bin/../lib/gcc/avr32/4.4.3/ucr2/libgcc.a(_avr32_f64_div.o)
                                                  /home/emb/avr/bin/../lib/gcc/avr32/4.4.3/../../../../avr32/lib/ucr2/libc.a(lib_a-mprec.o)
                                                  /home/emb/avr/bin/../lib/gcc/avr32/4.4.3/../../../../avr32/lib/ucr2/libc.a(lib_a-dtoa.o)
__avr32_f64_mul                                   /home/emb/avr/bin/../lib/gcc/avr32/4.4.3/ucr2/libgcc.a(_avr32_f64_mul.o)
                                                  /home/emb/avr/bin/../lib/gcc/avr32/4.4.3/../../../../avr32/lib/ucr2/libc.a(lib_a-mprec.o)
                                                  /home/emb/avr/bin/../lib/gcc/avr32/4.4.3/../../../../avr32/lib/ucr2/libc.a(lib_a-dtoa.o)
__avr32_f64_sub                                   /home/emb/avr/bin/../lib/gcc/avr32/4.4.3/ucr2/libgcc.a(_avr32_f64_addsub.o)
                                                  /home/emb/avr/bin/../lib/gcc/avr32/4.4.3/../../../../avr32/lib/ucr2/libc.a(lib_a-dtoa.o)
__avr32_f64_to_s32                                /home/emb/avr/bin/../lib/gcc/avr32/4.4.3/ucr2/libgcc.a(_avr32_f64_to_s32.o)
                                                  /home/emb/avr/bin/../lib/gcc/avr32/4.4.3/../../../../avr32/lib/ucr2/libc.a(lib_a-dtoa.o)
__avr32_f64_to_u32                                /home/emb/avr/bin/../lib/gcc/avr32/4.4.3/ucr2/libgcc.a(_avr32_f64_to_s32.o)
__avr32_s32_to_f32                                /home/emb/avr/bin/../lib/gcc/avr32/4.4.3/ucr2/libgcc.a(_avr32_s32_to_f32.o)
                                                  ../../aleph/bees/preset.o
                                                  ../../aleph/bees/param.o
                                                  ../../aleph/bees/menu.o
__avr32_s32_to_f64                                /home/emb/avr/bin/../lib/gcc/avr32/4.4.3/ucr2/libgcc.a(_avr32_s32_to_f64.o)
                                                  /home/emb/avr/bin/../lib/gcc/avr32/4.4.3/../../../../avr32/lib/ucr2/libc.a(lib_a-dtoa.o)
__avr32_u32_to_f64                                /home/emb/avr/bin/../lib/gcc/avr32/4.4.3/ucr2/libgcc.a(_avr32_s32_to_f64.o)
                                                  /home/emb/avr/bin/../lib/gcc/avr32/4.4.3/../../../../avr32/lib/ucr2/libc.a(lib_a-dtoa.o)
__avr32_udiv64                                    /home/emb/avr/bin/../lib/gcc/avr32/4.4.3/ucr2/libgcc.a(_udivdi3.o)
                                                  /home/emb/avr/bin/../lib/gcc/avr32/4.4.3/../../../../avr32/lib/ucr2/libc.a(lib_a-vfprintf.o)
__avr32_umod64                                    /home/emb/avr/bin/../lib/gcc/avr32/4.4.3/ucr2/libgcc.a(_umoddi3.o)
                                                  /home/emb/avr/bin/../lib/gcc/avr32/4.4.3/../../../../avr32/lib/ucr2/libc.a(lib_a-vfprintf.o)
__b2d                                             /home/emb/avr/bin/../lib/gcc/avr32/4.4.3/../../../../avr32/lib/ucr2/libc.a(lib_a-mprec.o)
__bss_start                                       avr32/utils/startup/startup_uc3.o
__copybits                                        /home/emb/avr/bin/../lib/gcc/avr32/4.4.3/../../../../avr32/lib/ucr2/libc.a(lib_a-mprec.o)
__ctype_ptr                                       /home/emb/avr/bin/../lib/gcc/avr32/4.4.3/../../../../avr32/lib/ucr2/libc.a(lib_a-ctype_.o)
                                                  avr32/services/fs/fat/navigation.o
__d2b                                             /home/emb/avr/bin/../lib/gcc/avr32/4.4.3/../../../../avr32/lib/ucr2/libc.a(lib_a-mprec.o)
                                                  /home/emb/avr/bin/../lib/gcc/avr32/4.4.3/../../../../avr32/lib/ucr2/libc.a(lib_a-dtoa.o)
__errno                                           /home/emb/avr/bin/../lib/gcc/avr32/4.4.3/../../../../avr32/lib/ucr2/libc.a(lib_a-errno.o)
                                                  /home/emb/avr/bin/../lib/gcc/avr32/4.4.3/../../../../avr32/lib/ucr2/libc.a(lib_a-syscalls.o)
__fp_lock_all                                     /home/emb/avr/bin/../lib/gcc/avr32/4.4.3/../../../../avr32/lib/ucr2/libc.a(lib_a-findfp.o)
__fp_unlock_all                                   /home/emb/avr/bin/../lib/gcc/avr32/4.4.3/../../../../avr32/lib/ucr2/libc.a(lib_a-findfp.o)
__heap_end__                                      /home/emb/avr/bin/../lib/gcc/avr32/4.4.3/../../../../avr32/lib/ucr2/libc.a(lib_a-syscalls.o)
__heap_start__                                    /home/emb/avr/bin/../lib/gcc/avr32/4.4.3/../../../../avr32/lib/ucr2/libc.a(lib_a-syscalls.o)
__hi0bits                                         /home/emb/avr/bin/../lib/gcc/avr32/4.4.3/../../../../avr32/lib/ucr2/libc.a(lib_a-mprec.o)
                                                  /home/emb/avr/bin/../lib/gcc/avr32/4.4.3/../../../../avr32/lib/ucr2/libc.a(lib_a-dtoa.o)
__i2b                                             /home/emb/avr/bin/../lib/gcc/avr32/4.4.3/../../../../avr32/lib/ucr2/libc.a(lib_a-mprec.o)
                                                  /home/emb/avr/bin/../lib/gcc/avr32/4.4.3/../../../../avr32/lib/ucr2/libc.a(lib_a-dtoa.o)
__isinfd                                          /home/emb/avr/bin/../lib/gcc/avr32/4.4.3/../../../../avr32/lib/ucr2/libc.a(lib_a-s_isinfd.o)
                                                  /home/emb/avr/bin/../lib/gcc/avr32/4.4.3/../../../../avr32/lib/ucr2/libc.a(lib_a-vfprintf.o)
__isnand                                          /home/emb/avr/bin/../lib/gcc/avr32/4.4.3/../../../../avr32/lib/ucr2/libc.a(lib_a-s_isnand.o)
                                                  /home/emb/avr/bin/../lib/gcc/avr32/4.4.3/../../../../avr32/lib/ucr2/libc.a(lib_a-vfprintf.o)
__lc_ctype                                        /home/emb/avr/bin/../lib/gcc/avr32/4.4.3/../../../../avr32/lib/ucr2/libc.a(lib_a-locale.o)
__lo0bits                                         /home/emb/avr/bin/../lib/gcc/avr32/4.4.3/../../../../avr32/lib/ucr2/libc.a(lib_a-mprec.o)
__locale_charset                                  /home/emb/avr/bin/../lib/gcc/avr32/4.4.3/../../../../avr32/lib/ucr2/libc.a(lib_a-locale.o)
__lshift                                          /home/emb/avr/bin/../lib/gcc/avr32/4.4.3/../../../../avr32/lib/ucr2/libc.a(lib_a-mprec.o)
                                                  /home/emb/avr/bin/../lib/gcc/avr32/4.4.3/../../../../avr32/lib/ucr2/libc.a(lib_a-dtoa.o)
__malloc_av_                                      /home/emb/avr/bin/../lib/gcc/avr32/4.4.3/../../../../avr32/lib/ucr2/libc.a(lib_a-mallocr.o)
                                                  /home/emb/avr/bin/../lib/gcc/avr32/4.4.3/../../../../avr32/lib/ucr2/libc.a(lib_a-reallocr.o)
                                                  /home/emb/avr/bin/../lib/gcc/avr32/4.4.3/../../../../avr32/lib/ucr2/libc.a(lib_a-freer.o)
__malloc_current_mallinfo                         /home/emb/avr/bin/../lib/gcc/avr32/4.4.3/../../../../avr32/lib/ucr2/libc.a(lib_a-mallocr.o)
                                                  /home/emb/avr/bin/../lib/gcc/avr32/4.4.3/../../../../avr32/lib/ucr2/libc.a(lib_a-freer.o)
__malloc_lock                                     /home/emb/avr/bin/../lib/gcc/avr32/4.4.3/../../../../avr32/lib/ucr2/libc.a(lib_a-mlock.o)
                                                  /home/emb/avr/bin/../lib/gcc/avr32/4.4.3/../../../../avr32/lib/ucr2/libc.a(lib_a-reallocr.o)
                                                  /home/emb/avr/bin/../lib/gcc/avr32/4.4.3/../../../../avr32/lib/ucr2/libc.a(lib_a-mallocr.o)
                                                  /home/emb/avr/bin/../lib/gcc/avr32/4.4.3/../../../../avr32/lib/ucr2/libc.a(lib_a-freer.o)
__malloc_max_sbrked_mem                           /home/emb/avr/bin/../lib/gcc/avr32/4.4.3/../../../../avr32/lib/ucr2/libc.a(lib_a-mallocr.o)
__malloc_max_total_mem                            /home/emb/avr/bin/../lib/gcc/avr32/4.4.3/../../../../avr32/lib/ucr2/libc.a(lib_a-mallocr.o)
__malloc_sbrk_base                                /home/emb/avr/bin/../lib/gcc/avr32/4.4.3/../../../../avr32/lib/ucr2/libc.a(lib_a-mallocr.o)
                                                  /home/emb/avr/bin/../lib/gcc/avr32/4.4.3/../../../../avr32/lib/ucr2/libc.a(lib_a-freer.o)
__malloc_top_pad                                  /home/emb/avr/bin/../lib/gcc/avr32/4.4.3/../../../../avr32/lib/ucr2/libc.a(lib_a-mallocr.o)
                                                  /home/emb/avr/bin/../lib/gcc/avr32/4.4.3/../../../../avr32/lib/ucr2/libc.a(lib_a-freer.o)
__malloc_trim_threshold                           /home/emb/avr/bin/../lib/gcc/avr32/4.4.3/../../../../avr32/lib/ucr2/libc.a(lib_a-mallocr.o)
                                                  /home/emb/avr/bin/../lib/gcc/avr32/4.4.3/../../../../avr32/lib/ucr2/libc.a(lib_a-freer.o)
__malloc_unlock                                   /home/emb/avr/bin/../lib/gcc/avr32/4.4.3/../../../../avr32/lib/ucr2/libc.a(lib_a-mlock.o)
                                                  /home/emb/avr/bin/../lib/gcc/avr32/4.4.3/../../../../avr32/lib/ucr2/libc.a(lib_a-reallocr.o)
                                                  /home/emb/avr/bin/../lib/gcc/avr32/4.4.3/../../../../avr32/lib/ucr2/libc.a(lib_a-mallocr.o)
                                                  /home/emb/avr/bin/../lib/gcc/avr32/4.4.3/../../../../avr32/lib/ucr2/libc.a(lib_a-freer.o)
__mb_cur_max                                      /home/emb/avr/bin/../lib/gcc/avr32/4.4.3/../../../../avr32/lib/ucr2/libc.a(lib_a-locale.o)
__mcmp                                            /home/emb/avr/bin/../lib/gcc/avr32/4.4.3/../../../../avr32/lib/ucr2/libc.a(lib_a-mprec.o)
                                                  /home/emb/avr/bin/../lib/gcc/avr32/4.4.3/../../../../avr32/lib/ucr2/libc.a(lib_a-dtoa.o)
__mdiff                                           /home/emb/avr/bin/../lib/gcc/avr32/4.4.3/../../../../avr32/lib/ucr2/libc.a(lib_a-mprec.o)
                                                  /home/emb/avr/bin/../lib/gcc/avr32/4.4.3/../../../../avr32/lib/ucr2/libc.a(lib_a-dtoa.o)
__mlocale_changed                                 /home/emb/avr/bin/../lib/gcc/avr32/4.4.3/../../../../avr32/lib/ucr2/libc.a(lib_a-locale.o)
__mprec_bigtens                                   /home/emb/avr/bin/../lib/gcc/avr32/4.4.3/../../../../avr32/lib/ucr2/libc.a(lib_a-mprec.o)
                                                  /home/emb/avr/bin/../lib/gcc/avr32/4.4.3/../../../../avr32/lib/ucr2/libc.a(lib_a-dtoa.o)
__mprec_tens                                      /home/emb/avr/bin/../lib/gcc/avr32/4.4.3/../../../../avr32/lib/ucr2/libc.a(lib_a-mprec.o)
                                                  /home/emb/avr/bin/../lib/gcc/avr32/4.4.3/../../../../avr32/lib/ucr2/libc.a(lib_a-dtoa.o)
__mprec_tinytens                                  /home/emb/avr/bin/../lib/gcc/avr32/4.4.3/../../../../avr32/lib/ucr2/libc.a(lib_a-mprec.o)
__multadd                                         /home/emb/avr/bin/../lib/gcc/avr32/4.4.3/../../../../avr32/lib/ucr2/libc.a(lib_a-mprec.o)
                                                  /home/emb/avr/bin/../lib/gcc/avr32/4.4.3/../../../../avr32/lib/ucr2/libc.a(lib_a-dtoa.o)
__multiply                                        /home/emb/avr/bin/../lib/gcc/avr32/4.4.3/../../../../avr32/lib/ucr2/libc.a(lib_a-mprec.o)
                                                  /home/emb/avr/bin/../lib/gcc/avr32/4.4.3/../../../../avr32/lib/ucr2/libc.a(lib_a-dtoa.o)
__nlocale_changed                                 /home/emb/avr/bin/../lib/gcc/avr32/4.4.3/../../../../avr32/lib/ucr2/libc.a(lib_a-locale.o)
__pow5mult                                        /home/emb/avr/bin/../lib/gcc/avr32/4.4.3/../../../../avr32/lib/ucr2/libc.a(lib_a-mprec.o)
                                                  /home/emb/avr/bin/../lib/gcc/avr32/4.4.3/../../../../avr32/lib/ucr2/libc.a(lib_a-dtoa.o)
__ratio                                           /home/emb/avr/bin/../lib/gcc/avr32/4.4.3/../../../../avr32/lib/ucr2/libc.a(lib_a-mprec.o)
__s2b                                             /home/emb/avr/bin/../lib/gcc/avr32/4.4.3/../../../../avr32/lib/ucr2/libc.a(lib_a-mprec.o)
__sclose                                          /home/emb/avr/bin/../lib/gcc/avr32/4.4.3/../../../../avr32/lib/ucr2/libc.a(lib_a-stdio.o)
                                                  /home/emb/avr/bin/../lib/gcc/avr32/4.4.3/../../../../avr32/lib/ucr2/libc.a(lib_a-fopen.o)
                                                  /home/emb/avr/bin/../lib/gcc/avr32/4.4.3/../../../../avr32/lib/ucr2/libc.a(lib_a-findfp.o)
__sf_fake_stderr                                  /home/emb/avr/bin/../lib/gcc/avr32/4.4.3/../../../../avr32/lib/ucr2/libc.a(lib_a-findfp.o)
                                                  /home/emb/avr/bin/../lib/gcc/avr32/4.4.3/../../../../avr32/lib/ucr2/libc.a(lib_a-wsetup.o)
                                                  /home/emb/avr/bin/../lib/gcc/avr32/4.4.3/../../../../avr32/lib/ucr2/libc.a(lib_a-vfprintf.o)
                                                  /home/emb/avr/bin/../lib/gcc/avr32/4.4.3/../../../../avr32/lib/ucr2/libc.a(lib_a-refill.o)
                                                  /home/emb/avr/bin/../lib/gcc/avr32/4.4.3/../../../../avr32/lib/ucr2/libc.a(lib_a-impure.o)
                                                  /home/emb/avr/bin/../lib/gcc/avr32/4.4.3/../../../../avr32/lib/ucr2/libc.a(lib_a-fseek.o)
                                                  /home/emb/avr/bin/../lib/gcc/avr32/4.4.3/../../../../avr32/lib/ucr2/libc.a(lib_a-fread.o)
                                                  /home/emb/avr/bin/../lib/gcc/avr32/4.4.3/../../../../avr32/lib/ucr2/libc.a(lib_a-fflush.o)
                                                  /home/emb/avr/bin/../lib/gcc/avr32/4.4.3/../../../../avr32/lib/ucr2/libc.a(lib_a-fclose.o)
__sf_fake_stdin                                   /home/emb/avr/bin/../lib/gcc/avr32/4.4.3/../../../../avr32/lib/ucr2/libc.a(lib_a-findfp.o)
                                                  /home/emb/avr/bin/../lib/gcc/avr32/4.4.3/../../../../avr32/lib/ucr2/libc.a(lib_a-wsetup.o)
                                                  /home/emb/avr/bin/../lib/gcc/avr32/4.4.3/../../../../avr32/lib/ucr2/libc.a(lib_a-vfprintf.o)
                                                  /home/emb/avr/bin/../lib/gcc/avr32/4.4.3/../../../../avr32/lib/ucr2/libc.a(lib_a-refill.o)
                                                  /home/emb/avr/bin/../lib/gcc/avr32/4.4.3/../../../../avr32/lib/ucr2/libc.a(lib_a-impure.o)
                                                  /home/emb/avr/bin/../lib/gcc/avr32/4.4.3/../../../../avr32/lib/ucr2/libc.a(lib_a-fseek.o)
                                                  /home/emb/avr/bin/../lib/gcc/avr32/4.4.3/../../../../avr32/lib/ucr2/libc.a(lib_a-fread.o)
                                                  /home/emb/avr/bin/../lib/gcc/avr32/4.4.3/../../../../avr32/lib/ucr2/libc.a(lib_a-fflush.o)
                                                  /home/emb/avr/bin/../lib/gcc/avr32/4.4.3/../../../../avr32/lib/ucr2/libc.a(lib_a-fclose.o)
__sf_fake_stdout                                  /home/emb/avr/bin/../lib/gcc/avr32/4.4.3/../../../../avr32/lib/ucr2/libc.a(lib_a-findfp.o)
                                                  /home/emb/avr/bin/../lib/gcc/avr32/4.4.3/../../../../avr32/lib/ucr2/libc.a(lib_a-wsetup.o)
                                                  /home/emb/avr/bin/../lib/gcc/avr32/4.4.3/../../../../avr32/lib/ucr2/libc.a(lib_a-vfprintf.o)
                                                  /home/emb/avr/bin/../lib/gcc/avr32/4.4.3/../../../../avr32/lib/ucr2/libc.a(lib_a-refill.o)
                                                  /home/emb/avr/bin/../lib/gcc/avr32/4.4.3/../../../../avr32/lib/ucr2/libc.a(lib_a-impure.o)
                                                  /home/emb/avr/bin/../lib/gcc/avr32/4.4.3/../../../../avr32/lib/ucr2/libc.a(lib_a-fseek.o)
                                                  /home/emb/avr/bin/../lib/gcc/avr32/4.4.3/../../../../avr32/lib/ucr2/libc.a(lib_a-fread.o)
                                                  /home/emb/avr/bin/../lib/gcc/avr32/4.4.3/../../../../avr32/lib/ucr2/libc.a(lib_a-fflush.o)
                                                  /home/emb/avr/bin/../lib/gcc/avr32/4.4.3/../../../../avr32/lib/ucr2/libc.a(lib_a-fclose.o)
__sflags                                          /home/emb/avr/bin/../lib/gcc/avr32/4.4.3/../../../../avr32/lib/ucr2/libc.a(lib_a-flags.o)
                                                  /home/emb/avr/bin/../lib/gcc/avr32/4.4.3/../../../../avr32/lib/ucr2/libc.a(lib_a-fopen.o)
__sfmoreglue                                      /home/emb/avr/bin/../lib/gcc/avr32/4.4.3/../../../../avr32/lib/ucr2/libc.a(lib_a-findfp.o)
__sfp                                             /home/emb/avr/bin/../lib/gcc/avr32/4.4.3/../../../../avr32/lib/ucr2/libc.a(lib_a-findfp.o)
                                                  /home/emb/avr/bin/../lib/gcc/avr32/4.4.3/../../../../avr32/lib/ucr2/libc.a(lib_a-fopen.o)
__sfp_lock_acquire                                /home/emb/avr/bin/../lib/gcc/avr32/4.4.3/../../../../avr32/lib/ucr2/libc.a(lib_a-findfp.o)
                                                  /home/emb/avr/bin/../lib/gcc/avr32/4.4.3/../../../../avr32/lib/ucr2/libc.a(lib_a-fwalk.o)
                                                  /home/emb/avr/bin/../lib/gcc/avr32/4.4.3/../../../../avr32/lib/ucr2/libc.a(lib_a-fopen.o)
                                                  /home/emb/avr/bin/../lib/gcc/avr32/4.4.3/../../../../avr32/lib/ucr2/libc.a(lib_a-fclose.o)
__sfp_lock_release                                /home/emb/avr/bin/../lib/gcc/avr32/4.4.3/../../../../avr32/lib/ucr2/libc.a(lib_a-findfp.o)
                                                  /home/emb/avr/bin/../lib/gcc/avr32/4.4.3/../../../../avr32/lib/ucr2/libc.a(lib_a-fwalk.o)
                                                  /home/emb/avr/bin/../lib/gcc/avr32/4.4.3/../../../../avr32/lib/ucr2/libc.a(lib_a-fopen.o)
                                                  /home/emb/avr/bin/../lib/gcc/avr32/4.4.3/../../../../avr32/lib/ucr2/libc.a(lib_a-fclose.o)
__sfvwrite_r                                      /home/emb/avr/bin/../lib/gcc/avr32/4.4.3/../../../../avr32/lib/ucr2/libc.a(lib_a-fvwrite.o)
                                                  /home/emb/avr/bin/../lib/gcc/avr32/4.4.3/../../../../avr32/lib/ucr2/libc.a(lib_a-vfprintf.o)
__sinit                                           /home/emb/avr/bin/../lib/gcc/avr32/4.4.3/../../../../avr32/lib/ucr2/libc.a(lib_a-findfp.o)
                                                  /home/emb/avr/bin/../lib/gcc/avr32/4.4.3/../../../../avr32/lib/ucr2/libc.a(lib_a-wsetup.o)
                                                  /home/emb/avr/bin/../lib/gcc/avr32/4.4.3/../../../../avr32/lib/ucr2/libc.a(lib_a-vfprintf.o)
                                                  /home/emb/avr/bin/../lib/gcc/avr32/4.4.3/../../../../avr32/lib/ucr2/libc.a(lib_a-refill.o)
                                                  /home/emb/avr/bin/../lib/gcc/avr32/4.4.3/../../../../avr32/lib/ucr2/libc.a(lib_a-printf.o)
                                                  /home/emb/avr/bin/../lib/gcc/avr32/4.4.3/../../../../avr32/lib/ucr2/libc.a(lib_a-fseek.o)
                                                  /home/emb/avr/bin/../lib/gcc/avr32/4.4.3/../../../../avr32/lib/ucr2/libc.a(lib_a-fread.o)
                                                  /home/emb/avr/bin/../lib/gcc/avr32/4.4.3/../../../../avr32/lib/ucr2/libc.a(lib_a-fflush.o)
                                                  /home/emb/avr/bin/../lib/gcc/avr32/4.4.3/../../../../avr32/lib/ucr2/libc.a(lib_a-fclose.o)
__sinit_lock_acquire                              /home/emb/avr/bin/../lib/gcc/avr32/4.4.3/../../../../avr32/lib/ucr2/libc.a(lib_a-findfp.o)
__sinit_lock_release                              /home/emb/avr/bin/../lib/gcc/avr32/4.4.3/../../../../avr32/lib/ucr2/libc.a(lib_a-findfp.o)
__smakebuf_r                                      /home/emb/avr/bin/../lib/gcc/avr32/4.4.3/../../../../avr32/lib/ucr2/libc.a(lib_a-makebuf.o)
                                                  /home/emb/avr/bin/../lib/gcc/avr32/4.4.3/../../../../avr32/lib/ucr2/libc.a(lib_a-wsetup.o)
                                                  /home/emb/avr/bin/../lib/gcc/avr32/4.4.3/../../../../avr32/lib/ucr2/libc.a(lib_a-refill.o)
                                                  /home/emb/avr/bin/../lib/gcc/avr32/4.4.3/../../../../avr32/lib/ucr2/libc.a(lib_a-fseek.o)
__sread                                           /home/emb/avr/bin/../lib/gcc/avr32/4.4.3/../../../../avr32/lib/ucr2/libc.a(lib_a-stdio.o)
                                                  /home/emb/avr/bin/../lib/gcc/avr32/4.4.3/../../../../avr32/lib/ucr2/libc.a(lib_a-fopen.o)
                                                  /home/emb/avr/bin/../lib/gcc/avr32/4.4.3/../../../../avr32/lib/ucr2/libc.a(lib_a-findfp.o)
__srefill_r                                       /home/emb/avr/bin/../lib/gcc/avr32/4.4.3/../../../../avr32/lib/ucr2/libc.a(lib_a-refill.o)
                                                  /home/emb/avr/bin/../lib/gcc/avr32/4.4.3/../../../../avr32/lib/ucr2/libc.a(lib_a-fseek.o)
                                                  /home/emb/avr/bin/../lib/gcc/avr32/4.4.3/../../../../avr32/lib/ucr2/libc.a(lib_a-fread.o)
__sseek                                           /home/emb/avr/bin/../lib/gcc/avr32/4.4.3/../../../../avr32/lib/ucr2/libc.a(lib_a-stdio.o)
                                                  /home/emb/avr/bin/../lib/gcc/avr32/4.4.3/../../../../avr32/lib/ucr2/libc.a(lib_a-makebuf.o)
                                                  /home/emb/avr/bin/../lib/gcc/avr32/4.4.3/../../../../avr32/lib/ucr2/libc.a(lib_a-fseek.o)
                                                  /home/emb/avr/bin/../lib/gcc/avr32/4.4.3/../../../../avr32/lib/ucr2/libc.a(lib_a-fopen.o)
                                                  /home/emb/avr/bin/../lib/gcc/avr32/4.4.3/../../../../avr32/lib/ucr2/libc.a(lib_a-findfp.o)
__swrite                                          /home/emb/avr/bin/../lib/gcc/avr32/4.4.3/../../../../avr32/lib/ucr2/libc.a(lib_a-stdio.o)
                                                  /home/emb/avr/bin/../lib/gcc/avr32/4.4.3/../../../../avr32/lib/ucr2/libc.a(lib_a-fopen.o)
                                                  /home/emb/avr/bin/../lib/gcc/avr32/4.4.3/../../../../avr32/lib/ucr2/libc.a(lib_a-findfp.o)
__swsetup_r                                       /home/emb/avr/bin/../lib/gcc/avr32/4.4.3/../../../../avr32/lib/ucr2/libc.a(lib_a-wsetup.o)
                                                  /home/emb/avr/bin/../lib/gcc/avr32/4.4.3/../../../../avr32/lib/ucr2/libc.a(lib_a-fvwrite.o)
                                                  /home/emb/avr/bin/../lib/gcc/avr32/4.4.3/../../../../avr32/lib/ucr2/libc.a(lib_a-vfprintf.o)
__udivdi3                                         /home/emb/avr/bin/../lib/gcc/avr32/4.4.3/ucr2/libgcc.a(_udivdi3.o)
__ulp                                             /home/emb/avr/bin/../lib/gcc/avr32/4.4.3/../../../../avr32/lib/ucr2/libc.a(lib_a-mprec.o)
__umoddi3                                         /home/emb/avr/bin/../lib/gcc/avr32/4.4.3/ucr2/libgcc.a(_umoddi3.o)
_calloc_r                                         /home/emb/avr/bin/../lib/gcc/avr32/4.4.3/../../../../avr32/lib/ucr2/libc.a(lib_a-callocr.o)
                                                  /home/emb/avr/bin/../lib/gcc/avr32/4.4.3/../../../../avr32/lib/ucr2/libc.a(lib_a-mprec.o)
_cleanup                                          /home/emb/avr/bin/../lib/gcc/avr32/4.4.3/../../../../avr32/lib/ucr2/libc.a(lib_a-findfp.o)
_cleanup_r                                        /home/emb/avr/bin/../lib/gcc/avr32/4.4.3/../../../../avr32/lib/ucr2/libc.a(lib_a-findfp.o)
                                                  /home/emb/avr/bin/../lib/gcc/avr32/4.4.3/../../../../avr32/lib/ucr2/libc.a(lib_a-makebuf.o)
_close                                            /home/emb/avr/bin/../lib/gcc/avr32/4.4.3/../../../../avr32/lib/ucr2/libc.a(lib_a-syscalls.o)
                                                  /home/emb/avr/bin/../lib/gcc/avr32/4.4.3/../../../../avr32/lib/ucr2/libc.a(lib_a-closer.o)
_close_r                                          /home/emb/avr/bin/../lib/gcc/avr32/4.4.3/../../../../avr32/lib/ucr2/libc.a(lib_a-closer.o)
                                                  /home/emb/avr/bin/../lib/gcc/avr32/4.4.3/../../../../avr32/lib/ucr2/libc.a(lib_a-stdio.o)
_ctype_                                           /home/emb/avr/bin/../lib/gcc/avr32/4.4.3/../../../../avr32/lib/ucr2/libc.a(lib_a-ctype_.o)
_data                                             avr32/utils/startup/startup_uc3.o
_data_lma                                         avr32/utils/startup/startup_uc3.o
_dtoa_r                                           /home/emb/avr/bin/../lib/gcc/avr32/4.4.3/../../../../avr32/lib/ucr2/libc.a(lib_a-dtoa.o)
                                                  /home/emb/avr/bin/../lib/gcc/avr32/4.4.3/../../../../avr32/lib/ucr2/libc.a(lib_a-vfprintf.o)
_edata                                            avr32/utils/startup/startup_uc3.o
_end                                              avr32/utils/startup/startup_uc3.o
_estack                                           avr32/utils/startup/startup_uc3.o
_evba                                             avr32/drivers/intc/exception.o
                                                  avr32/utils/startup/startup_uc3.o
                                                  avr32/drivers/intc/intc.o
_execve                                           /home/emb/avr/bin/../lib/gcc/avr32/4.4.3/../../../../avr32/lib/ucr2/libc.a(lib_a-syscalls.o)
_exit                                             /home/emb/avr/bin/../lib/gcc/avr32/4.4.3/../../../../avr32/lib/ucr2/libc.a(lib_a-syscalls.o)
_fclose_r                                         /home/emb/avr/bin/../lib/gcc/avr32/4.4.3/../../../../avr32/lib/ucr2/libc.a(lib_a-fclose.o)
_fcntl                                            /home/emb/avr/bin/../lib/gcc/avr32/4.4.3/../../../../avr32/lib/ucr2/libc.a(lib_a-syscalls.o)
_fflush_r                                         /home/emb/avr/bin/../lib/gcc/avr32/4.4.3/../../../../avr32/lib/ucr2/libc.a(lib_a-fflush.o)
                                                  /home/emb/avr/bin/../lib/gcc/avr32/4.4.3/../../../../avr32/lib/ucr2/libc.a(lib_a-fvwrite.o)
                                                  /home/emb/avr/bin/../lib/gcc/avr32/4.4.3/../../../../avr32/lib/ucr2/libc.a(lib_a-vfprintf.o)
                                                  /home/emb/avr/bin/../lib/gcc/avr32/4.4.3/../../../../avr32/lib/ucr2/libc.a(lib_a-refill.o)
                                                  /home/emb/avr/bin/../lib/gcc/avr32/4.4.3/../../../../avr32/lib/ucr2/libc.a(lib_a-fseek.o)
                                                  /home/emb/avr/bin/../lib/gcc/avr32/4.4.3/../../../../avr32/lib/ucr2/libc.a(lib_a-fclose.o)
_fopen_r                                          /home/emb/avr/bin/../lib/gcc/avr32/4.4.3/../../../../avr32/lib/ucr2/libc.a(lib_a-fopen.o)
_fork                                             /home/emb/avr/bin/../lib/gcc/avr32/4.4.3/../../../../avr32/lib/ucr2/libc.a(lib_a-syscalls.o)
_fread_r                                          /home/emb/avr/bin/../lib/gcc/avr32/4.4.3/../../../../avr32/lib/ucr2/libc.a(lib_a-fread.o)
_free_r                                           /home/emb/avr/bin/../lib/gcc/avr32/4.4.3/../../../../avr32/lib/ucr2/libc.a(lib_a-freer.o)
                                                  /home/emb/avr/bin/../lib/gcc/avr32/4.4.3/../../../../avr32/lib/ucr2/libc.a(lib_a-reallocr.o)
                                                  /home/emb/avr/bin/../lib/gcc/avr32/4.4.3/../../../../avr32/lib/ucr2/libc.a(lib_a-malloc.o)
                                                  /home/emb/avr/bin/../lib/gcc/avr32/4.4.3/../../../../avr32/lib/ucr2/libc.a(lib_a-fvwrite.o)
                                                  /home/emb/avr/bin/../lib/gcc/avr32/4.4.3/../../../../avr32/lib/ucr2/libc.a(lib_a-wsetup.o)
                                                  /home/emb/avr/bin/../lib/gcc/avr32/4.4.3/../../../../avr32/lib/ucr2/libc.a(lib_a-refill.o)
                                                  /home/emb/avr/bin/../lib/gcc/avr32/4.4.3/../../../../avr32/lib/ucr2/libc.a(lib_a-reent.o)
                                                  /home/emb/avr/bin/../lib/gcc/avr32/4.4.3/../../../../avr32/lib/ucr2/libc.a(lib_a-mallocr.o)
                                                  /home/emb/avr/bin/../lib/gcc/avr32/4.4.3/../../../../avr32/lib/ucr2/libc.a(lib_a-fseek.o)
                                                  /home/emb/avr/bin/../lib/gcc/avr32/4.4.3/../../../../avr32/lib/ucr2/libc.a(lib_a-fclose.o)
_fseek_r                                          /home/emb/avr/bin/../lib/gcc/avr32/4.4.3/../../../../avr32/lib/ucr2/libc.a(lib_a-fseek.o)
                                                  /home/emb/avr/bin/../lib/gcc/avr32/4.4.3/../../../../avr32/lib/ucr2/libc.a(lib_a-fopen.o)
_fstat                                            /home/emb/avr/bin/../lib/gcc/avr32/4.4.3/../../../../avr32/lib/ucr2/libc.a(lib_a-syscalls.o)