Archive member included because of file (symbol)

/home/emb/avr32-gnu-toolchain/bin/../lib/gcc/avr32/4.4.3/ucr2/libgcc.a(_avr32_s32_to_f32.o)
                              ../apps/bees/src/preset.o (__avr32_s32_to_f32)
/home/emb/avr32-gnu-toolchain/bin/../lib/gcc/avr32/4.4.3/ucr2/libgcc.a(_avr32_f32_to_s32.o)
                              ../src/bfin.o (__avr32_f32_to_s32)
/home/emb/avr32-gnu-toolchain/bin/../lib/gcc/avr32/4.4.3/ucr2/libgcc.a(_udivdi3.o)
                              ../src/adc.o (__avr32_udiv64)
/home/emb/avr32-gnu-toolchain/bin/../lib/gcc/avr32/4.4.3/../../../../avr32/lib/ucr2/libc.a(lib_a-malloc.o)
                              avr32/drivers/usbb/usbb_host.o (free)
/home/emb/avr32-gnu-toolchain/bin/../lib/gcc/avr32/4.4.3/../../../../avr32/lib/ucr2/libc.a(lib_a-mallocr.o)
                              /home/emb/avr32-gnu-toolchain/bin/../lib/gcc/avr32/4.4.3/../../../../avr32/lib/ucr2/libc.a(lib_a-malloc.o) (_malloc_r)
/home/emb/avr32-gnu-toolchain/bin/../lib/gcc/avr32/4.4.3/../../../../avr32/lib/ucr2/libc.a(lib_a-memcpy.o)
                              avr32/drivers/usbb/usbb_host.o (memcpy)
/home/emb/avr32-gnu-toolchain/bin/../lib/gcc/avr32/4.4.3/../../../../avr32/lib/ucr2/libc.a(lib_a-memset.o)
                              ../src/fat_io_lib/fat_filelib.o (memset)
/home/emb/avr32-gnu-toolchain/bin/../lib/gcc/avr32/4.4.3/../../../../avr32/lib/ucr2/libc.a(lib_a-mlock.o)
                              /home/emb/avr32-gnu-toolchain/bin/../lib/gcc/avr32/4.4.3/../../../../avr32/lib/ucr2/libc.a(lib_a-mallocr.o) (__malloc_lock)
/home/emb/avr32-gnu-toolchain/bin/../lib/gcc/avr32/4.4.3/../../../../avr32/lib/ucr2/libc.a(lib_a-sbrkr.o)
                              /home/emb/avr32-gnu-toolchain/bin/../lib/gcc/avr32/4.4.3/../../../../avr32/lib/ucr2/libc.a(lib_a-mallocr.o) (_sbrk_r)
/home/emb/avr32-gnu-toolchain/bin/../lib/gcc/avr32/4.4.3/../../../../avr32/lib/ucr2/libc.a(lib_a-strcmp.o)
                              ../src/files.o (strcmp)
/home/emb/avr32-gnu-toolchain/bin/../lib/gcc/avr32/4.4.3/../../../../avr32/lib/ucr2/libc.a(lib_a-strcpy.o)
                              ../src/files.o (strcpy)
/home/emb/avr32-gnu-toolchain/bin/../lib/gcc/avr32/4.4.3/../../../../avr32/lib/ucr2/libc.a(lib_a-strlen.o)
                              ../src/fat_io_lib/fat_filelib.o (strlen)
/home/emb/avr32-gnu-toolchain/bin/../lib/gcc/avr32/4.4.3/../../../../avr32/lib/ucr2/libc.a(lib_a-strncat.o)
                              ../src/files.o (strncat)
/home/emb/avr32-gnu-toolchain/bin/../lib/gcc/avr32/4.4.3/../../../../avr32/lib/ucr2/libc.a(lib_a-strncmp.o)
                              ../src/fat_io_lib/fat_access.o (strncmp)
/home/emb/avr32-gnu-toolchain/bin/../lib/gcc/avr32/4.4.3/../../../../avr32/lib/ucr2/libc.a(lib_a-strncpy.o)
                              ../src/fat_io_lib/fat_access.o (strncpy)
/home/emb/avr32-gnu-toolchain/bin/../lib/gcc/avr32/4.4.3/../../../../avr32/lib/ucr2/libc.a(lib_a-syscalls.o)
                              /home/emb/avr32-gnu-toolchain/bin/../lib/gcc/avr32/4.4.3/../../../../avr32/lib/ucr2/libc.a(lib_a-sbrkr.o) (_sbrk)
/home/emb/avr32-gnu-toolchain/bin/../lib/gcc/avr32/4.4.3/../../../../avr32/lib/ucr2/libc.a(lib_a-errno.o)
                              /home/emb/avr32-gnu-toolchain/bin/../lib/gcc/avr32/4.4.3/../../../../avr32/lib/ucr2/libc.a(lib_a-syscalls.o) (__errno)
/home/emb/avr32-gnu-toolchain/bin/../lib/gcc/avr32/4.4.3/../../../../avr32/lib/ucr2/libc.a(lib_a-freer.o)
                              /home/emb/avr32-gnu-toolchain/bin/../lib/gcc/avr32/4.4.3/../../../../avr32/lib/ucr2/libc.a(lib_a-malloc.o) (_free_r)
/home/emb/avr32-gnu-toolchain/bin/../lib/gcc/avr32/4.4.3/../../../../avr32/lib/ucr2/libc.a(lib_a-impure.o)
                              /home/emb/avr32-gnu-toolchain/bin/../lib/gcc/avr32/4.4.3/../../../../avr32/lib/ucr2/libc.a(lib_a-malloc.o) (_impure_ptr)
/home/emb/avr32-gnu-toolchain/bin/../lib/gcc/avr32/4.4.3/../../../../avr32/lib/ucr2/libc.a(lib_a-reent.o)
                              /home/emb/avr32-gnu-toolchain/bin/../lib/gcc/avr32/4.4.3/../../../../avr32/lib/ucr2/libc.a(lib_a-sbrkr.o) (errno)
/home/emb/avr32-gnu-toolchain/bin/../lib/gcc/avr32/4.4.3/../../../../avr32/lib/ucr2/libc.a(lib_a-findfp.o)
                              /home/emb/avr32-gnu-toolchain/bin/../lib/gcc/avr32/4.4.3/../../../../avr32/lib/ucr2/libc.a(lib_a-impure.o) (__sf_fake_stdin)
/home/emb/avr32-gnu-toolchain/bin/../lib/gcc/avr32/4.4.3/../../../../avr32/lib/ucr2/libc.a(lib_a-fwalk.o)
                              /home/emb/avr32-gnu-toolchain/bin/../lib/gcc/avr32/4.4.3/../../../../avr32/lib/ucr2/libc.a(lib_a-findfp.o) (_fwalk)
/home/emb/avr32-gnu-toolchain/bin/../lib/gcc/avr32/4.4.3/../../../../avr32/lib/ucr2/libc.a(lib_a-stdio.o)
                              /home/emb/avr32-gnu-toolchain/bin/../lib/gcc/avr32/4.4.3/../../../../avr32/lib/ucr2/libc.a(lib_a-findfp.o) (__sclose)
/home/emb/avr32-gnu-toolchain/bin/../lib/gcc/avr32/4.4.3/../../../../avr32/lib/ucr2/libc.a(lib_a-writer.o)
[...]
Memory Configuration

Name             Origin             Length             Attributes
FLASH            0x80010000         0x00070000         axrl !w
INTRAM           0x00000004         0x0000fffc         axw !rl
USERPAGE         0x80800000         0x00000200
*default*        0x00000000         0xffffffff

Linker script and memory map

                0x00001000                _stack_size = 0x1000
                0xffffffff                __max_heap_size__ = 0xffffffff
                [0xffffffff]                __heap_size__ = DEFINED (__heap_size__)?__heap_size__:__max_heap_size__
                [0x00001000]                __stack_size__ = DEFINED (__stack_size__)?__stack_size__:0x1000
                [0x00040000]                __flash_nvram_size__ = DEFINED (__flash_nvram_size__)?__flash_nvram_size__:0x40000
                0x80000000                PROVIDE (__executable_start, 0x80000000)
                0x80000000                . = 0x80000000

.interp
 *(.interp)

.reset          0x80010000     0x2008
 *(.reset)
 .reset         0x80010000     0x2008 avr32/utils/startup/trampoline_uc3.o
                0x80010000                _trampoline

.hash
 *(.hash)

.dynsym
 *(.dynsym)

.dynstr
 *(.dynstr)

.gnu.version
 *(.gnu.version)

.gnu.version_d
 *(.gnu.version_d)

.gnu.version_r
 *(.gnu.version_r)

.rel.init
 *(.rel.init)

.rela.init
 *(.rela.init)

.rel.text
 *(.rel.text .rel.text.* .rel.gnu.linkonce.t.*)

.rela.text
 *(.rela.text .rela.text.* .rela.gnu.linkonce.t.*)

.rel.fini
 *(.rel.fini)

.rela.fini
 *(.rela.fini)

.rel.rodata
 *(.rel.rodata .rel.rodata.* .rel.gnu.linkonce.r.*)

.rela.rodata
 *(.rela.rodata .rela.rodata.* .rela.gnu.linkonce.r.*)

.rel.data.rel.ro
 *(.rel.data.rel.ro*)

.rela.data.rel.ro
 *(.rel.data.rel.ro*)

.rel.data
 *(.rel.data .rel.data.* .rel.gnu.linkonce.d.*)

.rela.data
 *(.rela.data .rela.data.* .rela.gnu.linkonce.d.*)

.rel.tdata
 *(.rel.tdata .rel.tdata.* .rel.gnu.linkonce.td.*)

.rela.tdata
 *(.rela.tdata .rela.tdata.* .rela.gnu.linkonce.td.*)

.rel.tbss
 *(.rel.tbss .rel.tbss.* .rel.gnu.linkonce.tb.*)

.rela.tbss
 *(.rela.tbss .rela.tbss.* .rela.gnu.linkonce.tb.*)

.rel.ctors
 *(.rel.ctors)

.rela.ctors
 *(.rela.ctors)

.rel.dtors
 *(.rel.dtors)

.rela.dtors
 *(.rela.dtors)

.rel.got
 *(.rel.got)

.rela.got       0x80012008        0x0
 *(.rela.got)
 .rela.got      0x80012008        0x0 avr32/drivers/flashc/flashc.o

.rel.bss
 *(.rel.bss .rel.bss.* .rel.gnu.linkonce.b.*)

.rela.bss
 *(.rela.bss .rela.bss.* .rela.gnu.linkonce.b.*)

.rel.plt
 *(.rel.plt)

.rela.plt
 *(.rela.plt)

.init
 *(.init)

.plt
 *(.plt)

.text           0x80012008     0xf6dc
 *(.text .stub .text.* .gnu.linkonce.t.*)
 .text.smc_get_cs_size
                0x80012008        0xc avr32/drivers/ebi/smc/smc.o
                0x80012008                smc_get_cs_size
 .text.smc_init
                0x80012014       0x98 avr32/drivers/ebi/smc/smc.o
                                 0xa0 (size before relaxing)
                0x80012014                smc_init
 .text.flashc_set_wait_state
                0x800120ac        0xe avr32/drivers/flashc/flashc.o
                0x800120ac                flashc_set_wait_state
 .text.flashc_set_bus_freq
                0x800120ba       0x2e avr32/drivers/flashc/flashc.o
                0x800120ba                flashc_set_bus_freq
 .text.flashc_default_wait_until_ready
                0x800120e8       0x14 avr32/drivers/flashc/flashc.o
                0x800120e8                flashc_default_wait_until_ready
 .text.flashc_memcpy
                0x800120fc      0x28c avr32/drivers/flashc/flashc.o
                                0x294 (size before relaxing)
                0x800120fc                flashc_memcpy
 .text.flashc_memset64
                0x80012388      0x330 avr32/drivers/flashc/flashc.o
                                0x338 (size before relaxing)
                0x80012388                flashc_memset64
 .text.flashc_memset32
                0x800126b8       0x1c avr32/drivers/flashc/flashc.o
                                 0x24 (size before relaxing)
                0x800126b8                flashc_memset32
 .text.gpio_enable_pin_pull_up
                0x800126d4       0x14 avr32/drivers/gpio/gpio.o
                0x800126d4                gpio_enable_pin_pull_up
 .text.gpio_get_pin_value
                0x800126e8       0x16 avr32/drivers/gpio/gpio.o
                0x800126e8                gpio_get_pin_value
 .text.gpio_set_gpio_pin
                0x800126fe       0x1a avr32/drivers/gpio/gpio.o
                0x800126fe                gpio_set_gpio_pin
 .text.gpio_clr_gpio_pin
                0x80012718       0x1a avr32/drivers/gpio/gpio.o
                0x80012718                gpio_clr_gpio_pin
 .text.gpio_enable_pin_glitch_filter
                0x80012732       0x14 avr32/drivers/gpio/gpio.o
                0x80012732                gpio_enable_pin_glitch_filter
 .text.gpio_enable_pin_interrupt
                0x80012746       0x4a avr32/drivers/gpio/gpio.o
                0x80012746                gpio_enable_pin_interrupt
 .text.gpio_get_pin_interrupt_flag
                0x80012790       0x18 avr32/drivers/gpio/gpio.o
                0x80012790                gpio_get_pin_interrupt_flag
 .text.gpio_clear_pin_interrupt_flag
                0x800127a8       0x14 avr32/drivers/gpio/gpio.o
                0x800127a8                gpio_clear_pin_interrupt_flag
 .text.gpio_enable_module
                0x800127bc       0x78 avr32/drivers/gpio/gpio.o
                0x800127bc                gpio_enable_module
 .text._unhandled_interrupt
                0x80012834        0x2 avr32/drivers/intc/intc.o
 *fill*         0x80012836        0x2 d703d703
 .text.INTC_register_interrupt
                0x80012838       0x88 avr32/drivers/intc/intc.o
                0x80012838                INTC_register_interrupt
 .text.INTC_init_interrupts
                0x800128c0       0x4c avr32/drivers/intc/intc.o
                                 0x50 (size before relaxing)
                0x800128c0                INTC_init_interrupts
 .text._get_interrupt_handler
                0x8001290c       0x38 avr32/drivers/intc/intc.o
                0x8001290c                _get_interrupt_handler
 .text.pdca_get_handler
                0x80012944       0x14 avr32/drivers/pdca/pdca.o
                0x80012944                pdca_get_handler
 .text.pdca_disable
                0x80012958       0x1e avr32/drivers/pdca/pdca.o
                0x80012958                pdca_disable
 .text.pdca_enable_interrupt_transfer_complete
                0x80012976       0x1e avr32/drivers/pdca/pdca.o
                0x80012976                pdca_enable_interrupt_transfer_complete
 .text.pdca_disable_interrupt_transfer_complete
                0x80012994       0x2a avr32/drivers/pdca/pdca.o
                0x80012994                pdca_disable_interrupt_transfer_complete
 .text.pdca_load_channel
                0x800129be       0x30 avr32/drivers/pdca/pdca.o
                0x800129be                pdca_load_channel
 .text.pdca_init_channel
                0x800129ee       0x86 avr32/drivers/pdca/pdca.o
                0x800129ee                pdca_init_channel
 .text.getBaudDiv
                0x80012a74       0x20 avr32/drivers/spi/spi.o
                0x80012a74                getBaudDiv
 .text.spi_initMaster
                0x80012a94       0x3e avr32/drivers/spi/spi.o
                0x80012a94                spi_initMaster
 .text.spi_selectionMode
                0x80012ad2       0x2a avr32/drivers/spi/spi.o
                0x80012ad2                spi_selectionMode
 .text.spi_selectChip
                0x80012afc       0x50 avr32/drivers/spi/spi.o
                0x80012afc                spi_selectChip
 .text.spi_unselectChip
                0x80012b4c       0x26 avr32/drivers/spi/spi.o
                0x80012b4c                spi_unselectChip
 *fill*         0x80012b72        0x2 d703d703
 .text.spi_setupChipReg
                0x80012b74       0xac avr32/drivers/spi/spi.o
                                 0xb0 (size before relaxing)
                0x80012b74                spi_setupChipReg
 .text.spi_enable
                0x80012c20        0x6 avr32/drivers/spi/spi.o
                0x80012c20                spi_enable
 .text.spi_write
                0x80012c26       0x1c avr32/drivers/spi/spi.o
                0x80012c26                spi_write
 .text.spi_read
                0x80012c42       0x22 avr32/drivers/spi/spi.o
                0x80012c42                spi_read
 .text.tc_init_waveform
                0x80012c64       0x9e avr32/drivers/tc/tc.o
                0x80012c64                tc_init_waveform
 .text.tc_start
                0x80012d02       0x12 avr32/drivers/tc/tc.o
                0x80012d02                tc_start
 .text.tc_read_sr
                0x80012d14       0x12 avr32/drivers/tc/tc.o
                0x80012d14                tc_read_sr
 .text.tc_write_rc
                0x80012d26       0x38 avr32/drivers/tc/tc.o
                0x80012d26                tc_write_rc
 .text.tc_configure_interrupts
                0x80012d5e       0xd0 avr32/drivers/tc/tc.o
                0x80012d5e                tc_configure_interrupts
 .text.usart_set_async_baudrate
                0x80012e2e       0x5e avr32/drivers/usart/usart.o
 .text.usart_write_line
                0x80012e8c       0x2c avr32/drivers/usart/usart.o
                0x80012e8c                usart_write_line
 .text.usart_init_rs232
                0x80012eb8       0xe4 avr32/drivers/usart/usart.o
                                 0xec (size before relaxing)
                0x80012eb8                usart_init_rs232
 .text.print_dbg_hex
                0x80012f9c       0x6c avr32/utils/debug/print_funcs.o
                                 0x74 (size before relaxing)
                0x80012f9c                print_dbg_hex
 .text.print_dbg_ulong
                0x80013008       0x44 avr32/utils/debug/print_funcs.o
                                 0x4c (size before relaxing)
                0x80013008                print_dbg_ulong
 .text.print_dbg
                0x8001304c        0xc avr32/utils/debug/print_funcs.o
                                 0x14 (size before relaxing)
                0x8001304c                print_dbg
 .text.sd_mmc_spi_get_capacity
                0x80013058      0x114 avr32/components/memory/sd_mmc/sd_mmc_spi/sd_mmc_spi.o
                                0x118 (size before relaxing)
                0x80013058                sd_mmc_spi_get_capacity
 .text.sd_mmc_spi_write_close
                0x8001316c        0x2 avr32/components/memory/sd_mmc/sd_mmc_spi/sd_mmc_spi.o
                0x8001316c                sd_mmc_spi_write_close
 *fill*         0x8001316e        0x2 d703d703
 .text.sd_mmc_spi_read_close_PDCA
                0x80013170       0x40 avr32/components/memory/sd_mmc/sd_mmc_spi/sd_mmc_spi.o
                                 0x48 (size before relaxing)
                0x80013170                sd_mmc_spi_read_close_PDCA
 .text.sd_mmc_spi_wait_not_busy
                0x800131b0       0x68 avr32/components/memory/sd_mmc/sd_mmc_spi/sd_mmc_spi.o
                                 0x7c (size before relaxing)
                0x800131b0                sd_mmc_spi_wait_not_busy
 .text.sd_mmc_spi_write_open
                0x80013218       0x10 avr32/components/memory/sd_mmc/sd_mmc_spi/sd_mmc_spi.o
                                 0x18 (size before relaxing)
                0x80013218                sd_mmc_spi_write_open
 .text.sd_mmc_spi_command
                0x80013228      0x298 avr32/components/memory/sd_mmc/sd_mmc_spi/sd_mmc_spi.o
                                0x2a4 (size before relaxing)
                0x80013228                sd_mmc_spi_command
 .text.sd_mmc_spi_read_open_PDCA
                0x800134c0       0xac avr32/components/memory/sd_mmc/sd_mmc_spi/sd_mmc_spi.o
                                 0xd0 (size before relaxing)
                0x800134c0                sd_mmc_spi_read_open_PDCA
 .text.sd_mmc_spi_check_hc
                0x8001356c       0xe0 avr32/components/memory/sd_mmc/sd_mmc_spi/sd_mmc_spi.o
                                 0xfc (size before relaxing)
                0x8001356c                sd_mmc_spi_check_hc
 .text.sd_mmc_spi_write_sector_from_ram
                0x8001364c      0x154 avr32/components/memory/sd_mmc/sd_mmc_spi/sd_mmc_spi.o
                                0x170 (size before relaxing)
                0x8001364c                sd_mmc_spi_write_sector_from_ram
 .text.sd_mmc_spi_get_if
                0x800137a0      0x114 avr32/components/memory/sd_mmc/sd_mmc_spi/sd_mmc_spi.o
                                0x12c (size before relaxing)
                0x800137a0                sd_mmc_spi_get_if
 .text.sd_mmc_spi_internal_init
                0x800138b4      0x794 avr32/components/memory/sd_mmc/sd_mmc_spi/sd_mmc_spi.o
                                0x7d0 (size before relaxing)
                0x800138b4                sd_mmc_spi_internal_init
 .text.sd_mmc_spi_init
                0x80014048       0x2c avr32/components/memory/sd_mmc/sd_mmc_spi/sd_mmc_spi.o
                                 0x34 (size before relaxing)
                0x80014048                sd_mmc_spi_init
 .text.sd_mmc_spi_mem_check
                0x80014074      0x2b0 avr32/components/memory/sd_mmc/sd_mmc_spi/sd_mmc_spi.o
                                0x2c8 (size before relaxing)
                0x80014074                sd_mmc_spi_mem_check
 .text.uhd_get_speed
                0x80014324       0x1c avr32/drivers/usbb/usbb_host.o
                0x80014324                uhd_get_speed
 .text.uhd_send_reset
                0x80014340       0x14 avr32/drivers/usbb/usbb_host.o
                0x80014340                uhd_send_reset
 .text.uhd_suspend
                0x80014354       0xb4 avr32/drivers/usbb/usbb_host.o
                                 0xbc (size before relaxing)
                0x80014354                uhd_suspend
 .text.uhd_ep_alloc
                0x80014408      0x1a6 avr32/drivers/usbb/usbb_host.o
                0x80014408                uhd_ep_alloc
 .text.uhd_ep0_alloc
                0x800145ae       0x88 avr32/drivers/usbb/usbb_host.o
                0x800145ae                uhd_ep0_alloc
 *fill*         0x80014636        0x2 d703d703
 .text.otg_dual_enable
                0x80014638       0x8c avr32/drivers/usbb/usbb_host.o
                                 0xa0 (size before relaxing)
                0x80014638                otg_dual_enable
 .text.uhd_enable
                0x800146c4       0xc8 avr32/drivers/usbb/usbb_host.o
                                 0xd8 (size before relaxing)
                0x800146c4                uhd_enable
 .text.uhd_disable
                0x8001478c       0xac avr32/drivers/usbb/usbb_host.o
                                 0xb8 (size before relaxing)
                0x8001478c                uhd_disable
 .text.uhd_ctrl_request_end
                0x80014838      0x1bc avr32/drivers/usbb/usbb_host.o
                                0x1cc (size before relaxing)
 .text.uhd_setup_request
                0x800149f4      0x12c avr32/drivers/usbb/usbb_host.o
                                0x140 (size before relaxing)
                0x800149f4                uhd_setup_request
 .text.uhd_ep_abort_pipe
                0x80014b20       0xcc avr32/drivers/usbb/usbb_host.o
                                 0xd0 (size before relaxing)
 .text.uhd_ep_free
                0x80014bec       0xd8 avr32/drivers/usbb/usbb_host.o
                                 0xe4 (size before relaxing)
                0x80014bec                uhd_ep_free
 .text.uhd_pipe_trans_complet
                0x80014cc4      0x220 avr32/drivers/usbb/usbb_host.o
                                0x224 (size before relaxing)
 .text.uhd_ep_run
                0x80014ee4      0x230 avr32/drivers/usbb/usbb_host.o
                                0x238 (size before relaxing)
                0x80014ee4                uhd_ep_run
 .text.otg_interrupt
                0x80015114      0xafc avr32/drivers/usbb/usbb_host.o
                                0xb48 (size before relaxing)
 .text.osc_enable
                0x80015c10       0x38 common/services/clock/uc3a0_a1/sysclk.o
 .text.sysclk_priv_disable_module
                0x80015c48       0x30 common/services/clock/uc3a0_a1/sysclk.o
                0x80015c48                sysclk_priv_disable_module
 .text.sysclk_priv_enable_module
                0x80015c78       0x2e common/services/clock/uc3a0_a1/sysclk.o
                0x80015c78                sysclk_priv_enable_module
 *fill*         0x80015ca6        0x2 d703d703
 .text.sysclk_disable_usb
                0x80015ca8       0x7c common/services/clock/uc3a0_a1/sysclk.o
                                 0x84 (size before relaxing)
                0x80015ca8                sysclk_disable_usb
 .text.sysclk_enable_pbb_module
                0x80015d24       0x78 common/services/clock/uc3a0_a1/sysclk.o
                0x80015d24                sysclk_enable_pbb_module
 .text.sysclk_enable_usb
                0x80015d9c       0xb8 common/services/clock/uc3a0_a1/sysclk.o
                                 0xc8 (size before relaxing)
                0x80015d9c                sysclk_enable_usb
 .text.sysclk_init
                0x80015e54       0x7c common/services/clock/uc3a0_a1/sysclk.o
                                 0x84 (size before relaxing)
                0x80015e54                sysclk_init
 .text.uhc_enumeration_step2
                0x80015ed0       0x14 common/services/usb/uhc/uhc.o
                                 0x1c (size before relaxing)
 .text.uhc_enumeration_step8
                0x80015ee4       0x14 common/services/usb/uhc/uhc.o
                                 0x1c (size before relaxing)
 .text.uhc_notify_sof
                0x80015ef8       0x44 common/services/usb/uhc/uhc.o
                                 0x48 (size before relaxing)
                0x80015ef8                uhc_notify_sof
 .text.uhc_stop
                0x80015f3c        0x8 common/services/usb/uhc/uhc.o
                                  0xc (size before relaxing)
                0x80015f3c                uhc_stop
 .text.uhc_start
                0x80015f44       0x1c common/services/usb/uhc/uhc.o
                                 0x24 (size before relaxing)
                0x80015f44                uhc_start
 .text.uhc_enumeration_step3
                0x80015f60        0xc common/services/usb/uhc/uhc.o
                                 0x14 (size before relaxing)
 .text.uhc_enumeration_step7
                0x80015f6c        0xc common/services/usb/uhc/uhc.o
                                 0x14 (size before relaxing)
 .text.uhc_enumeration_step4
                0x80015f78       0x20 common/services/usb/uhc/uhc.o
                                 0x2c (size before relaxing)
 .text.uhc_enumeration_error
                0x80015f98       0x68 common/services/usb/uhc/uhc.o
                                 0x80 (size before relaxing)
 .text.uhc_enumeration_step5
                0x80016000       0x58 common/services/usb/uhc/uhc.o
                                 0x6c (size before relaxing)
 .text.uhc_enumeration_step6
                0x80016058       0x48 common/services/usb/uhc/uhc.o
                                 0x58 (size before relaxing)
 .text.uhc_enumeration_step9
                0x800160a0       0x68 common/services/usb/uhc/uhc.o
                                 0x80 (size before relaxing)
 .text.uhc_enumeration_step10
                0x80016108       0x28 common/services/usb/uhc/uhc.o
                                 0x34 (size before relaxing)
 .text.uhc_enumeration_step11
                0x80016130       0x68 common/services/usb/uhc/uhc.o
                                 0x80 (size before relaxing)
 .text.uhc_enumeration_step12
                0x80016198       0x80 common/services/usb/uhc/uhc.o
                                 0x94 (size before relaxing)
 .text.uhc_enumeration_step13
                0x80016218       0xb4 common/services/usb/uhc/uhc.o
                                 0xd4 (size before relaxing)
 .text.uhc_enumeration_step15
                0x800162cc       0x70 common/services/usb/uhc/uhc.o
                                 0x74 (size before relaxing)
 .text.uhc_enumeration_step14
                0x8001633c      0x2a0 common/services/usb/uhc/uhc.o
                                0x2bc (size before relaxing)
 .text.uhc_notify_connection
                0x800165dc       0x78 common/services/usb/uhc/uhc.o
                                 0x90 (size before relaxing)
                0x800165dc                uhc_notify_connection
 .text.uhc_notify_resume
                0x80016654       0x44 common/services/usb/uhc/uhc.o
                                 0x50 (size before relaxing)
                0x80016654                uhc_notify_resume
 .text.init_adc
                0x80016698       0x90 ../src/adc.o
                                 0xa0 (size before relaxing)
                0x80016698                init_adc
 .text.adc_poll
                0x80016728      0x198 ../src/adc.o
                                0x1a8 (size before relaxing)
                0x80016728                adc_poll
 .text.init_app_timers
                0x800168c0       0x3c ../src/app_timers.o
                                 0x4c (size before relaxing)
                0x800168c0                init_app_timers
 .text.adc_timer_callback
                0x800168fc        0x8 ../src/app_timers.o
                                  0xc (size before relaxing)
 .text.screen_timer_callback
                0x80016904       0x24 ../src/app_timers.o
                                 0x2c (size before relaxing)
 .text.enc_timer_callback
                0x80016928       0x94 ../src/app_timers.o
                                 0xa4 (size before relaxing)
 .text.bfin_set_param
                0x800169bc       0xd8 ../src/bfin.o
                                 0xe8 (size before relaxing)
                0x800169bc                bfin_set_param
 .text.bfin_get_param_desc
                0x80016a94      0x69c ../src/bfin.o
                                0x6b0 (size before relaxing)
                0x80016a94                bfin_get_param_desc
 .text.bfin_get_num_params
                0x80017130       0x5c ../src/bfin.o
                                 0x6c (size before relaxing)
                0x80017130                bfin_get_num_params
 .text.bfin_report_params
                0x8001718c       0x6c ../src/bfin.o
                                 0x88 (size before relaxing)
                0x8001718c                bfin_report_params
 .text.bfin_load_buf
                0x800171f8      0x230 ../src/bfin.o
                                0x260 (size before relaxing)
                0x800171f8                bfin_load_buf
 .text.init_events
                0x80017428       0x24 ../src/events.o
                                 0x2c (size before relaxing)
                0x80017428                init_events
 .text.post_event
                0x8001744c       0x50 ../src/events.o
                                 0x5c (size before relaxing)
                0x8001744c                post_event
 .text.get_next_event
                0x8001749c       0x4c ../src/events.o
                                 0x50 (size before relaxing)
                0x8001749c                get_next_event
 .text.set_enc_thresh
                0x800174e8       0x10 ../src/encoders.o
                                 0x14 (size before relaxing)
                0x800174e8                set_enc_thresh
 .text.process_enc
                0x800174f8       0x50 ../src/encoders.o
                                 0x54 (size before relaxing)
                0x800174f8                process_enc
 .text.init_encoders
                0x80017548       0xbc ../src/encoders.o
                                 0xc0 (size before relaxing)
                0x80017548                init_encoders
 .text.files_get_dsp_name
                0x80017604       0x10 ../src/files.o
                0x80017604                files_get_dsp_name
 .text.files_get_dsp_count
                0x80017614        0xc ../src/files.o
                0x80017614                files_get_dsp_count
 .text.files_store_scene
                0x80017620        0x2 ../src/files.o
                0x80017620                files_store_scene
 *fill*         0x80017622        0x2 d703d703
 .text.files_get_scene_count
                0x80017624        0xc ../src/files.o
                0x80017624                files_get_scene_count
 .text.list_scan
                0x80017630       0x5c ../src/files.o
                                 0x68 (size before relaxing)
 .text.init_files
                0x8001768c       0x20 ../src/files.o
                                 0x30 (size before relaxing)
                0x8001768c                init_files
 .text.T.49     0x800176ac       0xa0 ../src/files.o
                                 0xbc (size before relaxing)
 .text.files_load_dsp_name
                0x8001774c       0xa0 ../src/files.o
                                 0xc0 (size before relaxing)
                0x8001774c                files_load_dsp_name
 .text.files_load_dsp
                0x800177ec       0x14 ../src/files.o
                                 0x1c (size before relaxing)
                0x800177ec                files_load_dsp
 .text.files_load_scene
                0x80017800       0x3c ../src/files.o
                                 0x48 (size before relaxing)
                0x80017800                files_load_scene
 .text.fat_init
                0x8001783c       0x4c ../src/filesystem.o
                                 0x5c (size before relaxing)
                0x8001783c                fat_init
 .text.media_write
                0x80017888       0x68 ../src/filesystem.o
                                 0x7c (size before relaxing)
                0x80017888                media_write
 .text.media_read
                0x800178f0       0xb8 ../src/filesystem.o
                                 0xdc (size before relaxing)
                0x800178f0                media_read
 .text.flash_read_scene
                0x800179a8       0x18 ../src/flash.o
                                 0x1c (size before relaxing)
                0x800179a8                flash_read_scene
 .text.flash_write_scene
                0x800179c0       0x1c ../src/flash.o
                                 0x20 (size before relaxing)
                0x800179c0                flash_write_scene
 .text.init_flash
                0x800179dc       0x80 ../src/flash.o
                                 0x94 (size before relaxing)
                0x800179dc                init_flash
 .text.init_usb_host
                0x80017a5c        0x8 ../src/init.o
                                  0xc (size before relaxing)
                0x80017a5c                init_usb_host
 .text.init_bfin_resources
                0x80017a64       0x68 ../src/init.o
                                 0x80 (size before relaxing)
                0x80017a64                init_bfin_resources
 .text.init_local_pdca
                0x80017acc       0x5c ../src/init.o
                                 0x60 (size before relaxing)
                0x80017acc                init_local_pdca
 .text.init_spi1
                0x80017b28       0xe4 ../src/init.o
                                 0xfc (size before relaxing)
                0x80017b28                init_spi1
 .text.init_ftdi_usart
                0x80017c0c       0x28 ../src/init.o
                                 0x30 (size before relaxing)
                0x80017c0c                init_ftdi_usart
 .text.init_tc  0x80017c34       0x38 ../src/init.o
                                 0x48 (size before relaxing)
                0x80017c34                init_tc
 .text.init_gpio
                0x80017c6c       0x40 ../src/init.o
                                 0x48 (size before relaxing)
                0x80017c6c                init_gpio
 .text.register_interrupts
                0x80017cac       0xd0 ../src/interrupts.o
                                 0xe4 (size before relaxing)
                0x80017cac                register_interrupts
 .text.irq_tc   0x80017d7c       0x64 ../src/interrupts.o
                                 0x6c (size before relaxing)
 .text.irq_pdca
                0x80017de0       0x28 ../src/interrupts.o
                                 0x38 (size before relaxing)
 .text.irq_port1_line3
                0x80017e08       0x30 ../src/interrupts.o
                                 0x3c (size before relaxing)
 .text.irq_port0_line3
                0x80017e38       0x74 ../src/interrupts.o
                                 0x80 (size before relaxing)
 .text.irq_port1_line1
                0x80017eac       0x30 ../src/interrupts.o
                                 0x3c (size before relaxing)
 .text.irq_port1_line0
                0x80017edc       0x88 ../src/interrupts.o
                                 0x94 (size before relaxing)
 .text.alloc_mem
                0x80017f64       0x58 ../src/memory.o
                                 0x64 (size before relaxing)
                0x80017f64                alloc_mem
 .text.init_mem
                0x80017fbc       0x34 ../src/memory.o
                                 0x40 (size before relaxing)
                0x80017fbc                init_mem
 .text.screen_clear
                0x80017ff0       0x18 ../src/screen.o
                0x80017ff0                screen_clear
 .text.write_command
                0x80018008       0x30 ../src/screen.o
                                 0x40 (size before relaxing)
 .text.screen_hl_line
                0x80018038      0x158 ../src/screen.o
                                0x15c (size before relaxing)
                0x80018038                screen_hl_line
 .text.screen_blank_line
                0x80018190       0xa0 ../src/screen.o
                                 0xa4 (size before relaxing)
                0x80018190                screen_blank_line
 .text.screen_string_squeeze
                0x80018230      0x2d0 ../src/screen.o
                                0x2e4 (size before relaxing)
                0x80018230                screen_string_squeeze
 .text.screen_string
                0x80018500        0xc ../src/screen.o
                                 0x10 (size before relaxing)
                0x80018500                screen_string
 .text.screen_line
                0x8001850c       0xa4 ../src/screen.o
                                 0xb0 (size before relaxing)
                0x8001850c                screen_line
 .text.screen_refresh
                0x800185b0      0x118 ../src/screen.o
                                0x130 (size before relaxing)
                0x800185b0                screen_refresh
 .text.init_oled
                0x800186c8      0x658 ../src/screen.o
                                0x670 (size before relaxing)
                0x800186c8                init_oled
 .text.str_copy
                0x80018d20       0x44 ../src/simple_string.o
                0x80018d20                str_copy
 .text.process_sw
                0x80018d64       0x44 ../src/switches.o
                                 0x54 (size before relaxing)
                0x80018d64                process_sw
 .text.process_timers
                0x80018da8      0x18c ../src/timers.o
                                0x190 (size before relaxing)
                0x80018da8                process_timers
 .text.set_timer
                0x80018f34      0x124 ../src/timers.o
                0x80018f34                set_timer
 .text.main     0x80019058      0x344 ../src/main.o
                                0x400 (size before relaxing)
                0x80019058                main
 .text.usb_mode_change
                0x8001939c        0x2 ../src/usb.o
                0x8001939c                usb_mode_change
 .text.usb_vbus_change
                0x8001939e        0x2 ../src/usb.o
                0x8001939e                usb_vbus_change
 .text.usb_vbus_error
                0x800193a0        0x2 ../src/usb.o
                0x800193a0                usb_vbus_error
 .text.usb_connection
                0x800193a2        0x2 ../src/usb.o
                0x800193a2                usb_connection
 .text.usb_wakeup
                0x800193a4        0x2 ../src/usb.o
                0x800193a4                usb_wakeup
 .text.usb_sof  0x800193a6        0x2 ../src/usb.o
                0x800193a6                usb_sof
 .text.usb_enum
                0x800193a8        0x2 ../src/usb.o
                0x800193a8                usb_enum
 *fill*         0x800193aa        0x2 d703d703
 .text.hid_mouse_move
                0x800193ac       0x44 ../src/usb/mouse/hid_mouse.o
                                 0x4c (size before relaxing)
                0x800193ac                hid_mouse_move
 .text.hid_mouse_btn_middle
                0x800193f0       0x1c ../src/usb/mouse/hid_mouse.o
                                 0x24 (size before relaxing)
                0x800193f0                hid_mouse_btn_middle
 .text.hid_mouse_btn_right
                0x8001940c       0x1c ../src/usb/mouse/hid_mouse.o
                                 0x24 (size before relaxing)
                0x8001940c                hid_mouse_btn_right
 .text.hid_mouse_btn_left
                0x80019428       0x1c ../src/usb/mouse/hid_mouse.o
                                 0x24 (size before relaxing)
                0x80019428                hid_mouse_btn_left
 .text.uhi_hid_mouse_uninstall
                0x80019444       0x1c ../src/usb/mouse/uhi_hid_mouse.o
                                 0x20 (size before relaxing)
                0x80019444                uhi_hid_mouse_uninstall
 .text.uhi_hid_mouse_enable
                0x80019460       0x34 ../src/usb/mouse/uhi_hid_mouse.o
                                 0x3c (size before relaxing)
                0x80019460                uhi_hid_mouse_enable
 .text.uhi_hid_mouse_report_reception
                0x80019494       0xac ../src/usb/mouse/uhi_hid_mouse.o
                                 0xcc (size before relaxing)
 .text.uhi_hid_mouse_install
                0x80019540       0x90 ../src/usb/mouse/uhi_hid_mouse.o
                                 0x98 (size before relaxing)
                0x80019540                uhi_hid_mouse_install
 .text.uhi_hid_gamepad_uninstall
                0x800195d0       0x1c ../src/usb/gamepad/uhi_hid_gamepad.o
                                 0x20 (size before relaxing)
                0x800195d0                uhi_hid_gamepad_uninstall
 .text.uhi_hid_gamepad_enable
                0x800195ec       0x2c ../src/usb/gamepad/uhi_hid_gamepad.o
                                 0x34 (size before relaxing)
                0x800195ec                uhi_hid_gamepad_enable
 .text.uhi_hid_gamepad_report_reception
                0x80019618       0x68 ../src/usb/gamepad/uhi_hid_gamepad.o
                                 0x78 (size before relaxing)
 .text.uhi_hid_gamepad_install
                0x80019680      0x134 ../src/usb/gamepad/uhi_hid_gamepad.o
                                0x144 (size before relaxing)
                0x80019680                uhi_hid_gamepad_install
 .text.fatfs_lba_of_cluster
                0x800197b4       0x2a ../src/fat_io_lib/fat_access.o
                0x800197b4                fatfs_lba_of_cluster
 .text.fatfs_sector_read
                0x800197de       0x10 ../src/fat_io_lib/fat_access.o
                0x800197de                fatfs_sector_read
 .text.fatfs_sector_write
                0x800197ee       0x10 ../src/fat_io_lib/fat_access.o
                0x800197ee                fatfs_sector_write
 .text.fatfs_get_root_cluster
                0x800197fe        0x4 ../src/fat_io_lib/fat_access.o
                0x800197fe                fatfs_get_root_cluster
 .text.fatfs_list_directory_start
                0x80019802        0xc ../src/fat_io_lib/fat_access.o
                0x80019802                fatfs_list_directory_start
 *fill*         0x8001980e        0x2 d703d703
 .text.fatfs_init
                0x80019810      0x258 ../src/fat_io_lib/fat_access.o
                                0x25c (size before relaxing)
                0x80019810                fatfs_init
 .text.T.41     0x80019a68       0x80 ../src/fat_io_lib/fat_access.o
                                 0x8c (size before relaxing)
 .text.fatfs_get_file_entry
                0x80019ae8      0x150 ../src/fat_io_lib/fat_access.o
                                0x17c (size before relaxing)
                0x80019ae8                fatfs_get_file_entry
 .text.fatfs_sfn_exists
                0x80019c38      0x34c ../src/fat_io_lib/fat_access.o
                                0x360 (size before relaxing)
                0x80019c38                fatfs_sfn_exists
 .text.fatfs_update_file_length
                0x80019f84      0x3fc ../src/fat_io_lib/fat_access.o
                                0x414 (size before relaxing)
                0x80019f84                fatfs_update_file_length
 .text.fatfs_list_directory_next
                0x8001a380      0x20c ../src/fat_io_lib/fat_access.o
                                0x238 (size before relaxing)
                0x8001a380                fatfs_list_directory_next
 .text.fatfs_write_sector
                0x8001a58c       0x9c ../src/fat_io_lib/fat_access.o
                                 0xa0 (size before relaxing)
                0x8001a58c                fatfs_write_sector
 .text.fatfs_sector_reader
                0x8001a628       0xb0 ../src/fat_io_lib/fat_access.o
                                 0xb4 (size before relaxing)
                0x8001a628                fatfs_sector_reader
 .text.fatfs_cache_init
                0x8001a6d8        0x2 ../src/fat_io_lib/fat_cache.o
                0x8001a6d8                fatfs_cache_init
 .text.fatfs_cache_get_next_cluster
                0x8001a6da        0x2 ../src/fat_io_lib/fat_cache.o
                0x8001a6da                fatfs_cache_get_next_cluster
 .text.fatfs_cache_set_next_cluster
                0x8001a6dc        0x2 ../src/fat_io_lib/fat_cache.o
                0x8001a6dc                fatfs_cache_set_next_cluster
 *fill*         0x8001a6de        0x2 d703d703
 .text._free_file
                0x8001a6e0       0x8c ../src/fat_io_lib/fat_filelib.o
 .text.fl_init  0x8001a76c       0x38 ../src/fat_io_lib/fat_filelib.o
                                 0x40 (size before relaxing)
                0x8001a76c                fl_init
 .text._open_directory
                0x8001a7a4       0x8c ../src/fat_io_lib/fat_filelib.o
                                 0xa0 (size before relaxing)
 .text._write_sectors
                0x8001a830       0xf8 ../src/fat_io_lib/fat_filelib.o
                                0x108 (size before relaxing)
 .text._read_sectors
                0x8001a928       0xc8 ../src/fat_io_lib/fat_filelib.o
                                 0xd8 (size before relaxing)
 .text._create_file
                0x8001a9f0      0x218 ../src/fat_io_lib/fat_filelib.o
                                0x250 (size before relaxing)
 .text.fl_readdir
                0x8001ac08       0x7c ../src/fat_io_lib/fat_filelib.o
                                 0x88 (size before relaxing)
                0x8001ac08                fl_readdir
 .text.fl_opendir
                0x8001ac84       0xa0 ../src/fat_io_lib/fat_filelib.o
                                 0xb8 (size before relaxing)
                0x8001ac84                fl_opendir
 .text.fl_fflush
                0x8001ad24       0x80 ../src/fat_io_lib/fat_filelib.o
                                 0x90 (size before relaxing)
                0x8001ad24                fl_fflush
 .text.T.96     0x8001ada4       0xf0 ../src/fat_io_lib/fat_filelib.o
                                0x104 (size before relaxing)
 .text.fl_fgetc
                0x8001ae94       0x1c ../src/fat_io_lib/fat_filelib.o
                                 0x20 (size before relaxing)
                0x8001ae94                fl_fgetc
 .text.fl_fclose
                0x8001aeb0      0x120 ../src/fat_io_lib/fat_filelib.o
                                0x130 (size before relaxing)
                0x8001aeb0                fl_fclose
 .text.fl_attach_media
                0x8001afd0       0x84 ../src/fat_io_lib/fat_filelib.o
                                 0xa4 (size before relaxing)
                0x8001afd0                fl_attach_media
 .text._open_file
                0x8001b054      0x258 ../src/fat_io_lib/fat_filelib.o
                                0x288 (size before relaxing)
 .text.fl_fopen
                0x8001b2ac      0x150 ../src/fat_io_lib/fat_filelib.o
                                0x16c (size before relaxing)
                0x8001b2ac                fl_fopen
 .text.fatfs_lfn_cache_entry
                0x8001b3fc      0x1a0 ../src/fat_io_lib/fat_misc.o
                0x8001b3fc                fatfs_lfn_cache_entry
 .text.fatfs_lfn_cache_get
                0x8001b59c       0x2e ../src/fat_io_lib/fat_misc.o
                0x8001b59c                fatfs_lfn_cache_get
 .text.fatfs_entry_lfn_text
                0x8001b5ca        0xe ../src/fat_io_lib/fat_misc.o
                0x8001b5ca                fatfs_entry_lfn_text
 .text.fatfs_entry_lfn_invalid
                0x8001b5d8       0x32 ../src/fat_io_lib/fat_misc.o
                0x8001b5d8                fatfs_entry_lfn_invalid
 .text.fatfs_entry_lfn_exists
                0x8001b60a       0x36 ../src/fat_io_lib/fat_misc.o
                0x8001b60a                fatfs_entry_lfn_exists
 .text.fatfs_entry_sfn_only
                0x8001b640       0x2c ../src/fat_io_lib/fat_misc.o
                0x8001b640                fatfs_entry_sfn_only
 .text.fatfs_entry_is_dir
                0x8001b66c        0xa ../src/fat_io_lib/fat_misc.o
                0x8001b66c                fatfs_entry_is_dir
 .text.fatfs_entry_is_file
                0x8001b676        0xa ../src/fat_io_lib/fat_misc.o
                0x8001b676                fatfs_entry_is_file
 .text.fatfs_sfn_create_entry
                0x8001b680      0x116 ../src/fat_io_lib/fat_misc.o
                0x8001b680                fatfs_sfn_create_entry
 .text.fatfs_lfn_cache_init
                0x8001b796       0x36 ../src/fat_io_lib/fat_misc.o
                0x8001b796                fatfs_lfn_cache_init
 .text.fatfs_lfn_generate_tail
                0x8001b7cc       0xc4 ../src/fat_io_lib/fat_misc.o
                                 0xcc (size before relaxing)
                0x8001b7cc                fatfs_lfn_generate_tail
 .text.fatfs_lfn_create_sfn
                0x8001b890      0x150 ../src/fat_io_lib/fat_misc.o
                                0x158 (size before relaxing)
                0x8001b890                fatfs_lfn_create_sfn
 .text.fatfs_lfn_entries_required
                0x8001b9e0       0x24 ../src/fat_io_lib/fat_misc.o
                                 0x28 (size before relaxing)
                0x8001b9e0                fatfs_lfn_entries_required
 .text.fatfs_filename_to_lfn
                0x8001ba04      0x3a0 ../src/fat_io_lib/fat_misc.o
                                0x3ac (size before relaxing)
                0x8001ba04                fatfs_filename_to_lfn
 .text.fatfs_total_path_levels
                0x8001bda4       0x5c ../src/fat_io_lib/fat_string.o
                0x8001bda4                fatfs_total_path_levels
 .text.fatfs_get_sfn_display_name
                0x8001be00       0x4c ../src/fat_io_lib/fat_string.o
                0x8001be00                fatfs_get_sfn_display_name
 .text.fatfs_compare_names
                0x8001be4c      0x1f0 ../src/fat_io_lib/fat_string.o
                                0x1f4 (size before relaxing)
                0x8001be4c                fatfs_compare_names
 .text.fatfs_get_substring
                0x8001c03c       0xb0 ../src/fat_io_lib/fat_string.o
                                 0xb4 (size before relaxing)
                0x8001c03c                fatfs_get_substring
 .text.fatfs_split_path
                0x8001c0ec       0xb0 ../src/fat_io_lib/fat_string.o
                                 0xbc (size before relaxing)
                0x8001c0ec                fatfs_split_path
 .text.fatfs_fat_writeback
                0x8001c19c       0x48 ../src/fat_io_lib/fat_table.o
 .text.fatfs_set_fs_info_next_free_cluster
                0x8001c1e4       0xec ../src/fat_io_lib/fat_table.o
                                 0xf0 (size before relaxing)
                0x8001c1e4                fatfs_set_fs_info_next_free_cluster
 .text.fatfs_fat_init
                0x8001c2d0       0x3c ../src/fat_io_lib/fat_table.o
                                 0x40 (size before relaxing)
                0x8001c2d0                fatfs_fat_init
 .text.fatfs_fat_purge
                0x8001c30c       0x58 ../src/fat_io_lib/fat_table.o
                0x8001c30c                fatfs_fat_purge
 .text.fatfs_find_next_cluster
                0x8001c364      0x128 ../src/fat_io_lib/fat_table.o
                                0x12c (size before relaxing)
                0x8001c364                fatfs_find_next_cluster
 .text.fatfs_fat_set_cluster
                0x8001c48c      0x120 ../src/fat_io_lib/fat_table.o
                                0x124 (size before relaxing)
                0x8001c48c                fatfs_fat_set_cluster
 .text.fatfs_fat_add_cluster_to_chain
                0x8001c5ac      0x16c ../src/fat_io_lib/fat_table.o
                                0x178 (size before relaxing)
                0x8001c5ac                fatfs_fat_add_cluster_to_chain
 .text.fatfs_free_cluster_chain
                0x8001c718      0x2ca ../src/fat_io_lib/fat_table.o
                0x8001c718                fatfs_free_cluster_chain
 .text.fatfs_find_blank_cluster
                0x8001c9e2      0x14e ../src/fat_io_lib/fat_table.o
                0x8001c9e2                fatfs_find_blank_cluster
 .text.fatfs_add_file_entry
                0x8001cb30      0x970 ../src/fat_io_lib/fat_write.o
                                0x998 (size before relaxing)
                0x8001cb30                fatfs_add_file_entry
 .text.fatfs_add_free_space
                0x8001d4a0       0x68 ../src/fat_io_lib/fat_write.o
                                 0x74 (size before relaxing)
                0x8001d4a0                fatfs_add_free_space
 .text.fatfs_allocate_free_space
                0x8001d508       0xbc ../src/fat_io_lib/fat_write.o
                                 0xc8 (size before relaxing)
                0x8001d508                fatfs_allocate_free_space
 .text.itoa_whole
                0x8001d5c4       0xb0 ../../common/fix.o
                                 0xb8 (size before relaxing)
                0x8001d5c4                itoa_whole
 .text.itoa_whole_lj
                0x8001d674       0xd4 ../../common/fix.o
                                 0xd8 (size before relaxing)
                0x8001d674                itoa_whole_lj
 .text.print_fix16
                0x8001d748      0x3e8 ../../common/fix.o
                                0x404 (size before relaxing)
                0x8001d748                print_fix16
 .text.fix16_add
                0x8001db30       0x1a ../../common/libfixmath/fix16.o
                0x8001db30                fix16_add
 .text.fix16_sub
                0x8001db4a       0x1c ../../common/libfixmath/fix16.o
                0x8001db4a                fix16_sub
 .text.fix16_mul
                0x8001db66       0x56 ../../common/libfixmath/fix16.o
                0x8001db66                fix16_mul
 .text.key_handler_dsp
                0x8001dbbc       0x9c ../apps/bees/src/key_handler.o
                                 0xac (size before relaxing)
                0x8001dbbc                key_handler_dsp
 .text.key_handler_scenes
                0x8001dc58      0x16c ../apps/bees/src/key_handler.o
                                0x174 (size before relaxing)
                0x8001dc58                key_handler_scenes
 .text.key_handler_presets
                0x8001ddc4       0xe4 ../apps/bees/src/key_handler.o
                                 0xe8 (size before relaxing)
                0x8001ddc4                key_handler_presets
 .text.key_handler_play
                0x8001dea8      0x104 ../apps/bees/src/key_handler.o
                                0x110 (size before relaxing)
                0x8001dea8                key_handler_play
 .text.key_handler_outs
                0x8001dfac       0xd8 ../apps/bees/src/key_handler.o
                                 0xf8 (size before relaxing)
                0x8001dfac                key_handler_outs
 .text.key_handler_gathered
                0x8001e084        0x8 ../apps/bees/src/key_handler.o
                                  0xc (size before relaxing)
                0x8001e084                key_handler_gathered
 .text.scale_knob_value
                0x8001e08c       0x8c ../apps/bees/src/key_handler.o
                                 0xa0 (size before relaxing)
 .text.key_handler_ins
                0x8001e118       0xec ../apps/bees/src/key_handler.o
                                0x110 (size before relaxing)
                0x8001e118                key_handler_ins
 .text.key_handler_ops
                0x8001e204       0xe0 ../apps/bees/src/key_handler.o
                                0x124 (size before relaxing)
                0x8001e204                key_handler_ops
 .text.scroll_select_clip
                0x8001e2e4       0x54 ../apps/bees/src/menu.o
                                 0x60 (size before relaxing)
                0x8001e2e4                scroll_select_clip
 .text.set_page
                0x8001e338       0x74 ../apps/bees/src/menu.o
                                 0x8c (size before relaxing)
                0x8001e338                set_page
 .text.scroll_page
                0x8001e3ac       0xb0 ../apps/bees/src/menu.o
                                 0xc8 (size before relaxing)
                0x8001e3ac                scroll_page
 .text.menu_handleKey
                0x8001e45c       0x58 ../apps/bees/src/menu.o
                                 0x6c (size before relaxing)
                0x8001e45c                menu_handleKey
 .text.menu_init
                0x8001e4b4       0x10 ../apps/bees/src/menu.o
                                 0x18 (size before relaxing)
                0x8001e4b4                menu_init
 .text.scroll_select
                0x8001e4c4       0x4c ../apps/bees/src/menu.o
                0x8001e4c4                scroll_select
 .text.net_pop_op
                0x8001e510       0x6c ../apps/bees/src/net.o
                                 0x70 (size before relaxing)
                0x8001e510                net_pop_op
 .text.net_connect
                0x8001e57c       0x3c ../apps/bees/src/net.o
                                 0x40 (size before relaxing)
                0x8001e57c                net_connect
 .text.net_disconnect
                0x8001e5b8       0x40 ../apps/bees/src/net.o
                0x8001e5b8                net_disconnect
 .text.net_num_ops
                0x8001e5f8       0x10 ../apps/bees/src/net.o
                                 0x14 (size before relaxing)
                0x8001e5f8                net_num_ops
 .text.net_num_ins
                0x8001e608       0x1c ../apps/bees/src/net.o
                                 0x20 (size before relaxing)
                0x8001e608                net_num_ins
 .text.net_num_outs
                0x8001e624       0x10 ../apps/bees/src/net.o
                                 0x14 (size before relaxing)
                0x8001e624                net_num_outs
 .text.net_param_idx
                0x8001e634       0x14 ../apps/bees/src/net.o
                                 0x18 (size before relaxing)
                0x8001e634                net_param_idx
 .text.net_op_name
                0x8001e648       0x1c ../apps/bees/src/net.o
                                 0x20 (size before relaxing)
                0x8001e648                net_op_name
 .text.net_in_op_idx
                0x8001e664       0x28 ../apps/bees/src/net.o
                0x8001e664                net_in_op_idx
 .text.net_out_op_idx
                0x8001e68c       0x28 ../apps/bees/src/net.o
                                 0x2c (size before relaxing)
                0x8001e68c                net_out_op_idx
 .text.net_op_in_idx
                0x8001e6b4       0x48 ../apps/bees/src/net.o
                                 0x4c (size before relaxing)
                0x8001e6b4                net_op_in_idx
 .text.net_op_out_idx
                0x8001e6fc       0x48 ../apps/bees/src/net.o
                                 0x4c (size before relaxing)
                0x8001e6fc                net_op_out_idx
 .text.net_get_target
                0x8001e744       0x18 ../apps/bees/src/net.o
                                 0x1c (size before relaxing)
                0x8001e744                net_get_target
 .text.net_op_status
                0x8001e75c       0x10 ../apps/bees/src/net.o
                                 0x14 (size before relaxing)
                0x8001e75c                net_op_status
 .text.net_gather
                0x8001e76c       0x40 ../apps/bees/src/net.o
                0x8001e76c                net_gather
 .text.net_toggle_in_preset
                0x8001e7ac       0x24 ../apps/bees/src/net.o
                                 0x28 (size before relaxing)
                0x8001e7ac                net_toggle_in_preset
 .text.net_get_in_preset
                0x8001e7d0       0x14 ../apps/bees/src/net.o
                0x8001e7d0                net_get_in_preset
 .text.net_get_out_preset
                0x8001e7e4       0x18 ../apps/bees/src/net.o
                0x8001e7e4                net_get_out_preset
 .text.net_clear_params
                0x8001e7fc       0x14 ../apps/bees/src/net.o
                0x8001e7fc                net_clear_params
 .text.net_add_param
                0x8001e810       0xa8 ../apps/bees/src/net.o
                                 0xac (size before relaxing)
                0x8001e810                net_add_param
 .text.net_set_in_value
                0x8001e8b8       0x44 ../apps/bees/src/net.o
                                 0x4c (size before relaxing)
                0x8001e8b8                net_set_in_value
 .text.net_activate
                0x8001e8fc       0x5c ../apps/bees/src/net.o
                                 0x64 (size before relaxing)
                0x8001e8fc                net_activate
 .text.net_get_in_value
                0x8001e958       0x44 ../apps/bees/src/net.o
                                 0x4c (size before relaxing)
                0x8001e958                net_get_in_value
 .text.net_out_name
                0x8001e99c       0x2c ../apps/bees/src/net.o
                                 0x34 (size before relaxing)
                0x8001e99c                net_out_name
 .text.net_in_name
                0x8001e9c8       0x68 ../apps/bees/src/net.o
                                 0x70 (size before relaxing)
                0x8001e9c8                net_in_name
 .text.net_add_op
                0x8001ea30      0x1b8 ../apps/bees/src/net.o
                                0x1d0 (size before relaxing)
                0x8001ea30                net_add_op
 .text.net_init
                0x8001ebe8      0x104 ../apps/bees/src/net.o
                                0x128 (size before relaxing)
                0x8001ebe8                net_init
 .text.net_inc_in_value
                0x8001ecec       0x98 ../apps/bees/src/net.o
                                 0xb4 (size before relaxing)
                0x8001ecec                net_inc_in_value
 .text.op_in_name
                0x8001ed84       0x54 ../apps/bees/src/op.o
                                 0x58 (size before relaxing)
                0x8001ed84                op_in_name
 .text.op_out_name
                0x8001edd8       0x54 ../apps/bees/src/op.o
                                 0x58 (size before relaxing)
                0x8001edd8                op_out_name
 .text.op_get_in_val
                0x8001ee2c        0xa ../apps/bees/src/op.o
                0x8001ee2c                op_get_in_val
 *fill*         0x8001ee36        0x2 d703d703
 .text.op_set_in_val
                0x8001ee38       0x24 ../apps/bees/src/op.o
                                 0x2c (size before relaxing)
                0x8001ee38                op_set_in_val
 .text.get_param_value
                0x8001ee5c       0x20 ../apps/bees/src/param.o
                0x8001ee5c                get_param_value
 .text.get_param_preset
                0x8001ee7c       0x18 ../apps/bees/src/param.o
                0x8001ee7c                get_param_preset
 .text.get_param_name
                0x8001ee94       0x18 ../apps/bees/src/param.o
                0x8001ee94                get_param_name
 .text.set_param_value
                0x8001eeac       0x48 ../apps/bees/src/param.o
                                 0x4c (size before relaxing)
                0x8001eeac                set_param_value
 .text.play_get_entry
                0x8001eef4       0x3c ../apps/bees/src/play.o
                                 0x40 (size before relaxing)
                0x8001eef4                play_get_entry
 .text.play_param
                0x8001ef30       0x78 ../apps/bees/src/play.o
                                 0x94 (size before relaxing)
                0x8001ef30                play_param
 .text.preset_name
                0x8001efa8       0x14 ../apps/bees/src/preset.o
                                 0x18 (size before relaxing)
                0x8001efa8                preset_name
 .text.preset_recall
                0x8001efbc       0xcc ../apps/bees/src/preset.o
                                 0xe0 (size before relaxing)
                0x8001efbc                preset_recall
 .text.preset_store
                0x8001f088       0xc4 ../apps/bees/src/preset.o
                                 0xe4 (size before relaxing)
                0x8001f088                preset_store
 .text.preset_init
                0x8001f14c      0x554 ../apps/bees/src/preset.o
                                0x560 (size before relaxing)
                0x8001f14c                preset_init
 .text.redraw_gathered
                0x8001f6a0        0x2 ../apps/bees/src/redraw.o
                0x8001f6a0                redraw_gathered
 *fill*         0x8001f6a2        0x2 d703d703
 .text.redraw_play
                0x8001f6a4      0x170 ../apps/bees/src/redraw.o
                                0x184 (size before relaxing)
                0x8001f6a4                redraw_play
 .text.redraw_scenes
                0x8001f814       0xb8 ../apps/bees/src/redraw.o
                                 0xd8 (size before relaxing)
                0x8001f814                redraw_scenes
 .text.T.66     0x8001f8cc       0x88 ../apps/bees/src/redraw.o
                                 0x98 (size before relaxing)
 .text.redraw_presets
                0x8001f954       0xdc ../apps/bees/src/redraw.o
                                0x104 (size before relaxing)
                0x8001f954                redraw_presets
 .text.draw_line_ops
                0x8001fa30       0x88 ../apps/bees/src/redraw.o
                                 0xa0 (size before relaxing)
 .text.redraw_ops
                0x8001fab8      0x124 ../apps/bees/src/redraw.o
                                0x15c (size before relaxing)
                0x8001fab8                redraw_ops
 .text.draw_line_outs
                0x8001fbdc      0x264 ../apps/bees/src/redraw.o
                                0x280 (size before relaxing)
 .text.redraw_outs
                0x8001fe40       0x8c ../apps/bees/src/redraw.o
                                 0xac (size before relaxing)
                0x8001fe40                redraw_outs
 .text.draw_line_ins
                0x8001fecc      0x17c ../apps/bees/src/redraw.o
                                0x19c (size before relaxing)
 .text.redraw_ins
                0x80020048       0x8c ../apps/bees/src/redraw.o
                                 0xac (size before relaxing)
                0x80020048                redraw_ins
 .text.redraw_dsp
                0x800200d4      0x1a0 ../apps/bees/src/redraw.o
                                0x1b4 (size before relaxing)
                0x800200d4                redraw_dsp
 .text.scene_read_default
                0x80020274       0x20 ../apps/bees/src/scene.o
                                 0x2c (size before relaxing)
                0x80020274                scene_read_default
 .text.scene_init
                0x80020294       0x14 ../apps/bees/src/scene.o
                                 0x18 (size before relaxing)
                0x80020294                scene_init
 .text.scene_write_default
                0x800202a8       0x48 ../apps/bees/src/scene.o
                                 0x5c (size before relaxing)
                0x800202a8                scene_write_default
 .text.op_add_init
                0x800202f0       0x58 ../apps/bees/src/ops/op_add.o
                                 0x64 (size before relaxing)
                0x800202f0                op_add_init
 .text.op_add_in_btrig
                0x80020348        0x8 ../apps/bees/src/ops/op_add.o
 .text.op_add_in_b
                0x80020350       0x28 ../apps/bees/src/ops/op_add.o
                                 0x30 (size before relaxing)
 .text.op_add_in_a
                0x80020378       0x20 ../apps/bees/src/ops/op_add.o
                                 0x28 (size before relaxing)
 .text.op_add_inc_input
                0x80020398       0x7c ../apps/bees/src/ops/op_add.o
                                 0x84 (size before relaxing)
 .text.op_enc_init
                0x80020414       0x84 ../apps/bees/src/ops/op_enc.o
                                 0x90 (size before relaxing)
                0x80020414                op_enc_init
 .text.op_enc_in_step
                0x80020498        0x6 ../apps/bees/src/ops/op_enc.o
 .text.op_enc_in_wrap
                0x8002049e       0x16 ../apps/bees/src/ops/op_enc.o
 .text.op_enc_perform
                0x800204b4       0xbc ../apps/bees/src/ops/op_enc.o
                                 0xc8 (size before relaxing)
 .text.op_enc_in_max
                0x80020570        0xc ../apps/bees/src/ops/op_enc.o
                                 0x10 (size before relaxing)
 .text.op_enc_in_min
                0x8002057c        0xc ../apps/bees/src/ops/op_enc.o
                                 0x10 (size before relaxing)
 .text.op_enc_in_move
                0x80020588       0x20 ../apps/bees/src/ops/op_enc.o
                                 0x30 (size before relaxing)
 .text.op_enc_inc_input
                0x800205a8       0x98 ../apps/bees/src/ops/op_enc.o
                                 0xac (size before relaxing)
 .text.op_gate_init
                0x80020640       0x5c ../apps/bees/src/ops/op_gate.o
                                 0x68 (size before relaxing)
                0x80020640                op_gate_init
 .text.op_gate_in_store
                0x8002069c       0x14 ../apps/bees/src/ops/op_gate.o
 .text.op_gate_in_gate
                0x800206b0       0x28 ../apps/bees/src/ops/op_gate.o
                                 0x2c (size before relaxing)
 .text.op_gate_in_value
                0x800206d8       0x18 ../apps/bees/src/ops/op_gate.o
                                 0x1c (size before relaxing)
 .text.op_gate_inc_input
                0x800206f0       0x7c ../apps/bees/src/ops/op_gate.o
                                 0x84 (size before relaxing)
 .text.op_mul_init
                0x8002076c       0x58 ../apps/bees/src/ops/op_mul.o
                                 0x60 (size before relaxing)
                0x8002076c                op_mul_init
 .text.op_mul_in_btrig
                0x800207c4       0x14 ../apps/bees/src/ops/op_mul.o
 .text.op_mul_in_b
                0x800207d8       0x28 ../apps/bees/src/ops/op_mul.o
                                 0x30 (size before relaxing)
 .text.op_mul_in_a
                0x80020800       0x20 ../apps/bees/src/ops/op_mul.o
                                 0x28 (size before relaxing)
 .text.op_mul_inc_input
                0x80020820       0x80 ../apps/bees/src/ops/op_mul.o
                                 0x8c (size before relaxing)
 .text.op_sw_init
                0x800208a0       0x68 ../apps/bees/src/ops/op_sw.o
                                 0x74 (size before relaxing)
                0x800208a0                op_sw_init
 .text.op_sw_in_tog
                0x80020908       0x16 ../apps/bees/src/ops/op_sw.o
 *fill*         0x8002091e        0x2 d703d703
 .text.op_sw_in_mul
                0x80020920       0x20 ../apps/bees/src/ops/op_sw.o
                                 0x24 (size before relaxing)
 .text.op_sw_in_state
                0x80020940       0x4c ../apps/bees/src/ops/op_sw.o
                                 0x50 (size before relaxing)
 .text.op_sw_inc_func
                0x8002098c       0x90 ../apps/bees/src/ops/op_sw.o
                                 0x98 (size before relaxing)
 .text._stext   0x80020a1c       0x40 avr32/utils/startup/startup_uc3.o
                                 0x50 (size before relaxing)
                0x80020a1c                _stext
 .text          0x80020a5c       0x74 /home/emb/avr32-gnu-toolchain/bin/../lib/gcc/avr32/4.4.3/ucr2/libgcc.a(_avr32_s32_to_f32.o)
                0x80020a5c                __avr32_s32_to_f32
 .text          0x80020ad0       0x1e /home/emb/avr32-gnu-toolchain/bin/../lib/gcc/avr32/4.4.3/ucr2/libgcc.a(_avr32_f32_to_s32.o)
                0x80020ad0                __avr32_f32_to_s32
 .text          0x80020aee      0x292 /home/emb/avr32-gnu-toolchain/bin/../lib/gcc/avr32/4.4.3/ucr2/libgcc.a(_udivdi3.o)
                0x80020aee                __udivdi3
                0x80020aee                __avr32_udiv64
 .text.free     0x80020d80       0x10 /home/emb/avr32-gnu-toolchain/bin/../lib/gcc/avr32/4.4.3/../../../../avr32/lib/ucr2/libc.a(lib_a-malloc.o)
                                 0x18 (size before relaxing)
                0x80020d80                free
 .text.malloc   0x80020d90       0x10 /home/emb/avr32-gnu-toolchain/bin/../lib/gcc/avr32/4.4.3/../../../../avr32/lib/ucr2/libc.a(lib_a-malloc.o)
                                 0x18 (size before relaxing)
                0x80020d90                malloc
 .text._malloc_r
                0x80020da0      0x430 /home/emb/avr32-gnu-toolchain/bin/../lib/gcc/avr32/4.4.3/../../../../avr32/lib/ucr2/libc.a(lib_a-mallocr.o)
                                0x454 (size before relaxing)
                0x80020da0                _malloc_r
 .text          0x800211d0      0x148 /home/emb/avr32-gnu-toolchain/bin/../lib/gcc/avr32/4.4.3/../../../../avr32/lib/ucr2/libc.a(lib_a-memcpy.o)
                0x800211d0                memcpy
 .text.memset   0x80021318        0xe /home/emb/avr32-gnu-toolchain/bin/../lib/gcc/avr32/4.4.3/../../../../avr32/lib/ucr2/libc.a(lib_a-memset.o)
                0x80021318                memset
 .text.__malloc_lock
                0x80021326        0x2 /home/emb/avr32-gnu-toolchain/bin/../lib/gcc/avr32/4.4.3/../../../../avr32/lib/ucr2/libc.a(lib_a-mlock.o)
                0x80021326                __malloc_lock
 .text.__malloc_unlock
                0x80021328        0x2 /home/emb/avr32-gnu-toolchain/bin/../lib/gcc/avr32/4.4.3/../../../../avr32/lib/ucr2/libc.a(lib_a-mlock.o)
                0x80021328                __malloc_unlock
 *fill*         0x8002132a        0x2 d703d703
 .text._sbrk_r  0x8002132c       0x20 /home/emb/avr32-gnu-toolchain/bin/../lib/gcc/avr32/4.4.3/../../../../avr32/lib/ucr2/libc.a(lib_a-sbrkr.o)
                                 0x28 (size before relaxing)
                0x8002132c                _sbrk_r
 .text          0x8002134c       0xa8 /home/emb/avr32-gnu-toolchain/bin/../lib/gcc/avr32/4.4.3/../../../../avr32/lib/ucr2/libc.a(lib_a-strcmp.o)
                0x8002134c                strcmp
 .text.strcpy   0x800213f4       0x12 /home/emb/avr32-gnu-toolchain/bin/../lib/gcc/avr32/4.4.3/../../../../avr32/lib/ucr2/libc.a(lib_a-strcpy.o)
                0x800213f4                strcpy
 .text.strlen   0x80021406       0x16 /home/emb/avr32-gnu-toolchain/bin/../lib/gcc/avr32/4.4.3/../../../../avr32/lib/ucr2/libc.a(lib_a-strlen.o)
                0x80021406                strlen
 .text.strncat  0x8002141c       0x2e /home/emb/avr32-gnu-toolchain/bin/../lib/gcc/avr32/4.4.3/../../../../avr32/lib/ucr2/libc.a(lib_a-strncat.o)
                0x8002141c                strncat
 .text.strncmp  0x8002144a       0x26 /home/emb/avr32-gnu-toolchain/bin/../lib/gcc/avr32/4.4.3/../../../../avr32/lib/ucr2/libc.a(lib_a-strncmp.o)
                0x8002144a                strncmp
 .text          0x80021470       0x20 /home/emb/avr32-gnu-toolchain/bin/../lib/gcc/avr32/4.4.3/../../../../avr32/lib/ucr2/libc.a(lib_a-strncpy.o)
                0x80021470                strncpy
 .text._sbrk    0x80021490       0x38 /home/emb/avr32-gnu-toolchain/bin/../lib/gcc/avr32/4.4.3/../../../../avr32/lib/ucr2/libc.a(lib_a-syscalls.o)
                                 0x40 (size before relaxing)
                0x80021490                _sbrk
 .text.__errno  0x800214c8        0xc /home/emb/avr32-gnu-toolchain/bin/../lib/gcc/avr32/4.4.3/../../../../avr32/lib/ucr2/libc.a(lib_a-errno.o)
                0x800214c8                __errno
 .text._malloc_trim_r
                0x800214d4       0x8c /home/emb/avr32-gnu-toolchain/bin/../lib/gcc/avr32/4.4.3/../../../../avr32/lib/ucr2/libc.a(lib_a-freer.o)
                                 0xa8 (size before relaxing)
                0x800214d4                _malloc_trim_r
 .text._free_r  0x80021560      0x184 /home/emb/avr32-gnu-toolchain/bin/../lib/gcc/avr32/4.4.3/../../../../avr32/lib/ucr2/libc.a(lib_a-freer.o)
                                0x1a4 (size before relaxing)
                0x80021560                _free_r
 *(.text.*personality*)
 *(.gnu.warning)

.exception      0x80021800      0x200
 .exception     0x80021800      0x200 avr32/drivers/intc/exception.o
                0x80021800                _evba
                0x80021904                _int0
                0x80021912                _int1
                0x80021920                _int2
                0x8002192e                _int3

.fini
 *(.fini)
                0x80021a00                PROVIDE (__etext, .)
                0x80021a00                PROVIDE (_etext, .)
                0x80021a00                PROVIDE (etext, .)

.rodata         0x80021a00     0x19a8
 *(.rodata .rodata.* .gnu.linkonce.r.*)
 .rodata.SMC_EBI_GPIO_MAP.10588
                0x80021a00      0x148 avr32/drivers/ebi/smc/smc.o
 .rodata.C.34.10514
                0x80021b48       0x10 avr32/drivers/flashc/flashc.o
 .rodata._int_handler_table
                0x80021b58       0xa0 avr32/drivers/intc/intc.o
 .rodata.HEX_DIGITS
                0x80021bf8       0x10 avr32/utils/debug/print_funcs.o
 .rodata.CSWTCH.100
                0x80021c08        0xc avr32/drivers/usbb/usbb_host.o
 .rodata.CSWTCH.103
                0x80021c14        0xc avr32/drivers/usbb/usbb_host.o
 .rodata.str1.4
                0x80021c20      0x311 common/services/usb/uhc/uhc.o
                                0x314 (size before relaxing)
 *fill*         0x80021f31        0x3 00
 .rodata.uhc_uhis
                0x80021f34       0x20 common/services/usb/uhc/uhc.o
 .rodata.str1.4
                0x80021f54       0x29 ../src/app_timers.o
                                 0x2c (size before relaxing)
 *fill*         0x80021f7d        0x3 00
 .rodata.str1.4
                0x80021f80       0x7d ../src/bfin.o
                                 0x84 (size before relaxing)
 *fill*         0x80021ffd        0x3 00
 .rodata.str1.4
                0x80022000       0x15 ../src/events.o
                                 0x18 (size before relaxing)
 .rodata.enc_map
                0x80022015       0x10 ../src/encoders.o
 *fill*         0x80022025        0x3 00
 .rodata.str1.4
                0x80022028      0x1e6 ../src/files.o
                                0x1e8 (size before relaxing)
 *fill*         0x8002220e        0x2 00
 .rodata.str1.4
                0x80022210      0x121 ../src/filesystem.o
                                0x124 (size before relaxing)
 *fill*         0x80022331        0x3 00
 .rodata.str1.4
                0x80022334       0x36 ../src/flash.o
                                 0x50 (size before relaxing)
 .rodata.font_data
                0x8002236a      0x2f8 ../src/font.o
                0x8002236a                font_data
 *fill*         0x80022662        0x2 00
 .rodata.tc_interrupt.13477
                0x80022664        0x4 ../src/init.o
 .rodata.FTDI_USART_OPTIONS.13482
                0x80022668        0xc ../src/init.o
 .rodata.FTDI_USART_GPIO_MAP.13481
                0x80022674       0x10 ../src/init.o
 .rodata.OLED_SPI_GPIO_MAP.13486
                0x80022684       0x30 ../src/init.o
 .rodata.waveform_opt.13476
                0x800226b4        0x8 ../src/init.o
 .rodata.C.65.13495
                0x800226bc       0x18 ../src/init.o
 .rodata.BFIN_SPI_GPIO_MAP.13499
                0x800226d4       0x20 ../src/init.o
 .rodata.C.63.13488
                0x800226f4       0x10 ../src/init.o
 .rodata.C.66.13501
                0x80022704       0x10 ../src/init.o
 .rodata.C.64.13494
                0x80022714       0x18 ../src/init.o
 .rodata.str1.4
                0x8002272c       0x30 ../src/memory.o
 .rodata.lines  0x8002275c        0x8 ../src/screen.o
                0x8002275c                lines
 .rodata.kSwitchEvents
                0x80022764       0x40 ../src/switches.o
 .rodata.str1.4
                0x800227a4       0x1c ../src/switches.o
 .rodata.kSwitchPins
                0x800227c0        0x8 ../src/switches.o
 .rodata.main   0x800227c8       0x54 ../src/main.o
 .rodata.str1.4
                0x8002281c      0x1de ../src/main.o
                                0x1e0 (size before relaxing)
 *fill*         0x800229fa        0x2 00
 .rodata.str1.4
                0x800229fc       0x7f ../src/usb/mouse/hid_mouse.o
                                 0x80 (size before relaxing)
 *fill*         0x80022a7b        0x1 00
 .rodata.str1.4
                0x80022a7c      0x15b ../src/usb/gamepad/uhi_hid_gamepad.o
                                0x168 (size before relaxing)
 *fill*         0x80022bd7        0x1 00
 .rodata.fl_fopen
                0x80022bd8      0x134 ../src/fat_io_lib/fat_filelib.o
 .rodata.str1.4
                0x80022d0c       0x3b ../src/fat_io_lib/fat_filelib.o
                                 0x40 (size before relaxing)
 *fill*         0x80022d47        0x1 00
 .rodata.str1.4
                0x80022d48       0x11 ../src/fat_io_lib/fat_misc.o
                                 0x14 (size before relaxing)
 *fill*         0x80022d59        0x3 00
 .rodata.C.1.2863
                0x80022d5c       0x34 ../src/fat_io_lib/fat_misc.o
 .rodata.key_handler_scenes
                0x80022d90       0x40 ../apps/bees/src/key_handler.o
 .rodata.key_handler_presets
                0x80022dd0       0x30 ../apps/bees/src/key_handler.o
 .rodata.key_handler_play
                0x80022e00       0x40 ../apps/bees/src/key_handler.o
 .rodata.key_handler_outs
                0x80022e40       0x38 ../apps/bees/src/key_handler.o
 .rodata.key_handler_ins
                0x80022e78       0x40 ../apps/bees/src/key_handler.o
 .rodata.key_handler_ops
                0x80022eb8       0x40 ../apps/bees/src/key_handler.o
 .rodata.str1.4
                0x80022ef8       0x78 ../apps/bees/src/key_handler.o
 .rodata.scroll_page
                0x80022f70       0x1c ../apps/bees/src/menu.o
 .rodata.userOpTypes
                0x80022f8c       0x18 ../apps/bees/src/menu.o
                0x80022f8c                userOpTypes
 .rodata.str1.4
                0x80022fa4       0xc1 ../apps/bees/src/menu.o
                                 0xc4 (size before relaxing)
 *fill*         0x80023065        0x3 00
 .rodata.str1.4
                0x80023068       0x3c ../apps/bees/src/net.o
                                 0x40 (size before relaxing)
 .rodata.op_registry
                0x800230a4       0x28 ../apps/bees/src/op.o
                0x800230a4                op_registry
 .rodata.str1.4
                0x800230cc       0x15 ../apps/bees/src/op.o
                                 0x18 (size before relaxing)
 *fill*         0x800230e1        0x3 00
 .rodata.str1.4
                0x800230e4        0x8 ../apps/bees/src/preset.o
 .rodata.str1.4
                0x800230ec       0xd9 ../apps/bees/src/redraw.o
                                 0xf8 (size before relaxing)
 *fill*         0x800231c5        0x3 00
 .rodata.str1.4
                0x800231c8       0x7d ../apps/bees/src/scene.o
                                 0x80 (size before relaxing)
 *fill*         0x80023245        0x3 00
 .rodata.op_add_instring
                0x80023248        0x4 ../apps/bees/src/ops/op_add.o
 .rodata.str1.4
                0x8002324c       0x2d ../apps/bees/src/ops/op_add.o
                                 0x30 (size before relaxing)
 *fill*         0x80023279        0x3 00
 .rodata.op_add_opstring
                0x8002327c        0x4 ../apps/bees/src/ops/op_add.o
 .rodata.op_add_outstring
                0x80023280        0x4 ../apps/bees/src/ops/op_add.o
 .rodata.op_enc_instring
                0x80023284        0x4 ../apps/bees/src/ops/op_enc.o
 .rodata.op_enc_opstring
                0x80023288        0x4 ../apps/bees/src/ops/op_enc.o
 .rodata.op_enc_outstring
                0x8002328c        0x4 ../apps/bees/src/ops/op_enc.o
 .rodata.str1.4
                0x80023290       0x3d ../apps/bees/src/ops/op_enc.o
                                 0x44 (size before relaxing)
 *fill*         0x800232cd        0x3 00
 .rodata.str1.4
                0x800232d0       0x25 ../apps/bees/src/ops/op_gate.o
                                 0x30 (size before relaxing)
 *fill*         0x800232f5        0x3 00
 .rodata.op_gate_outstring
                0x800232f8        0x4 ../apps/bees/src/ops/op_gate.o
 .rodata.op_gate_instring
                0x800232fc        0x4 ../apps/bees/src/ops/op_gate.o
 .rodata.op_gate_opstring
                0x80023300        0x4 ../apps/bees/src/ops/op_gate.o
 .rodata.str1.4
                0x80023304        0x9 ../apps/bees/src/ops/op_mul.o
                                 0x2c (size before relaxing)
 *fill*         0x8002330d        0x3 00
 .rodata.op_mul_outstring
                0x80023310        0x4 ../apps/bees/src/ops/op_mul.o
 .rodata.op_mul_instring
                0x80023314        0x4 ../apps/bees/src/ops/op_mul.o
 .rodata.op_mul_opstring
                0x80023318        0x4 ../apps/bees/src/ops/op_mul.o
 .rodata.op_sw_instring
                0x8002331c        0x4 ../apps/bees/src/ops/op_sw.o
 .rodata.op_sw_opstring
                0x80023320        0x4 ../apps/bees/src/ops/op_sw.o
 .rodata.op_sw_outstring
                0x80023324        0x4 ../apps/bees/src/ops/op_sw.o
 .rodata.str1.4
                0x80023328       0x19 ../apps/bees/src/ops/op_sw.o
                                 0x2c (size before relaxing)
 *fill*         0x80023341        0x3 00
 .rodata.str1.4
                0x80023344        0x4 /home/emb/avr32-gnu-toolchain/bin/../lib/gcc/avr32/4.4.3/../../../../avr32/lib/ucr2/libc.a(lib_a-impure.o)
 .rodata.__sf_fake_stdin
                0x80023348       0x20 /home/emb/avr32-gnu-toolchain/bin/../lib/gcc/avr32/4.4.3/../../../../avr32/lib/ucr2/libc.a(lib_a-findfp.o)
                0x80023348                __sf_fake_stdin
 .rodata.__sf_fake_stdout
                0x80023368       0x20 /home/emb/avr32-gnu-toolchain/bin/../lib/gcc/avr32/4.4.3/../../../../avr32/lib/ucr2/libc.a(lib_a-findfp.o)
                0x80023368                __sf_fake_stdout
 .rodata.__sf_fake_stderr
                0x80023388       0x20 /home/emb/avr32-gnu-toolchain/bin/../lib/gcc/avr32/4.4.3/../../../../avr32/lib/ucr2/libc.a(lib_a-findfp.o)
                0x80023388                __sf_fake_stderr

.rodata1
 *(.rodata1)

.eh_frame_hdr
 *(.eh_frame_hdr)

.eh_frame
 *(.eh_frame)

.gcc_except_table
 *(.gcc_except_table)
 *(.gcc_except_table.*)

.lalign         0x800233a8        0x0
                0x800233a8                . = ALIGN (0x8)
                0x800233a8                PROVIDE (_data_lma, .)
                0x00000004                . = ORIGIN (INTRAM)

.dalign         0x00000004        0x4
                0x00000008                . = ALIGN (0x8)
 *fill*         0x00000004        0x4 00
                0x00000008                PROVIDE (_data, .)

.eh_frame
 *(.eh_frame)

.gcc_except_table
 *(.gcc_except_table)
 *(.gcc_except_table.*)

.tdata
 *(.tdata .tdata.* .gnu.linkonce.td.*)

.tbss
 *(.tbss .tbss.* .gnu.linkonce.tb.*)
 *(.tcommon)
                0x00000008                PROVIDE (__preinit_array_start, ALIGN (0x4))

.preinit_array
 *(.preinit_array)
                0x00000008                PROVIDE (__preinit_array_end, .)
                0x00000008                PROVIDE (__init_array_start, .)

.init_array
 *(.init_array)
                0x00000008                PROVIDE (__init_array_end, .)
                0x00000008                PROVIDE (__fini_array_start, .)

.fini_array
 *(.fini_array)
                0x00000008                PROVIDE (__fini_array_end, .)

.ctors
 *crtbegin*.o(.ctors)
 *(EXCLUDE_FILE(*crtend*.o) .ctors)
 *(SORT(.ctors.*))
 *(.ctors)

.dtors
 *crtbegin*.o(.dtors)
 *(EXCLUDE_FILE(*crtend*.o) .dtors)
 *(SORT(.dtors.*))
 *(.dtors)

.jcr
 *(.jcr)

.data.rel.ro
 *(.data.rel.ro.local)
 *(.data.rel.ro*)

.dynamic
 *(.dynamic)

.got
 *(.got.plt)
 *(.got)

.ramtext
 *(.ramtext .ramtext.*)

.ddalign        0x00000008        0x0 load address 0x800233a8
                0x00000008                . = ALIGN (0x8)

.data           0x00000008      0x64c load address 0x800233a8
 *(.data .data.* .gnu.linkonce.d.*)
 .data.flashc_wait_until_ready
                0x00000008        0x4 avr32/drivers/flashc/flashc.o
                0x00000008                flashc_wait_until_ready
 .data.startup  0x0000000c        0x1 ../src/main.o
 *fill*         0x0000000d        0x3 00
 .data.bufLo    0x00000010        0x4 ../../common/fix.o
 .data.bufHi    0x00000014        0x8 ../../common/fix.o
 .data.pages    0x0000001c       0xe0 ../apps/bees/src/menu.o
                0x0000001c                pages
 .data.numBuf   0x000000fc        0xc ../apps/bees/src/redraw.o
 .data.pline    0x00000108        0x4 ../apps/bees/src/redraw.o
 .data.op_add_in_func
                0x0000010c        0xc ../apps/bees/src/ops/op_add.o
 .data.op_enc_in_func
                0x00000118       0x14 ../apps/bees/src/ops/op_enc.o
 .data.op_gate_in_func
                0x0000012c        0xc ../apps/bees/src/ops/op_gate.o
 .data.op_mul_in_func
                0x00000138        0xc ../apps/bees/src/ops/op_mul.o
 .data.op_sw_in_func
                0x00000144        0xc ../apps/bees/src/ops/op_sw.o
 .data.__malloc_av_
                0x00000150      0x408 /home/emb/avr32-gnu-toolchain/bin/../lib/gcc/avr32/4.4.3/../../../../avr32/lib/ucr2/libc.a(lib_a-mallocr.o)
                0x00000150                __malloc_av_
 .data.__malloc_trim_threshold
                0x00000558        0x4 /home/emb/avr32-gnu-toolchain/bin/../lib/gcc/avr32/4.4.3/../../../../avr32/lib/ucr2/libc.a(lib_a-mallocr.o)
                0x00000558                __malloc_trim_threshold
 .data.__malloc_sbrk_base
                0x0000055c        0x4 /home/emb/avr32-gnu-toolchain/bin/../lib/gcc/avr32/4.4.3/../../../../avr32/lib/ucr2/libc.a(lib_a-mallocr.o)
                0x0000055c                __malloc_sbrk_base
 .data.impure_data
                0x00000560       0xf0 /home/emb/avr32-gnu-toolchain/bin/../lib/gcc/avr32/4.4.3/../../../../avr32/lib/ucr2/libc.a(lib_a-impure.o)
 .data._impure_ptr
                0x00000650        0x4 /home/emb/avr32-gnu-toolchain/bin/../lib/gcc/avr32/4.4.3/../../../../avr32/lib/ucr2/libc.a(lib_a-impure.o)
                0x00000650                _impure_ptr
 *(.gnu.linkonce.d.*personality*)

.data1
 *(.data1)

.balign         0x00000654        0x4 load address 0x800239f4
                0x00000658                . = ALIGN (0x8)
 *fill*         0x00000654        0x4 00
                0x00000658                PROVIDE (_edata, .)
                0x00000658                PROVIDE (edata, .)
                0x00000658                __bss_start = .

.bss            0x00000658     0xca80
 *(.dynbss)
 *(.bss .bss.* .gnu.linkonce.b.*)
 .bss.smc_tab_cs_size
                0x00000658        0x8 avr32/drivers/ebi/smc/smc.o
 .bss.flashc_error_status
                0x00000660        0x4 avr32/drivers/flashc/flashc.o
 .bss._int_line_handler_table_6
                0x00000664        0x4 avr32/drivers/intc/intc.o
 .bss._int_line_handler_table_7
                0x00000668        0x4 avr32/drivers/intc/intc.o
 .bss._int_line_handler_table_8
                0x0000066c        0x4 avr32/drivers/intc/intc.o
 .bss._int_line_handler_table_9
                0x00000670        0x4 avr32/drivers/intc/intc.o
 .bss._int_line_handler_table_10
                0x00000674        0x4 avr32/drivers/intc/intc.o
 .bss._int_line_handler_table_11
                0x00000678        0x4 avr32/drivers/intc/intc.o
 .bss._int_line_handler_table_12
                0x0000067c        0x4 avr32/drivers/intc/intc.o
 .bss._int_line_handler_table_13
                0x00000680        0x4 avr32/drivers/intc/intc.o
 .bss._int_line_handler_table_14
                0x00000684        0xc avr32/drivers/intc/intc.o
 .bss._int_line_handler_table_15
                0x00000690        0x4 avr32/drivers/intc/intc.o
 .bss._int_line_handler_table_16
                0x00000694        0x4 avr32/drivers/intc/intc.o
 .bss._int_line_handler_table_17
                0x00000698        0x4 avr32/drivers/intc/intc.o
 .bss._int_line_handler_table_18
                0x0000069c        0x4 avr32/drivers/intc/intc.o
 .bss._int_line_handler_table_19
                0x000006a0        0x4 avr32/drivers/intc/intc.o
 .bss._int_line_handler_table_0
                0x000006a4        0x4 avr32/drivers/intc/intc.o
 .bss._int_line_handler_table_1
                0x000006a8       0x2c avr32/drivers/intc/intc.o
 .bss._int_line_handler_table_2
                0x000006d4       0x38 avr32/drivers/intc/intc.o
 .bss._int_line_handler_table_3
                0x0000070c       0x3c avr32/drivers/intc/intc.o
 .bss._int_line_handler_table_4
                0x00000748        0x4 avr32/drivers/intc/intc.o
 .bss._int_line_handler_table_5
                0x0000074c        0x4 avr32/drivers/intc/intc.o
 .bss.gl_ptr_mem
                0x00000750        0x4 avr32/components/memory/sd_mmc/sd_mmc_spi/sd_mmc_spi.o
 .bss.sd_mmc_opt
                0x00000754       0x10 avr32/components/memory/sd_mmc/sd_mmc_spi/sd_mmc_spi.o
 .bss.sd_mmc_pba_hz
                0x00000764        0x4 avr32/components/memory/sd_mmc/sd_mmc_spi/sd_mmc_spi.o
 .bss.sd_mmc_spi_init_done
                0x00000768        0x1 avr32/components/memory/sd_mmc/sd_mmc_spi/sd_mmc_spi.o
                0x00000768                sd_mmc_spi_init_done
 .bss.otg_initialized
                0x00000769        0x1 avr32/drivers/usbb/usbb_host.o
 *fill*         0x0000076a        0x2 00
 .bss.uhd_reset_callback
                0x0000076c        0x4 avr32/drivers/usbb/usbb_host.o
 .bss.uhd_pipe_job
                0x00000770       0x78 avr32/drivers/usbb/usbb_host.o
 .bss.uhd_suspend_start
                0x000007e8        0x1 avr32/drivers/usbb/usbb_host.o
 .bss.uhd_pipes_unfreeze
                0x000007e9        0x1 avr32/drivers/usbb/usbb_host.o
 .bss.uhd_resume_start
                0x000007ea        0x1 avr32/drivers/usbb/usbb_host.o
 .bss.uhd_b_suspend_requested
                0x000007eb        0x1 avr32/drivers/usbb/usbb_host.o
 .bss.sysclk_pbb_refcount
                0x000007ec        0x1 common/services/clock/uc3a0_a1/sysclk.o
 *fill*         0x000007ed        0x3 00
 .bss.g_uhc_device_root
                0x000007f0       0x1c common/services/usb/uhc/uhc.o
 .bss.uhc_enum_try
                0x0000080c        0x1 common/services/usb/uhc/uhc.o
 *fill*         0x0000080d        0x3 00
 .bss.uhc_sof_timeout_callback
                0x00000810        0x4 common/services/usb/uhc/uhc.o
 .bss.adcVal.11232
                0x00000814        0x8 ../src/adc.o
 .bss.adcOldVal.11233
                0x0000081c        0x8 ../src/adc.o
 .bss.e.11234   0x00000824        0x8 ../src/adc.o
 .bss.i         0x0000082c        0x1 ../src/app_timers.o
 *fill*         0x0000082d        0x3 00
 .bss.adcTimer  0x00000830       0x14 ../src/app_timers.o
 .bss.screenTimer
                0x00000844       0x14 ../src/app_timers.o
 .bss.encTimer  0x00000858       0x14 ../src/app_timers.o
 .bss.e         0x0000086c        0x8 ../src/app_timers.o
 .bss.val.11066
                0x00000874        0x2 ../src/app_timers.o
 .bss.pval.12988
                0x00000876        0x4 ../src/bfin.o
 *fill*         0x0000087a        0x2 00
 .bss.putIdx    0x0000087c        0x4 ../src/events.o
 .bss.getIdx    0x00000880        0x4 ../src/events.o
 .bss.sysEvents
                0x00000884      0x100 ../src/events.o
 .bss.sceneList
                0x00000984      0x80c ../src/files.o
 .bss.dspList   0x00001190      0x80c ../src/files.o
 .bss.bfinLdrSize
                0x0000199c        0x4 ../src/flash.o
                0x0000199c                bfinLdrSize
 .bss.refresh   0x000019a0        0x1 ../src/interrupts.o
                0x000019a0                refresh
 .bss.tcOverflow
                0x000019a1        0x1 ../src/interrupts.o
                0x000019a1                tcOverflow
 *fill*         0x000019a2        0x2 00
 .bss.tcTicks   0x000019a4        0x8 ../src/interrupts.o
                0x000019a4                tcTicks
 .bss.pHeapStart
                0x000019ac        0x4 ../src/memory.o
 .bss.heapOffset
                0x000019b0        0x4 ../src/memory.o
 .bss.heapSize  0x000019b4        0x4 ../src/memory.o
 .bss.pHeapEnd  0x000019b8        0x4 ../src/memory.o
 .bss.i         0x000019bc        0x1 ../src/screen.o
 .bss.j         0x000019bd        0x1 ../src/screen.o
 .bss.i.12095   0x000019be        0x1 ../src/screen.o
 .bss.y         0x000019bf        0x1 ../src/screen.o
 .bss.pos       0x000019c0        0x4 ../src/screen.o
 .bss.g.12247   0x000019c4        0x4 ../src/screen.o
 .bss.xnum.12246
                0x000019c8        0x1 ../src/screen.o
 *fill*         0x000019c9        0x3 00
 .bss.screen    0x000019cc     0x1000 ../src/screen.o
 .bss.e.10623   0x000029cc        0x8 ../src/switches.o
 .bss.timers    0x000029d4       0x20 ../src/timers.o
 .bss.e.13637   0x000029f4        0x8 ../src/main.o
 .bss.mode      0x000029fc        0x1 ../src/main.o
 *fill*         0x000029fd        0x3 00
 .bss.uhi_hid_mouse_dev
                0x00002a00       0x10 ../src/usb/mouse/uhi_hid_mouse.o
 .bss.uhi_hid_gamepad_dev
                0x00002a10        0xc ../src/usb/gamepad/uhi_hid_gamepad.o
 .bss._open_file_list
                0x00002a1c        0x8 ../src/fat_io_lib/fat_filelib.o
 .bss._filelib_valid
                0x00002a24        0x4 ../src/fat_io_lib/fat_filelib.o
 .bss._fs       0x00002a28      0x468 ../src/fat_io_lib/fat_filelib.o
 .bss._files    0x00002e90      0x888 ../src/fat_io_lib/fat_filelib.o
 .bss._filelib_init
                0x00003718        0x4 ../src/fat_io_lib/fat_filelib.o
 .bss._free_file_list
                0x0000371c        0x8 ../src/fat_io_lib/fat_filelib.o
 .bss.p.10522   0x00003724        0x4 ../../common/fix.o
 .bss.u         0x00003728        0x4 ../../common/fix.o
 .bss.p.10486   0x0000372c        0x4 ../../common/fix.o
 .bss.a         0x00003730        0x4 ../../common/fix.o
 .bss.p.10605   0x00003734        0x4 ../../common/fix.o
 .bss.p.10557   0x00003738        0x4 ../../common/fix.o
 .bss.sign      0x0000373c        0x4 ../../common/fix.o
 .bss.target.11164
                0x00003740        0x4 ../apps/bees/src/key_handler.o
 .bss.selectedLabelChar
                0x00003744        0x1 ../apps/bees/src/key_handler.o
 .bss.savedPageIdx
                0x00003745        0x1 ../apps/bees/src/menu.o
 .bss.pageIdx   0x00003746        0x1 ../apps/bees/src/menu.o
                0x00003746                pageIdx
 *fill*         0x00003747        0x1 00
 .bss.str.10985
                0x00003748       0x10 ../apps/bees/src/op.o
 .bss.str.11004
                0x00003758       0x10 ../apps/bees/src/op.o
 .bss.scrollIdx
                0x00003768        0x2 ../apps/bees/src/play.o
 .bss.getIdx.11063
                0x0000376a        0x2 ../apps/bees/src/play.o
 .bss.scrollBuf
                0x0000376c      0x15e ../apps/bees/src/play.o
 *fill*         0x000038ca        0x2 00
 .bss.lineBuf   0x000038cc       0x34 ../apps/bees/src/redraw.o
 .bss.__malloc_max_total_mem
                0x00003900        0x4 /home/emb/avr32-gnu-toolchain/bin/../lib/gcc/avr32/4.4.3/../../../../avr32/lib/ucr2/libc.a(lib_a-mallocr.o)
                0x00003900                __malloc_max_total_mem
 .bss.__malloc_max_sbrked_mem
                0x00003904        0x4 /home/emb/avr32-gnu-toolchain/bin/../lib/gcc/avr32/4.4.3/../../../../avr32/lib/ucr2/libc.a(lib_a-mallocr.o)
                0x00003904                __malloc_max_sbrked_mem
 .bss.__malloc_top_pad
                0x00003908        0x4 /home/emb/avr32-gnu-toolchain/bin/../lib/gcc/avr32/4.4.3/../../../../avr32/lib/ucr2/libc.a(lib_a-mallocr.o)
                0x00003908                __malloc_top_pad
 .bss.__malloc_current_mallinfo
                0x0000390c       0x28 /home/emb/avr32-gnu-toolchain/bin/../lib/gcc/avr32/4.4.3/../../../../avr32/lib/ucr2/libc.a(lib_a-mallocr.o)
                0x0000390c                __malloc_current_mallinfo
 .bss.cur_heap_pos.1869
                0x00003934        0x4 /home/emb/avr32-gnu-toolchain/bin/../lib/gcc/avr32/4.4.3/../../../../avr32/lib/ucr2/libc.a(lib_a-syscalls.o)
 *(COMMON)
 COMMON         0x00003938      0x229 avr32/components/memory/sd_mmc/sd_mmc_spi/sd_mmc_spi.o
                0x00003938                data_mem